04-22 19:23:34.660  5627  5627 I HoneySpace.WindowBounds: sourceContext: android.view.ContextThemeWrapper@5f57619
04-22 19:23:34.660  5627  5627 I HoneySpace.WindowBounds: sourceConfig: {0.8 230mcc2mnc [en_US] ldltr sw411dp w411dp h882dp 560dpi nrml long port night finger -keyb/v/h -nav/h winConfig={ mBounds=Rect(0, 0 - 1440, 3088) mAppBounds=Rect(0, 0 - 1440, 3088) mMaxBounds=Rect(0, 0 - 1440, 3088) mDisplayRotation=ROTATION_0 mWindowingMode=fullscreen mActivityType=home mAlwaysOnTop=undefined mRotation=ROTATION_0 mStageConfig=undefined mEmbedActivityMode=undefined mPopOver=off mOverlappingWithCutout=false} s.12 fontWeightAdjustment=0 ff=0 bf=-1 bts=0 cst=1.0 nightDim=0 themeSeq=0}
04-22 19:23:34.660  5627  5627 I HoneySpace.WindowBounds: updateNavigationMode? SIDE_BOTTOM_GESTURE
04-22 19:23:34.660  5627  5627 I HoneySpace.WindowBounds: immersiveNavigation? false
04-22 19:23:34.660  5627  5627 I HoneySpace.WindowBounds: setInsetAndCutout, Bounds=Rect(0, 0 - 1440, 3088), AppBounds=Rect(0, 0 - 1440, 3088)
04-22 19:23:34.660  3338  4404 D BackgroundInstallControlService: Package event received: 0
04-22 19:23:34.661  5627  5627 I HoneySpace.WindowBounds: update window bounds, name = android.view.ContextThemeWrapper, context = android.view.ContextThemeWrapper, call from {com.honeyspace.ui.honeypots.homescreen.droptargetbar.CancelDropTargetBar.onFinishInflate(Unknown Source:16)}
04-22 19:23:34.661  5627  5627 I HoneySpace.WindowBounds: WindowBounds width=1440 height=3088, bounds=Rect(0, 0 - 1440, 3088), insets=Insets{left=0, top=100, right=0, bottom=53}, systemInsets=Insets{left=0, top=100, right=0, bottom=53}, cutout=Rect(0, 100 - 0, 0), gestureActionInsets=Insets{left=105, top=142, right=105, bottom=112}, insetsIgnoreCutout=Insets{left=0, top=100, right=0, bottom=53}, baseScreenSize=Point(1440, 3035)screenSizeIncludeCutout: Point(1440, 3035)
04-22 19:23:34.661  5627  5627 I HoneySpace.SystemUIControlUtils: updateSystemUI, show: false, type: statusBars navigationBars, forLauncher: false
04-22 19:23:34.661  5627  5627 I HoneySpace.WorkspaceCellLayout: clearReorderJob
04-22 19:23:34.662  3338  7552 W InputManager-JNI: Attempted to change the pointer icon for deviceId 0 on display 0 from input token 0xb400007a069dae70, but the pointer is not in the window.
04-22 19:23:34.662  3338  6801 W InputManager-JNI: Attempted to change the pointer icon for deviceId 0 on display 0 from input token 0xb400007a069dae70, but the pointer is not in the window.
04-22 19:23:34.662  3338  7552 D WindowManager: Drag from old candidate view @ android.os.BinderProxy@c78a793
04-22 19:23:34.662  3338  6801 D WindowManager: Drag into new candidate view @ android.os.BinderProxy@c78a793
04-22 19:23:34.662 24891 24891 D AppWidgetProvider: onReceive:android.appwidget.action.APPWIDGET_UPDATE
04-22 19:23:34.664  3338  3606 I AppWidgetServiceImpl: handleSaveMessage 0
04-22 19:23:34.668  3338  3583 D WindowManager: sending DRAG_LOCATION to Window{2104674 u0 ShellDropTarget}
04-22 19:23:34.670 24891 24891 I AppWidgetManager: updateAppWidget() appWidgetIds = [70]
--
04-22 19:23:34.804  5627  5627 I HoneySpace.WorkspaceViewModel: createWidgetItem, Widget(id=297662, appWidgetId=70, component=com.healthtrackerapp/.widgets.providers.RoutineWidgetProvider, width=4, height=4, pageId=18, posX=0, posY=0, user=UserHandle{0}, restored=0, spannableStyle=SpannableStyle(size=100x100, drawablePadding=0, position=Point(0, 0), innerPadding=Point(0, 0), labelVisibility=0, appliedScale=1.0, labelStyle=LabelStyle(hideLabel=false, orientation=0, maxLine=1, textColor=-1, textSize=11.0, shadowRadius=0.0, shadowDx=0.0, shadowDy=0.0, shadowColor=0, applyThemeLabel=false, originalTextSize=11.0)))
04-22 19:23:34.805  5627  5627 I HoneySpace.WidgetItemBinder: bindWidget() item= com.healthtrackerapp/.widgets.providers.RoutineWidgetProvider , id=297662, 18
04-22 19:23:34.805  5627  5627 I HoneySpace.WidgetItemBinder: addWidget immediate=true item=Widget(id=297662, appWidgetId=70, component=com.healthtrackerapp/.widgets.providers.RoutineWidgetProvider, width=4, height=4, pageId=18, posX=0, posY=0, user=UserHandle{0}, restored=0, spannableStyle=SpannableStyle(size=100x100, drawablePadding=0, position=Point(0, 0), innerPadding=Point(0, 0), labelVisibility=0, appliedScale=1.0, labelStyle=LabelStyle(hideLabel=false, orientation=0, maxLine=1, textColor=-1, textSize=11.0, shadowRadius=0.0, shadowDx=0.0, shadowDy=0.0, shadowColor=0, applyThemeLabel=false, originalTextSize=11.0)))
04-22 19:23:34.805  5627  5627 I HoneySpace.WidgetItemBinder: addWidget launched. id: 70
04-22 19:23:34.805  3338  7552 I AppWidgetServiceImpl: getAppWidgetInfo() 70, from 0
04-22 19:23:34.806  5627  5627 I HoneySpace.HoneyAppWidgetProviderInfo: provider : ComponentInfo{com.healthtrackerapp/com.healthtrackerapp.widgets.providers.RoutineWidgetProvider}, minSpanX : 4, minSpanY : 4, maxSpanX: 5, maxSpanY : 6, spanX : 4, spanY : 4, minResizePx : (875,980), maxResizePx : (0,0), targetGrid : Point(5, 6), isProviderChange : false
04-22 19:23:34.806  5627  5627 I HoneySpace.HoneyAppWidgetProviderInfo: provider : ComponentInfo{com.healthtrackerapp/com.healthtrackerapp.widgets.providers.RoutineWidgetProvider}, minSpanX : 4, minSpanY : 4, maxSpanX: 5, maxSpanY : 6, spanX : 4, spanY : 4, minResizePx : (875,980), maxResizePx : (0,0), targetGrid : Point(5, 6), isProviderChange : false
04-22 19:23:34.812  5627  5627 I HoneySpace.HoneyAppWidgetHostView: [updateAppWidget id=70] receive event - isAnimating: false, remoteViews: android.widget.RemoteViews@2c4f254, hostView: @5525da7
04-22 19:23:34.812  5627  5627 I HoneySpace.HoneyAppWidgetHostView: [updateAppWidget id=70] direct update - true
04-22 19:23:34.812  5627  5627 I HoneySpace.HoneyAppWidgetHostView: [updateAppWidget id=70] perform updateAppWidget - remoteViews: android.widget.RemoteViews@2c4f254, hostView: @5525da7
04-22 19:23:34.813  5627  5627 I HoneySpace.HoneyAppWidgetHost: create and bind widget - appWidgetId: 70, hostView: @5525da7, host: @71acc9e, hostId: 1024, isPreview: false
04-22 19:23:34.815  5627  5627 I HoneySpace.BlurBackgroundControllerImpl: addBackgroundView 70
04-22 19:23:34.815  5627  5627 I HoneySpace.BlurBackgroundControllerImpl: updateBackgroundStyle NONE 70 - isGlanceTemplate: false, backgroundEnabled: false, isPreview: false, otherPackageRemoteView: false
04-22 19:23:34.816  5627  5627 I HoneySpace.WhiteBgColorChanger: changeTextColor, isDarkColor = false, isThemeText = true, IconStyle = LabelStyle(hideLabel=true, orientation=0, maxLine=1, textColor=-1, textSize=0.0, shadowRadius=0.0, shadowDx=0.0, shadowDy=0.0, shadowColor=0, applyThemeLabel=true, originalTextSize=11.3)
04-22 19:23:34.816  5627  5627 I HoneySpace.WidgetHostViewContainer: update spannableStyle: 70 | SpannableStyle(size=1002x1402, drawablePadding=0, position=Point(31, 31), innerPadding=Point(11, 11), labelVisibility=4, appliedScale=1.0, labelStyle=LabelStyle(hideLabel=true, orientation=0, maxLine=1, textColor=-197380, textSize=0.0, shadowRadius=2.0, shadowDx=0.0, shadowDy=0.0, shadowColor=872415232, applyThemeLabel=true, originalTextSize=11.3))
04-22 19:23:34.817  5627  5627 I HoneySpace.WidgetSizeUtil: [updateWidgetOption - id: 70] printWidgetScaledSizes - displayPx: (1440, 3088), widgetSizePx: (1002, 1402), expandResultPx: (1202, 1682), expandRatio: 0.8333333, sizes: (343.42856x480.57144), configuration: {0.8 230mcc2mnc [en_US] ldltr sw411dp w411dp h882dp 560dpi nrml long port night finger -keyb/v/h -nav/h winConfig={ mBounds=Rect(0, 0 - 1440, 3088) mAppBounds=Rect(0, 0 - 1440, 3088) mMaxBounds=Rect(0, 0 - 1440, 3088) mDisplayRotation=ROTATION_0 mWindowingMode=fullscreen mActivityType=home mAlwaysOnTop=undefined mRotation=ROTATION_0 mStageConfig=undefined mEmbedActivityMode=undefined mPopOver=off mOverlappingWithCutout=false} s.12 fontWeightAdjustment=0 ff=0 bf=-1 bts=0 cst=1.0 nightDim=0 themeSeq=0}, hashCode: @6b5b00f
04-22 19:23:34.818  3338  6801 I AppWidgetServiceImpl: updateAppWidgetOptions callingPackage :com.sec.android.app.launcher, appWidgetId : 70, options = Bundle[mParcelledData.dataSize=1028]
04-22 19:23:34.818  3338  6801 I AppWidgetServiceImpl: updateAppWidgetOptions previous widget options : Bundle[{appWidgetCategory=1, hsMode=OneUI, semWidgetSize=32}]
04-22 19:23:34.819  3338  3606 I AppWidgetServiceImpl: handleSaveMessage 0
04-22 19:23:34.819  5627  5627 I HoneySpace.WidgetSizeUtil: [updateWidgetOption - id: 70] printWidgetSize : span: (4, 4), bounds: Rect(343, 480 - 343, 480), appWidgetSize: extralarge(32), density: 3.5, column: 5, row: 6
04-22 19:23:34.819  5627  5627 I HoneySpace.WorkspaceCellLayout: addItem [3] (0, 0) width=1330, height=2195, spanX=4, spanY=4, view=com.honeyspace.ui.common.widget.WidgetHostViewContainer{4501bb VFE...C.. ......I. 0,0-0,0} - null, appWidgetId=70, alpha=1.0, spanX=1, spanY=1, isStandardized: false, lastLabel: null, lastCornerRadius: null, lastBackgroundOpacity: 0, lastTransparent: true
04-22 19:23:34.820  5627  5627 I HoneySpace.WhiteBgColorChanger: changeTextColor, isDarkColor = false, isThemeText = true, IconStyle = LabelStyle(hideLabel=true, orientation=0, maxLine=1, textColor=-1, textSize=0.0, shadowRadius=0.0, shadowDx=0.0, shadowDy=0.0, shadowColor=0, applyThemeLabel=true, originalTextSize=11.3)
04-22 19:23:34.820  3338  3607 I ActivityManager: Changes in 10608 15 to 11, 0 to 128
04-22 19:23:34.820  5627  5627 I HoneySpace.WidgetHostViewContainer: setContainerExpandResult: 70 result: ExpandResult(width=1202, height=1682, ratio=0.8333333), freeGridScale: 1.0
04-22 19:23:34.820  5627  5627 I HoneySpace.BlurBackgroundControllerImpl: updateBackgroundMargin android.widget.FrameLayout$LayoutParams@58ae6d8 70
04-22 19:23:34.820  5627  5627 I HoneySpace.HoneyAppWidgetHostView: setWidgetExpandResult() ExpandResult(width=1202, height=1682, ratio=0.8333333) (widget id = 70)
04-22 19:23:34.820  3338  4404 D BackgroundInstallControlService: Package event received: 0
04-22 19:23:34.821  5627  5627 I HoneySpace.WorkspaceCellLayout: addItem [3] (0, 0)
04-22 19:23:34.821  5627  5627 I HoneySpace.WorkspaceCellLayout: startPendingWidgetDropAnimationIfNeeded - widgetId: 70
04-22 19:23:34.821 24891 24891 D AppWidgetProvider: onReceive:android.appwidget.action.APPWIDGET_UPDATE_OPTIONS
04-22 19:23:34.821  5627  5627 I HoneySpace.WhiteBgColorChanger: changeTextColor, isDarkColor = false, isThemeText = true, IconStyle = LabelStyle(hideLabel=true, orientation=0, maxLine=1, textColor=-1, textSize=0.0, shadowRadius=0.0, shadowDx=0.0, shadowDy=0.0, shadowColor=0, applyThemeLabel=true, originalTextSize=11.3)
04-22 19:23:34.821  5627  5627 I HoneySpace.WidgetHostViewContainer: setContainerExpandResult: 70 result: ExpandResult(width=1202, height=1682, ratio=0.8333333), freeGridScale: 1.0
04-22 19:23:34.821  5627  5627 I HoneySpace.BlurBackgroundControllerImpl: updateBackgroundMargin android.widget.FrameLayout$LayoutParams@776298f 70
04-22 19:23:34.821  5627  5627 I HoneySpace.HoneyAppWidgetHostView: setWidgetExpandResult() ExpandResult(width=1202, height=1682, ratio=0.8333333) (widget id = 70)
04-22 19:23:34.821  5627  5627 I HoneySpace.WidgetItemBinder: addWidget attached to cellLayout. id: 70, hashcode: @5525da7, host:@119196830
04-22 19:23:34.822  5627  5627 I HoneySpace.WorkspaceRepositoryImpl: insertWorkspaceItem() item = Widget(id=297662, appWidgetId=70, component=com.healthtrackerapp/.widgets.providers.RoutineWidgetProvider, width=4, height=4, pageId=18, posX=0, posY=0, user=UserHandle{0}, restored=0, spannableStyle=SpannableStyle(size=1002x1402, drawablePadding=0, position=Point(31, 31), innerPadding=Point(11, 11), labelVisibility=4, appliedScale=1.0, labelStyle=LabelStyle(hideLabel=true, orientation=0, maxLine=1, textColor=-197380, textSize=0.0, shadowRadius=2.0, shadowDx=0.0, shadowDy=0.0, shadowColor=872415232, applyThemeLabel=true, originalTextSize=11.3))) land - false position - port(0,0), land(-1,-1), span - port(4,4), land(4,4)
04-22 19:23:34.822  5627  5627 I HoneySpace.DataCache: insertItem : id=297662, title=null, type=WIDGET, containerType=ITEM_GROUP, containerId=18, x=0, y=0, rank=-1, spanX=4, spanY=4, scale=1.0, component=com.healthtrackerapp/.widgets.providers.RoutineWidgetProvider, profileId=0, intent=null, restored=0, hidden=UNHIDDEN, appWidgetId=70, options=0, refPackageName=null
04-22 19:23:34.822  3338  6801 I ActivityManager: Changes in 10608 11 to 15, 128 to 0
04-22 19:23:34.822  5627  5627 I HoneySpace.WorkspaceRepositoryImpl: insert workspace item id=297662, title=null, type=WIDGET, containerType=ITEM_GROUP, containerId=18, x=0, y=0, rank=-1, spanX=4, spanY=4, scale=1.0, component=com.healthtrackerapp/.widgets.providers.RoutineWidgetProvider, profileId=0, intent=null, restored=0, hidden=UNHIDDEN, appWidgetId=70, options=0, refPackageName=null
04-22 19:23:34.822  5627  5627 I HoneySpace.WorkspaceViewModel: updateOrInsertItem, true Widget(id=297662, appWidgetId=70, component=com.healthtrackerapp/.widgets.providers.RoutineWidgetProvider, width=4, height=4, pageId=18, posX=0, posY=0, user=UserHandle{0}, restored=0, spannableStyle=SpannableStyle(size=1002x1402, drawablePadding=0, position=Point(31, 31), innerPadding=Point(11, 11), labelVisibility=4, appliedScale=1.0, labelStyle=LabelStyle(hideLabel=true, orientation=0, maxLine=1, textColor=-197380, textSize=0.0, shadowRadius=2.0, shadowDx=0.0, shadowDy=0.0, shadowColor=872415232, applyThemeLabel=true, originalTextSize=11.3)))
04-22 19:23:34.822  5627  5627 I HoneySpace.WorkspaceViewModel: endReorder true
04-22 19:23:34.822  5627  5627 I VRI[LauncherActivity]@36906fe: Reporting drop result: true
04-22 19:23:34.823  3338  6801 D WindowManager: Drop result=true reported by android.os.BinderProxy@c78a793
04-22 19:23:34.823  3338  6801 D WindowManager: createReleaseAnimationLocked
04-22 19:23:34.823  5627  5627 I GWT:HostView: [launcher] HostView's size is changed, current size : 1202x1682, old size : 0x0 / preview : false / lastRemoteViews : android.widget.RemoteViews@2c4f254 / lastUpdatedsize : 0x0 / resize mode : true
04-22 19:23:34.823  5627  5627 I TraceUtils: widget onLayout 70
04-22 19:23:34.825  5627  5627 W AppWidgetHostView: Error inflating RemoteViews
04-22 19:23:34.825  5627  5627 W AppWidgetHostView: android.view.InflateException: Binary XML file line #33 in com.healthtrackerapp:layout/widget_routine: Binary XML file line #33 in com.healthtrackerapp:layout/widget_routine: Error inflating class android.view.View
04-22 19:23:34.825  5627  5627 W AppWidgetHostView: Caused by: android.view.InflateException: Binary XML file line #33 in com.healthtrackerapp:layout/widget_routine: Error inflating class android.view.View
04-22 19:23:34.825  5627  5627 W AppWidgetHostView: Caused by: android.view.InflateException: Binary XML file line #33 in com.healthtrackerapp:layout/widget_routine: Class not allowed to be inflated android.view.View
04-22 19:23:34.825  5627  5627 W AppWidgetHostView: 	at android.view.LayoutInflater.failNotAllowed(LayoutInflater.java:802)
04-22 19:23:34.825  5627  5627 W AppWidgetHostView: 	at android.view.LayoutInflater.createView(LayoutInflater.java:745)
04-22 19:23:34.825  5627  5627 W AppWidgetHostView: 	at android.view.LayoutInflater.createView(LayoutInflater.java:681)
04-22 19:23:34.825  5627  5627 W AppWidgetHostView: 	at android.view.LayoutInflater.onCreateView(LayoutInflater.java:818)
04-22 19:23:34.825  5627  5627 W AppWidgetHostView: 	at com.android.internal.policy.PhoneLayoutInflater.onCreateView(PhoneLayoutInflater.java:68)
04-22 19:23:34.825  5627  5627 W AppWidgetHostView: 	at android.view.LayoutInflater.onCreateView(LayoutInflater.java:835)
04-22 19:23:34.825  5627  5627 W AppWidgetHostView: 	at android.view.LayoutInflater.onCreateView(LayoutInflater.java:855)
04-22 19:23:34.825  5627  5627 W AppWidgetHostView: 	at android.view.LayoutInflater.createViewFromTag(LayoutInflater.java:909)
04-22 19:23:34.825  5627  5627 W AppWidgetHostView: 	at android.view.LayoutInflater.createViewFromTag(LayoutInflater.java:866)
04-22 19:23:34.825  5627  5627 W AppWidgetHostView: 	at android.view.LayoutInflater.rInflate(LayoutInflater.java:1028)
04-22 19:23:34.825  5627  5627 W AppWidgetHostView: 	at android.view.LayoutInflater.rInflateChildren(LayoutInflater.java:989)
04-22 19:23:34.825  5627  5627 W AppWidgetHostView: 	at android.view.LayoutInflater.rInflate(LayoutInflater.java:1031)
04-22 19:23:34.825  5627  5627 W AppWidgetHostView: 	at android.view.LayoutInflater.rInflateChildren(LayoutInflater.java:989)
04-22 19:23:34.825  5627  5627 W AppWidgetHostView: 	at android.view.LayoutInflater.inflate(LayoutInflater.java:577)
04-22 19:23:34.825  5627  5627 W AppWidgetHostView: 	at android.view.LayoutInflater.inflate(LayoutInflater.java:468)
04-22 19:23:34.825  5627  5627 W AppWidgetHostView: 	at android.widget.RemoteViews.inflateViewInternal(RemoteViews.java:9820)
04-22 19:23:34.825  5627  5627 W AppWidgetHostView: 	at android.widget.RemoteViews.inflateView(RemoteViews.java:9781)
04-22 19:23:34.825  5627  5627 W AppWidgetHostView: 	at android.widget.RemoteViews.-$$Nest$minflateView(Unknown Source:0)
04-22 19:23:34.825  5627  5627 W AppWidgetHostView: 	at android.widget.RemoteViews$AsyncApplyTask.doInBackground(RemoteViews.java:9965)
04-22 19:23:34.825  5627  5627 W AppWidgetHostView: 	at android.widget.RemoteViews$AsyncApplyTask.doInBackground(RemoteViews.java:9927)
04-22 19:23:34.825  5627  5627 W AppWidgetHostView: 	at android.os.AsyncTask$3.call(AsyncTask.java:394)
04-22 19:23:34.825  5627  5627 W AppWidgetHostView: 	at java.util.concurrent.FutureTask.run(FutureTask.java:317)
04-22 19:23:34.825  5627  5627 W AppWidgetHostView: 	at java.util.concurrent.ThreadPoolExecutor.runWorker(ThreadPoolExecutor.java:1154)
04-22 19:23:34.825  5627  5627 W AppWidgetHostView: 	at java.util.concurrent.ThreadPoolExecutor$Worker.run(ThreadPoolExecutor.java:652)
04-22 19:23:34.825  5627  5627 W AppWidgetHostView: 	at java.lang.Thread.run(Thread.java:1564)
04-22 19:23:34.825  5627  5627 I HoneySpace.HoneyAppWidgetHostView: prepareView appWidgetId : 70
04-22 19:23:34.826  5627  5627 I HoneySpace.WidgetHostViewContainer: Request to change label. appWidgetId: 70, label: HealthTrackerApp
04-22 19:23:34.830  5627  5627 I TraceUtils: widget onLayout 70
04-22 19:23:34.904  2194  2234 E HeatmapThread: ECT Thread time in milliseconds: 1776878614
04-22 19:23:34.907  2194  2234 D HeatmapThread: !@ batteryplugType : 2
--
04-22 19:23:35.183  5627  5627 I HoneySpace.WorkspaceCellLayout: ACTION_DRAG_ENDED, dragInfo=[PendingItem(id=-1, isShortcut=false, componentName=ComponentInfo{com.healthtrackerapp/com.healthtrackerapp.widgets.providers.RoutineWidgetProvider}, spanX=4, spanY=4, user=UserHandle{0}, cellX=-1, cellY=-1, pageId=-1, rank=-1, widgetId=70, intent=Intent {  }, activityInfo=null, folderTargetView=null, widgetFromAddItemActivity=false), null, null, -1], DragType(fromState=com.honeyspace.sdk.HomeScreen$WidgetList@f23763c, fromHoney=WIDGETLIST, fromElse=null, fromId=-1, dragTriggerType=OTHER)
04-22 19:23:35.183  3338  3583 E WindowManager: Unexpectedly destroying mSurfaceControl while animation is running
04-22 19:23:35.183  5627  5627 I HoneySpace.WorkspaceCellLayout: clearReorderJob
04-22 19:23:35.184  3338  3583 D WindowManager: [TWODND] onDragStateClosedLocked
04-22 19:23:35.184  5627  5627 I HoneySpace.WorkspaceCellLayout: ACTION_DRAG_ENDED, dragInfo=[PendingItem(id=-1, isShortcut=false, componentName=ComponentInfo{com.healthtrackerapp/com.healthtrackerapp.widgets.providers.RoutineWidgetProvider}, spanX=4, spanY=4, user=UserHandle{0}, cellX=-1, cellY=-1, pageId=-1, rank=-1, widgetId=70, intent=Intent {  }, activityInfo=null, folderTargetView=null, widgetFromAddItemActivity=false), null, null, -1], DragType(fromState=com.honeyspace.sdk.HomeScreen$WidgetList@f23763c, fromHoney=WIDGETLIST, fromElse=null, fromId=-1, dragTriggerType=OTHER)
04-22 19:23:35.184  5627  5627 I HoneySpace.WorkspaceCellLayout: fadeOutInvalidSpaceAnimation
04-22 19:23:35.184  3338  3583 D WindowManager: Drag ending; tearing down input channel
04-22 19:23:35.184  5627  5627 I HoneySpace.WorkspaceCellLayout: clearReorderJob
04-22 19:23:35.184  3338  3583 D InputTransport: Input channel destroyed: 'drag', fd=1340
04-22 19:23:35.184  3338  3583 D InputTransport: Input channel destroyed: 'drag', fd=1347
04-22 19:23:35.184  5627  5627 I HoneySpace.WorkspaceCellLayout: ACTION_DRAG_ENDED, dragInfo=[PendingItem(id=-1, isShortcut=false, componentName=ComponentInfo{com.healthtrackerapp/com.healthtrackerapp.widgets.providers.RoutineWidgetProvider}, spanX=4, spanY=4, user=UserHandle{0}, cellX=-1, cellY=-1, pageId=-1, rank=-1, widgetId=70, intent=Intent {  }, activityInfo=null, folderTargetView=null, widgetFromAddItemActivity=false), null, null, -1], DragType(fromState=com.honeyspace.sdk.HomeScreen$WidgetList@f23763c, fromHoney=WIDGETLIST, fromElse=null, fromId=-1, dragTriggerType=OTHER)
04-22 19:23:35.184  3338  3583 V WindowManager: Computed rotation=ROTATION_0 (0) for display id=0 based on lastOrientation=SCREEN_ORIENTATION_NOSENSOR (5) and oldRotation=ROTATION_0 (0), caller=com.android.server.wm.DisplayRotation.updateRotationAndSendNewConfigIfChanged:2 com.android.server.wm.DragState$$ExternalSyntheticLambda8.accept:21 com.android.server.wm.RootWindowContainer.forAllDisplays:19 com.android.server.wm.DragState$InputInterceptor.tearDown:62 com.android.server.wm.DragDropController$DragHandler.handleMessage:202 android.os.Handler.dispatchMessage:110 
04-22 19:23:35.184  5627  5627 I HoneySpace.WorkspaceCellLayout: fadeOutInvalidSpaceAnimation
04-22 19:23:35.185  5627  5627 I HoneySpace.WorkspaceCellLayout: clearReorderJob
04-22 19:23:35.185  5627  5627 I HoneySpace.WorkspaceCellLayout: ACTION_DRAG_ENDED, dragInfo=[PendingItem(id=-1, isShortcut=false, componentName=ComponentInfo{com.healthtrackerapp/com.healthtrackerapp.widgets.providers.RoutineWidgetProvider}, spanX=4, spanY=4, user=UserHandle{0}, cellX=-1, cellY=-1, pageId=-1, rank=-1, widgetId=70, intent=Intent {  }, activityInfo=null, folderTargetView=null, widgetFromAddItemActivity=false), null, null, -1], DragType(fromState=com.honeyspace.sdk.HomeScreen$WidgetList@f23763c, fromHoney=WIDGETLIST, fromElse=null, fromId=-1, dragTriggerType=OTHER)
04-22 19:23:35.185  5627  5627 I HoneySpace.WorkspaceCellLayout: fadeOutInvalidSpaceAnimation
04-22 19:23:35.185  5627  5627 I HoneySpace.WorkspaceCellLayout: clearReorderJob
04-22 19:23:35.186  5627  5627 I HoneySpace.WorkspaceCellLayout: ACTION_DRAG_ENDED, dragInfo=[PendingItem(id=-1, isShortcut=false, componentName=ComponentInfo{com.healthtrackerapp/com.healthtrackerapp.widgets.providers.RoutineWidgetProvider}, spanX=4, spanY=4, user=UserHandle{0}, cellX=-1, cellY=-1, pageId=-1, rank=-1, widgetId=70, intent=Intent {  }, activityInfo=null, folderTargetView=null, widgetFromAddItemActivity=false), null, null, -1], DragType(fromState=com.honeyspace.sdk.HomeScreen$WidgetList@f23763c, fromHoney=WIDGETLIST, fromElse=null, fromId=-1, dragTriggerType=OTHER)
04-22 19:23:35.186  5627  5627 I HoneySpace.WorkspaceCellLayout: fadeOutInvalidSpaceAnimation
04-22 19:23:35.186  5627  5627 I HoneySpace.WorkspaceCellLayout: clearReorderJob
04-22 19:23:35.186  5627  5627 I HoneySpace.WorkspaceFastRecyclerView: ACTION_DRAG_ENDED true
04-22 19:23:35.187  5627  5627 I HoneySpace.ClipDataHelper: clearDragInfo
04-22 19:23:35.187  5627  5627 I HoneySpace.HomescreenPot: IsShowDropTargetBar false
04-22 19:23:35.187  5627  5627 I HoneySpace.WorkspaceViewModel: endDrag existDroppedItems isNotEmpty=false
04-22 19:23:35.187  5627  5627 I HoneySpace.WorkspaceFastRecyclerViewAdapter: removePage - 4
04-22 19:23:35.187  3338  6447 D MotionRecognitionService: inject vibrator info = 0.0
04-22 19:23:35.187  5627  5627 I HoneySpace.WorkspacePageIndicatorViewModel: updatePageCount 4
04-22 19:23:35.187  2077  2077 I sensors-hal: inject_sensor_data:433, handle:11, type:33 not supported
04-22 19:23:35.187  5627  5627 I HoneySpace.WorkspacePot: Is minusone page & Is plus page false
04-22 19:23:35.188  5627  5627 I HoneySpace.WorkspacePageIndicatorViewModel: startDefaultPageAlphaAnimation, forSync? false, rank = 3, to = 0.0
04-22 19:23:35.188  5627  5627 I HoneySpace.WorkspaceFastRecyclerView: removeExtraEmptyPage getNextPage() =3, pageCount =4, pageId=-1
04-22 19:23:35.188  2208  2208 I SurfaceFlinger: [LayerHierarchy{RequestedLayerState{drag surface#18491} 1 children}] reparent to OffscreenRoot
04-22 19:23:35.188  2077  2077 I sensors-hal: inject_sensor_data:433, handle:11, type:33 not supported
04-22 19:23:35.188  5627  5627 I HoneySpace.HomescreenPot: ACTION_DRAG_ENDED
04-22 19:23:35.188  2208  2208 I SurfaceFlinger: [LayerHierarchy{RequestedLayerState{drag surface#18491} 1 children}] RelativeParent to null
04-22 19:23:35.188  2208  2208 I SurfaceFlinger: [LayerHierarchy{RequestedLayerState{Drag and Drop Input Consumer#18493 z=2147483647} no children}] reparent to OffscreenRoot
04-22 19:23:35.188  2208  2208 I SurfaceFlinger: [LayerHierarchy{RequestedLayerState{Drag and Drop Input Consumer#18493 z=2147483647} no children}] RelativeParent to null
04-22 19:23:35.188  2077  2077 I sensors-hal: inject_sensor_data:433, handle:11, type:33 not supported
04-22 19:23:35.189  2208  2208 I SurfaceFlinger: id=18493 Removed Drag and Drop Input Consumer#18493 (297)
04-22 19:23:35.189  2208  4035 I SurfaceFlinger: id=18492 Removed [BBQ] drag surface#18491#18492 (297)
04-22 19:23:35.189  5627  5627 I HoneySpace.PageIndicatorView: change plusPage : (false, false), com.honeyspace.ui.common.pageindicator.PageIndicatorView{8a50af7 V.E...... ........ 0,2535-1440,2659 #7f0a07a9 app:id/workspace_page_indicator}
04-22 19:23:35.189  5627  5627 I HoneySpace.PageIndicatorView: change pageCount : 4, com.honeyspace.ui.common.pageindicator.PageIndicatorView{8a50af7 V.E...... ........ 0,2535-1440,2659 #7f0a07a9 app:id/workspace_page_indicator}
04-22 19:23:35.189  5627  5627 I HoneySpace.PageIndicatorView: setMarkersCount : 4, isAnimated : true, existMinusOnePage : false existPlusPage : false
04-22 19:23:35.190  5627  5627 I HoneySpace.PageIndicatorView: needFakeZeroPageMarker state : 12, minusOnePageEnable : true, existMinusOnePage : false
04-22 19:23:35.190  5627  5627 I HoneySpace.PageIndicatorView: add minusOnePageMarker
04-22 19:23:35.190  5627  5627 I HoneySpace.PageIndicatorMarker: changeColorForBg state : 12, darkFont : false
04-22 19:23:35.190  5627  5627 I HoneySpace.PageIndicatorMarker: changeColorForBg state : 12, darkFont : false
04-22 19:23:35.190  5627  5627 I HoneySpace.PageIndicatorMarker: changeColorForBg state : 12, darkFont : false
