04-22 19:19:45.751  5627 23372 I HoneySpace.IconCache: add icon DB: [com.healthtrackerapp/.MainActivity#UserHandle{0}] - IconAndLabel(icon=android.graphics.Bitmap@b62419b, label=HealthTrackerApp) | false | 640 | false |true | -14510710
04-22 19:19:45.752  5627 19039 I HoneySpace.PackageSourceImpl: package changed info list size : 1
04-22 19:19:45.753  5627 14012 I HoneySpace.HoneySpacePackageSourceImpl: Package changed : com.healthtrackerapp
04-22 19:19:45.753  5627 14012 I SearchableManager: invalidate: com.healthtrackerapp
04-22 19:19:45.753  5627  5627 I HoneySpace.DataCache: insertItem : id=297651, title=HealthTrackerApp, type=APP, containerType=ITEM_GROUP, containerId=-1, x=-1, y=-1, rank=-1, spanX=-1, spanY=-1, scale=1.0, component=com.healthtrackerapp/.MainActivity, profileId=0, intent=null, restored=0, hidden=UNHIDDEN, appWidgetId=-1, options=0, refPackageName=null
04-22 19:19:45.753  5627 14015 I HoneySpace.HistoryViewModel@23256053@OneUI: handlePackageEvent
04-22 19:19:45.753  5627 14015 I HoneySpace.HistoryViewModel@23256053@OneUI: skip for alone
--
04-22 19:19:46.099  5627 23374 I HoneySpace.PackageSourceImpl: addWidgetToList make key:com.healthtrackerapp/.#UserHandle{0}  info:AppWidgetProviderInfo(UserHandle{0}/ComponentInfo{com.healthtrackerapp/com.healthtrackerapp.widgets.providers.RoutineWidgetProvider})
04-22 19:19:46.099  5627 23374 I HoneySpace.PackageSourceImpl: addWidgetToList add key:com.healthtrackerapp/.#UserHandle{0}  info:AppWidgetProviderInfo(UserHandle{0}/ComponentInfo{com.healthtrackerapp/com.healthtrackerapp.widgets.providers.AsNeededWidgetProvider})
04-22 19:19:46.099  5627 23374 I HoneySpace.PackageSourceImpl: addWidgetToList add key:com.healthtrackerapp/.#UserHandle{0}  info:AppWidgetProviderInfo(UserHandle{0}/ComponentInfo{com.healthtrackerapp/com.healthtrackerapp.widgets.providers.AppointmentWidgetProvider})
04-22 19:19:46.099  5627 23374 I HoneySpace.IconCache: remove icon cache & DB : com.healthtrackerapp UserHandle{0}
04-22 19:19:46.099  5627 23374 I HoneySpace.IconCache: removeSpecificIconDb: com.healthtrackerapp UserHandle{0}
04-22 19:19:46.103  5627 23374 I AppIconSolution: getThemeIconWithBG called with public API, pkg = com.healthtrackerapp, mode = 48
04-22 19:19:46.103  5627 23374 I Kumiho-Kumiho: getPackageName: com.sec.android.app.launcher
04-22 19:19:46.103  5627 23374 I AppIconSolution: start to load, pkg=com.healthtrackerapp, bg=192-192, dr=192-192, forDefault=true, density=640
04-22 19:19:46.104  5627 23374 I AppIconSolution: getIconScale, pkg=com.healthtrackerapp, size=192, iconScale=IconScale[alpha=19, scale=1.0, isCrop=true]
04-22 19:19:46.104  5627 23374 I Kumiho-Kumiho: getPackageName: com.sec.android.app.launcher
04-22 19:19:46.104  5627 23374 I Kumiho-Kumiho: getPackageName: com.sec.android.app.launcher
04-22 19:19:46.105  5627 23374 I AppIconSolution: default container[CROP], pkg=com.healthtrackerapp, bg=154-154, dr=192-192, isNight = true
04-22 19:19:46.105  5627 23374 I LauncherActivityInfo: packageName: com.healthtrackerapp, useThemeIcon: false, height: 154, width: 154, density: 640
04-22 19:19:46.107  5627 23374 I HoneySpace.PackageSourceImpl: package changed info list size : 1
04-22 19:19:46.107  5627  5627 I HoneySpace.HoneySpaceManagerContainer: packageUpdateEvent - com.honeyspace.sdk.source.entity.PackageOperation$Changed@45a83ae
04-22 19:19:46.107  5627  5627 I HoneySpace.HoneySpaceManagerContainer: refreshHoneyPlugin, packageName: com.healthtrackerapp
04-22 19:19:46.107  5627 19039 I HoneySpace.HoneySpacePackageSourceImpl: Package changed : com.healthtrackerapp
04-22 19:19:46.107  5627 19039 I HoneySpace.HistoryViewModel@23256053@OneUI: handlePackageEvent
04-22 19:19:46.107  5627 19039 I HoneySpace.HistoryViewModel@23256053@OneUI: skip for alone
04-22 19:19:46.107  5627  5627 I HoneySpace.HoneySpacePackageSourceImpl: getHiddenItems : 1
04-22 19:19:46.107  5627 23375 I SearchableManager: invalidate: com.healthtrackerapp
04-22 19:19:46.107  5627  5627 I HoneySpace.HoneySpacePackageSourceImpl: getHiddenItems : 1
04-22 19:19:46.107  5627  5627 I HoneySpace.HoneySpacePackageSourceImpl: getHiddenItems : 1
04-22 19:19:46.107  5627  5627 I HoneySpace.HoneySpacePackageSourceImpl: getHiddenItems : 1
04-22 19:19:46.107  5627  5627 I HoneySpace.EventListenerRegistry: pendingPackageOperation : pending = false, com.honeyspace.sdk.source.entity.PackageOperation$Changed@45a83ae
04-22 19:19:46.107  5627  5627 I HoneySpace.HoneySpacePackageSourceImpl: getHiddenItems : 1
04-22 19:19:46.108  5627  5627 I HoneySpace.HoneySpacePackageSourceImpl: getHiddenItems : 1
04-22 19:19:46.108  5627  5627 I HoneySpace.HoneySpacePackageSourceImpl: getHiddenItems : 1
04-22 19:19:46.108  5627  5627 I HoneySpace.HoneySpacePackageSourceImpl: getHiddenItems : 1
04-22 19:19:46.108  5627  5627 I HoneySpace.HoneySpacePackageSourceImpl: getHiddenItems : 1
04-22 19:19:46.108  3338  7558 D ApplicationPolicy: getApplicationUninstallationEnabled
--
04-22 19:19:53.038  5627  5627 I HoneySpace.PackageSourceImpl: addWidgetToList make key:com.samsung.android.app.routines/.#UserHandle{0}  info:AppWidgetProviderInfo(UserHandle{0}/ComponentInfo{com.samsung.android.app.routines/com.samsung.android.app.routines.domainmodel.widget.singlewidget.SingleRoutineWidgetProvider})
04-22 19:19:53.038  5627  5627 I HoneySpace.PackageSourceImpl: addWidgetToList add key:com.samsung.android.app.routines/.#UserHandle{0}  info:AppWidgetProviderInfo(UserHandle{0}/ComponentInfo{com.samsung.android.app.routines/com.samsung.android.app.routines.domainmodel.widget.singlewidget.SingleModeWidgetProvider})
04-22 19:19:53.038  5627  5627 I HoneySpace.PackageSourceImpl: addWidgetToList add key:com.samsung.android.calendar/.#UserHandle{0}  info:AppWidgetProviderInfo(UserHandle{0}/ComponentInfo{com.samsung.android.calendar/com.android.calendar.widget.list.ListWidgetProvider})
04-22 19:19:53.038  5627  5627 I HoneySpace.PackageSourceImpl: addWidgetToList make key:com.sec.android.app.magnifier/.#UserHandle{0}  info:AppWidgetProviderInfo(UserHandle{0}/ComponentInfo{com.sec.android.app.magnifier/com.sec.android.app.magnifier.MagnifierAppWidget})
04-22 19:19:53.038  5627  5627 I HoneySpace.PackageSourceImpl: addWidgetToList make key:com.sec.android.daemonapp/.#UserHandle{0}  info:AppWidgetProviderInfo(UserHandle{0}/ComponentInfo{com.sec.android.daemonapp/com.sec.android.daemonapp.appwidget.WeatherForecastWidget})
04-22 19:19:53.038  5627  5627 I HoneySpace.PackageSourceImpl: info :AppWidgetProviderInfo(UserHandle{0}/ComponentInfo{com.sec.android.daemonapp/com.sec.android.daemonapp.appwidget.WeatherAestheticAppWidget}) hidden from map as requested by provider
04-22 19:19:53.038  5627  5627 I HoneySpace.PackageSourceImpl: info :AppWidgetProviderInfo(UserHandle{0}/ComponentInfo{com.sec.android.daemonapp/com.sec.android.daemonapp.appwidget.WeatherForecastAppWidget}) hidden from map as requested by provider
04-22 19:19:53.038  5627  5627 I HoneySpace.PackageSourceImpl: addWidgetToList make key:com.facebook.katana/.#UserHandle{0}  info:AppWidgetProviderInfo(UserHandle{0}/ComponentInfo{com.facebook.katana/com.facebook.notifications.appwidget.SmallNotificationsWidgetProvider})
04-22 19:19:53.038  5627  5627 I HoneySpace.PackageSourceImpl: addWidgetToList add key:com.facebook.katana/.#UserHandle{0}  info:AppWidgetProviderInfo(UserHandle{0}/ComponentInfo{com.facebook.katana/com.facebook.notifications.appwidget.MediumNotificationsWidgetProvider})
04-22 19:19:53.038  5627  5627 I HoneySpace.PackageSourceImpl: addWidgetToList make key:com.google.android.calendar/.#UserHandle{0}  info:AppWidgetProviderInfo(UserHandle{0}/ComponentInfo{com.google.android.calendar/com.android.calendar.widget.CalendarAppWidgetProvider})
04-22 19:19:53.038  5627  5627 I HoneySpace.PackageSourceImpl: addWidgetToList make key:com.google.android.apps.youtube.music/.#UserHandle{0}  info:AppWidgetProviderInfo(UserHandle{0}/ComponentInfo{com.google.android.apps.youtube.music/com.google.android.apps.youtube.music.player.widget.gm3.NowPlayingWidgetProvider})
04-22 19:19:53.038  5627  5627 I HoneySpace.PackageSourceImpl: addWidgetToList add key:com.google.android.apps.youtube.music/.#UserHandle{0}  info:AppWidgetProviderInfo(UserHandle{0}/ComponentInfo{com.google.android.apps.youtube.music/com.google.android.apps.youtube.music.player.widget.MusicWidgetProvider})
04-22 19:19:53.038  5627  5627 I HoneySpace.PackageSourceImpl: addWidgetToList make key:com.google.android.keep/.#UserHandle{0}  info:AppWidgetProviderInfo(UserHandle{0}/ComponentInfo{com.google.android.keep/com.google.android.keep.quickaddwidget.QuickAddWidgetProvider})
04-22 19:19:53.038  5627  5627 I HoneySpace.PackageSourceImpl: addWidgetToList make key:com.app.tgtg/.#UserHandle{0}  info:AppWidgetProviderInfo(UserHandle{0}/ComponentInfo{com.app.tgtg/com.app.tgtg.favWidget.FavouritesSmallWidget})
04-22 19:19:53.038  5627  5627 I HoneySpace.PackageSourceImpl: addWidgetToList make key:com.google.android.apps.photos/.#UserHandle{0}  info:AppWidgetProviderInfo(UserHandle{0}/ComponentInfo{com.google.android.apps.photos/com.google.android.apps.photos.widget.people.WidgetProviderPeoplePets})
04-22 19:19:53.038  5627  5627 I HoneySpace.PackageSourceImpl: addWidgetToList add key:com.google.android.keep/.#UserHandle{0}  info:AppWidgetProviderInfo(UserHandle{0}/ComponentInfo{com.google.android.keep/com.google.android.apps.keep.ui.widgets.singlenote.SingleNoteWidgetProvider})
04-22 19:19:53.038  5627  5627 I HoneySpace.PackageSourceImpl: addWidgetToList make key:com.linkedin.android/.#UserHandle{0}  info:AppWidgetProviderInfo(UserHandle{0}/ComponentInfo{com.linkedin.android/com.linkedin.android.growth.appactivation.appwidgets.highlights.SmallHighlightsWidget})
04-22 19:19:53.038  5627  5627 I HoneySpace.PackageSourceImpl: addWidgetToList add key:com.app.tgtg/.#UserHandle{0}  info:AppWidgetProviderInfo(UserHandle{0}/ComponentInfo{com.app.tgtg/com.app.tgtg.favWidget.FavouritesLargeWidget})
04-22 19:19:53.038  5627  5627 I HoneySpace.PackageSourceImpl: addWidgetToList add key:com.google.android.apps.photos/.#UserHandle{0}  info:AppWidgetProviderInfo(UserHandle{0}/ComponentInfo{com.google.android.apps.photos/com.google.android.apps.photos.widget.WidgetProvider})
04-22 19:19:53.038  5627  5627 I HoneySpace.PackageSourceImpl: addWidgetToList add key:com.sec.android.daemonapp/.#UserHandle{0}  info:AppWidgetProviderInfo(UserHandle{0}/ComponentInfo{com.sec.android.daemonapp/com.sec.android.daemonapp.appwidget.WeatherAppWidget})
04-22 19:19:53.038  5627  5627 I HoneySpace.PackageSourceImpl: addWidgetToList make key:com.duolingo/.#UserHandle{0}  info:AppWidgetProviderInfo(UserHandle{0}/ComponentInfo{com.duolingo/com.duolingo.streak.streakWidget.MediumStreakWidgetProvider})
04-22 19:19:53.038  5627  5627 I HoneySpace.PackageSourceImpl: addWidgetToList make key:com.google.android.apps.docs/.#UserHandle{0}  info:AppWidgetProviderInfo(UserHandle{0}/ComponentInfo{com.google.android.apps.docs/com.google.android.apps.docs.drive.widget.CakemixAppWidgetProvider})
04-22 19:19:53.038  5627  5627 I HoneySpace.PackageSourceImpl: addWidgetToList add key:com.google.android.apps.youtube.music/.#UserHandle{0}  info:AppWidgetProviderInfo(UserHandle{0}/ComponentInfo{com.google.android.apps.youtube.music/com.google.android.apps.youtube.music.player.widget.gm3.FreeformMusicWidgetProvider})
04-22 19:19:53.038  5627  5627 I HoneySpace.PackageSourceImpl: addWidgetToList make key:com.sec.android.app.launcher/.#UserHandle{0}  info:AppWidgetProviderInfo(UserHandle{0}/ComponentInfo{com.sec.android.app.launcher/com.android.homescreen.easyWidget.EasyModeWidgetProvider})
04-22 19:19:53.038  5627  5627 I HoneySpace.PackageSourceImpl: addWidgetToList make key:com.samsung.android.app.interpreter/.#UserHandle{0}  info:AppWidgetProviderInfo(UserHandle{0}/ComponentInfo{com.samsung.android.app.interpreter/com.samsung.android.app.interpreter.interpretation.receiver.InterpretationAppWidgetListeningProvider})
04-22 19:19:53.038  5627  5627 I HoneySpace.PackageSourceImpl: info :AppWidgetProviderInfo(UserHandle{0}/ComponentInfo{com.sec.android.daemonapp/com.sec.android.daemonapp.appwidget.WeatherAppWidget2x1}) hidden from map as requested by provider
04-22 19:19:53.038  5627  5627 I HoneySpace.PackageSourceImpl: addWidgetToList add key:com.samsung.android.app.interpreter/.#UserHandle{0}  info:AppWidgetProviderInfo(UserHandle{0}/ComponentInfo{com.samsung.android.app.interpreter/com.samsung.android.app.interpreter.interpretation.receiver.InterpretationAppWidgetConversationProvider})
04-22 19:19:53.038  5627  5627 I HoneySpace.PackageSourceImpl: addWidgetToList add key:com.google.android.keep/.#UserHandle{0}  info:AppWidgetProviderInfo(UserHandle{0}/ComponentInfo{com.google.android.keep/com.google.android.keep.homescreenwidget.MemoryAppWidgetProvider})
04-22 19:19:53.038  5627  5627 I HoneySpace.PackageSourceImpl: addWidgetToList make key:com.philips.lighting.hue2/.#UserHandle{0}  info:AppWidgetProviderInfo(UserHandle{0}/ComponentInfo{com.philips.lighting.hue2/com.signify.widgets.SingleActionWidget})
04-22 19:19:53.038  5627  5627 I HoneySpace.PackageSourceImpl: addWidgetToList make key:com.samsung.android.app.notes/.#UserHandle{0}  info:AppWidgetProviderInfo(UserHandle{0}/ComponentInfo{com.samsung.android.app.notes/com.samsung.android.app.notes.widget.WidgetToolBarProvider})
04-22 19:19:53.038  5627  5627 I HoneySpace.PackageSourceImpl: addWidgetToList make key:com.samsung.accessory.jellymgr/.#UserHandle{0}  info:AppWidgetProviderInfo(UserHandle{0}/ComponentInfo{com.samsung.accessory.jellymgr/com.samsung.accessory.hearablemgr.core.appwidget.WidgetBudsControllerProvider})
--
04-22 19:19:53.039  5627  5627 I HoneySpace.PackageSourceImpl: addWidgetToList add key:com.samsung.android.app.routines/.#UserHandle{0}  info:AppWidgetProviderInfo(UserHandle{0}/ComponentInfo{com.samsung.android.app.routines/com.samsung.android.app.routines.domainmodel.widget.groupwidget.GroupRoutineWidgetProvider})
04-22 19:19:53.039  5627  5627 I HoneySpace.PackageSourceImpl: addWidgetToList add key:com.google.android.calendar/.#UserHandle{0}  info:AppWidgetProviderInfo(UserHandle{0}/ComponentInfo{com.google.android.calendar/com.google.android.calendar.widgetmonth.MonthViewWidgetProvider})
04-22 19:19:53.039  5627  5627 I HoneySpace.PackageSourceImpl: addWidgetToList add key:com.linkedin.android/.#UserHandle{0}  info:AppWidgetProviderInfo(UserHandle{0}/ComponentInfo{com.linkedin.android/com.linkedin.android.appwidget.ResponsiveWidget})
04-22 19:19:53.039  5627  5627 I HoneySpace.PackageSourceImpl: addWidgetToList add key:com.samsung.android.oneconnect/.#UserHandle{0}  info:AppWidgetProviderInfo(UserHandle{0}/ComponentInfo{com.samsung.android.oneconnect/com.samsung.android.oneconnect.ui.widget.devices.home.singledevicecontrol.tv.oneui7x.provider.TvControlHomeWidgetProvider})
04-22 19:19:53.039  5627  5627 I HoneySpace.PackageSourceImpl: addWidgetToList add key:com.readdle.spark/.#UserHandle{0}  info:AppWidgetProviderInfo(UserHandle{0}/ComponentInfo{com.readdle.spark/com.readdle.spark.widget.mail.actions.LargeMailListWithActionsReceiver})
04-22 19:19:53.039  5627  5627 I HoneySpace.PackageSourceImpl: addWidgetToList make key:com.samsung.android.widget.pictureframe/.#UserHandle{0}  info:AppWidgetProviderInfo(UserHandle{0}/ComponentInfo{com.samsung.android.widget.pictureframe/com.samsung.android.widget.pictureframe.PhotoAppWidgetProvider})
04-22 19:19:53.039  5627  5627 I HoneySpace.PackageSourceImpl: addWidgetToList add key:com.readdle.spark/.#UserHandle{0}  info:AppWidgetProviderInfo(UserHandle{0}/ComponentInfo{com.readdle.spark/com.readdle.spark.widget.mail.calendar.LargeMailListWithCalendarReceiver})
04-22 19:19:53.039  5627  5627 I HoneySpace.PackageSourceImpl: info :AppWidgetProviderInfo(UserHandle{0}/ComponentInfo{com.samsung.android.smartsuggestions/com.samsung.android.smartsuggestions.settings.about.developermode.widget.ShortcutContributionTestWidgetProvider}) hidden from map as requested by provider
04-22 19:19:53.039  5627  5627 I HoneySpace.PackageSourceImpl: addWidgetToList add key:com.linkedin.android/.#UserHandle{0}  info:AppWidgetProviderInfo(UserHandle{0}/ComponentInfo{com.linkedin.android/com.linkedin.android.profile.components.games.widget.GamesWidget})
04-22 19:19:53.039  5627  5627 I HoneySpace.PackageSourceImpl: addWidgetToList add key:com.duolingo/.#UserHandle{0}  info:AppWidgetProviderInfo(UserHandle{0}/ComponentInfo{com.duolingo/com.duolingo.streak.streakWidget.StreakWidgetProvider})
04-22 19:19:53.039  5627  5627 I HoneySpace.PackageSourceImpl: addWidgetToList make key:com.softissimo.reverso.context/.#UserHandle{0}  info:AppWidgetProviderInfo(UserHandle{0}/ComponentInfo{com.softissimo.reverso.context/com.softissimo.reverso.context.widget.screen.large.AppLargeWidget})
04-22 19:19:53.039  3338  4642 W CAE     : registerCallback(ContextAwareService.java:188) - [regi 01] Mutex is locked for TEST_FLAT_MOTION
04-22 19:19:53.039  5627  5627 I HoneySpace.PackageSourceImpl: addWidgetToList make key:com.spotify.music/.#UserHandle{0}  info:AppWidgetProviderInfo(UserHandle{0}/ComponentInfo{com.spotify.music/com.spotify.proactiveplatforms.npvwidget.NpvWidgetProvider})
04-22 19:19:53.039  5627  5627 I HoneySpace.PackageSourceImpl: addWidgetToList make key:cz.alza.eshop/.#UserHandle{0}  info:AppWidgetProviderInfo(UserHandle{0}/ComponentInfo{cz.alza.eshop/cz.alza.base.android.setup.ui.widget.BarCodeAppWidgetProvider})
04-22 19:19:53.039  5627  5627 I HoneySpace.PackageSourceImpl: addWidgetToList make key:cz.cd.mujvlak.an/.#UserHandle{0}  info:AppWidgetProviderInfo(UserHandle{0}/ComponentInfo{cz.cd.mujvlak.an/com.circlegate.cd.app.receiver.StationAppWidgetProvider$StationAppWidgetProviderTrainsSingleLines})
04-22 19:19:53.039  5627  5627 I HoneySpace.PackageSourceImpl: addWidgetToList add key:cz.cd.mujvlak.an/.#UserHandle{0}  info:AppWidgetProviderInfo(UserHandle{0}/ComponentInfo{cz.cd.mujvlak.an/com.circlegate.cd.app.receiver.TicketAppWidgetProvider})
04-22 19:19:53.039  3338  4642 W CAE     : registerCallback(ContextAwareService.java:195) - [regi 04]  com.samsung.android.contextaware.ContextAwareManager$CaListenerDelegate@a259f22
04-22 19:19:53.039  5627  5627 I HoneySpace.PackageSourceImpl: addWidgetToList make key:com.sec.android.app.sbrowser/.#UserHandle{0}  info:AppWidgetProviderInfo(UserHandle{0}/ComponentInfo{com.sec.android.app.sbrowser/com.sec.android.app.sbrowser.search_widget.SearchWidgetProvider})
04-22 19:19:53.039  5627  5627 I HoneySpace.PackageSourceImpl: info :AppWidgetProviderInfo(UserHandle{0}/ComponentInfo{com.sec.android.app.shealth/com.sec.android.app.shealth.widget.WalkMatePlainAppWidget}) hidden from map as requested by provider
04-22 19:19:53.039  3338  4642 W CAE     : getListener(ListenerListManager.java:127) - [getListener1]  com.samsung.android.contextaware.ContextAwareManager$CaListenerDelegate@a259f22
04-22 19:19:53.039  5627  5627 I HoneySpace.PackageSourceImpl: addWidgetToList make key:com.sec.android.app.shealth/.#UserHandle{0}  info:AppWidgetProviderInfo(UserHandle{0}/ComponentInfo{com.sec.android.app.shealth/com.samsung.android.app.shealth.tracker.pedometer.service.StepsComplicationWidgetReceiver})
04-22 19:19:53.039  3338  4642 W CAE     : getListener(ListenerListManager.java:128) - [getListener2]  com.samsung.android.contextaware.manager.ContextAwareService$Listener@1f5a4ed
04-22 19:19:53.039  5627  5627 I HoneySpace.PackageSourceImpl: addWidgetToList add key:com.sec.android.app.shealth/.#UserHandle{0}  info:AppWidgetProviderInfo(UserHandle{0}/ComponentInfo{com.sec.android.app.shealth/com.samsung.android.app.shealth.tracker.sleepWidget.SleepWidget})
04-22 19:19:53.039  5627  5627 I HoneySpace.PackageSourceImpl: addWidgetToList make key:org.androworks.meteor/.#UserHandle{0}  info:AppWidgetProviderInfo(UserHandle{0}/ComponentInfo{org.androworks.meteor/org.androworks.meteor.wg.providers.WidgetOldDark})
04-22 19:19:53.039  5627  5627 I HoneySpace.PackageSourceImpl: addWidgetToList add key:com.softissimo.reverso.context/.#UserHandle{0}  info:AppWidgetProviderInfo(UserHandle{0}/ComponentInfo{com.softissimo.reverso.context/com.softissimo.reverso.context.widget.screen.small.AppSmallWidget})
04-22 19:19:53.039  5627  5627 I HoneySpace.PackageSourceImpl: addWidgetToList add key:org.androworks.meteor/.#UserHandle{0}  info:AppWidgetProviderInfo(UserHandle{0}/ComponentInfo{org.androworks.meteor/org.androworks.meteor.wg.providers.WidgetNeonLight})
04-22 19:19:53.039  5627  5627 I HoneySpace.PackageSourceImpl: addWidgetToList make key:cz.tesco.clubcard/.#UserHandle{0}  info:AppWidgetProviderInfo(UserHandle{0}/ComponentInfo{cz.tesco.clubcard/com.tesco.clubcard.activity.BarcodeWidget})
04-22 19:19:53.039  5627  5627 I HoneySpace.PackageSourceImpl: addWidgetToList make key:cz.vut.mojevut/.#UserHandle{0}  info:AppWidgetProviderInfo(UserHandle{0}/ComponentInfo{cz.vut.mojevut/cz.vut.mojevut.CollectionAppWidgetProvider})
04-22 19:19:53.039  5627  5627 I HoneySpace.PackageSourceImpl: addWidgetToList make key:org.telegram.messenger/.#UserHandle{0}  info:AppWidgetProviderInfo(UserHandle{0}/ComponentInfo{org.telegram.messenger/org.telegram.messenger.ChatsWidgetProvider})
04-22 19:19:53.039  5627  5627 I HoneySpace.PackageSourceImpl: addWidgetToList add key:org.telegram.messenger/.#UserHandle{0}  info:AppWidgetProviderInfo(UserHandle{0}/ComponentInfo{org.telegram.messenger/org.telegram.messenger.ContactsWidgetProvider})
04-22 19:19:53.039  3338  4642 V CAE     : start(ContextProvider.java:128)
--
04-22 19:19:53.039  5627  5627 I HoneySpace.PackageSourceImpl: addWidgetToList make key:com.healthtrackerapp/.#UserHandle{0}  info:AppWidgetProviderInfo(UserHandle{0}/ComponentInfo{com.healthtrackerapp/com.healthtrackerapp.widgets.providers.RoutineWidgetProvider})
04-22 19:19:53.039  5627  5627 I HoneySpace.PackageSourceImpl: addWidgetToList add key:com.healthtrackerapp/.#UserHandle{0}  info:AppWidgetProviderInfo(UserHandle{0}/ComponentInfo{com.healthtrackerapp/com.healthtrackerapp.widgets.providers.AsNeededWidgetProvider})
04-22 19:19:53.039  5627  5627 I HoneySpace.PackageSourceImpl: addWidgetToList add key:com.healthtrackerapp/.#UserHandle{0}  info:AppWidgetProviderInfo(UserHandle{0}/ComponentInfo{com.healthtrackerapp/com.healthtrackerapp.widgets.providers.AppointmentWidgetProvider})
04-22 19:19:53.040  3338  4307 D SensorService: setSContextDataLocked ints length 2 , byte length 4
04-22 19:19:53.040  3338  4307 D SensorService: setSContextDataLocked 17b1
04-22 19:19:53.040  2077  2077 I sensors-hal: inject_sensor_data:413, handle 1501 send inject
04-22 19:19:53.040  2077  2077 I sensors-hal: sendContextData:286, sensor hal 4, (0xb1, 0x17, 0x0, 0x0)
04-22 19:19:53.040  2077  2077 I sensors-hal: sendContextData:345, enable:177, handle:8, algo:26279936
04-22 19:19:53.041  5627  5627 I HoneySpace.PackageSourceImpl: addShortcutToList make key:com.google.android.apps.maps/.#UserHandle{0}  info:android.content.pm.LauncherActivityInfo@806986d
04-22 19:19:53.041  5627  5627 I HoneySpace.PackageSourceImpl: addShortcutToList add key:com.google.android.apps.maps/.#UserHandle{0}  info:android.content.pm.LauncherActivityInfo@e8e4ca2
04-22 19:19:53.041  5627  5627 I HoneySpace.PackageSourceImpl: addShortcutToList add key:com.google.android.apps.maps/.#UserHandle{0}  info:android.content.pm.LauncherActivityInfo@53c2d33
04-22 19:19:53.041  5627  5627 I HoneySpace.PackageSourceImpl: addShortcutToList add key:com.google.android.apps.maps/.#UserHandle{0}  info:android.content.pm.LauncherActivityInfo@8d6f8f0
04-22 19:19:53.041  5627  5627 I HoneySpace.PackageSourceImpl: addShortcutToList add key:com.google.android.apps.maps/.#UserHandle{0}  info:android.content.pm.LauncherActivityInfo@d014e69
04-22 19:19:53.041  5627  5627 I HoneySpace.PackageSourceImpl: addShortcutToList make key:com.google.android.gm/.#UserHandle{0}  info:android.content.pm.LauncherActivityInfo@da890ee
04-22 19:19:53.041  5627  5627 I HoneySpace.PackageSourceImpl: addShortcutToList make key:com.google.android.googlequicksearchbox/.#UserHandle{0}  info:android.content.pm.LauncherActivityInfo@302698f
04-22 19:19:53.041  5627  5627 I HoneySpace.PackageSourceImpl: addShortcutToList make key:com.samsung.android.app.contacts/.#UserHandle{0}  info:android.content.pm.LauncherActivityInfo@7cab41c
04-22 19:19:53.041  5627  5627 I HoneySpace.PackageSourceImpl: addShortcutToList make key:com.google.android.apps.docs/.#UserHandle{0}  info:android.content.pm.LauncherActivityInfo@dd76825
04-22 19:19:53.041  5627  5627 I HoneySpace.PackageSourceImpl: addShortcutToList add key:com.google.android.apps.docs/.#UserHandle{0}  info:android.content.pm.LauncherActivityInfo@810cdfa
04-22 19:19:53.041  5627  5627 I HoneySpace.PackageSourceImpl: addShortcutToList make key:com.google.android.apps.docs.editors.docs/.#UserHandle{0}  info:android.content.pm.LauncherActivityInfo@7460fab
04-22 19:19:53.041  5627  5627 I HoneySpace.PackageSourceImpl: addShortcutToList make key:com.microsoft.skydrive/.#UserHandle{0}  info:android.content.pm.LauncherActivityInfo@adcf608
04-22 19:19:53.041  5627  5627 I HoneySpace.PackageSourceImpl: addShortcutToList make key:com.whatsapp/.#UserHandle{0}  info:android.content.pm.LauncherActivityInfo@53b61a1
04-22 19:19:53.041  5627  5627 I HoneySpace.PackageSourceImpl: addShortcutToList add key:com.whatsapp/.#UserHandle{0}  info:android.content.pm.LauncherActivityInfo@58dcfc6
04-22 19:19:53.041  3338  6801 I AppWidgetServiceImpl: getInstalledProvidersForProfiles lock in null
04-22 19:19:53.042  2077  2077 I sensors-hal: is_restrict_mode:143, mode:normal
04-22 19:19:53.042  2077  2077 I sensors-hal: sendContextData:108, device_position 4
04-22 19:19:53.042  2077  2077 I sensors-hal: acquire_ssc_interface:114, acquire_ssc_interface with sensor_id 49 , conn_type 2 
04-22 19:19:53.042  2077  2077 I sensors-hal: acquire_ssc_interface:124, returning _shared_instance[SHARED_SENSORHUBS].conn
04-22 19:19:53.042  2077  2077 I sensors-hal: acquire_shared_instance:148, re-use existing connection for type 2 
04-22 19:19:53.042  2077  2077 I sensors-hal: register_cb:305, register_cb start this=0xb400007e0425ba00x
04-22 19:19:53.042  2077  2077 I sensors-hal: register_cb:321, register_cb End with succes
04-22 19:19:53.042  3338  6801 I AppWidgetServiceImpl: getInstalledProvidersForProfiles lock exit 0
--
04-22 19:19:56.929  5627  5627 I HoneySpace.TemplatePreviews: get preview for : com.healthtrackerapp.widgets.providers.RoutineWidgetProvider, isTemplateStyle : false, initialLayoutId : 2131427448, realDataPreviewSize : null, previewLayoutSize : null
04-22 19:19:56.929  5627  5627 I HoneySpace.ListExpandContainer: bindWidget AppWidgetProviderInfo(UserHandle{0}/ComponentInfo{com.healthtrackerapp/com.healthtrackerapp.widgets.providers.RoutineWidgetProvider})
04-22 19:19:56.930  5627  5627 I HoneySpace.HoneySpaceManagerContainer: getWindowBounds, key = (com.sec.android.app.launcher.Launcher, 0)
04-22 19:19:56.930  5627  5627 I HoneySpace.HoneySpaceManagerContainer: getWindowBounds, key = (com.sec.android.app.launcher.Launcher, 0)
04-22 19:19:56.930  5627  5627 I HoneySpace.HoneySpaceManagerContainer: getWindowBounds, key = (com.sec.android.app.launcher.Launcher, 0)
04-22 19:19:56.930  5627  5627 I HoneySpace.HoneySpaceManagerContainer: getWindowBounds, key = (com.sec.android.app.launcher.Launcher, 0)
04-22 19:19:56.930  5627  5627 I HoneySpace.HoneySpaceManagerContainer: getWindowBounds, key = (com.sec.android.app.launcher.Launcher, 0)
04-22 19:19:56.930  5627  5627 I HoneySpace.HoneySpaceManagerContainer: getWindowBounds, key = (com.sec.android.app.launcher.Launcher, 0)
04-22 19:19:56.930  5627  5627 I HoneySpace.HoneySpaceManagerContainer: getWindowBounds, key = (com.sec.android.app.launcher.Launcher, 0)
04-22 19:19:56.930  5627  5627 I HoneySpace.HoneySpaceManagerContainer: getWindowBounds, key = (com.sec.android.app.launcher.Launcher, 0)
04-22 19:19:56.930  5627  5627 I HoneySpace.HoneySpaceManagerContainer: getWindowBounds, key = (com.sec.android.app.launcher.Launcher, 0)
04-22 19:19:56.930  5627  5627 I HoneySpace.HoneySpaceManagerContainer: getWindowBounds, key = (com.sec.android.app.launcher.Launcher, 0)
04-22 19:19:56.930  5627  5627 I HoneySpace.CellLayoutInfoImpl: return cellLayoutSize(1330x2195) - baseOnHome(true): com.sec.android.app.launcher.Launcher@b7bc9db
04-22 19:19:56.930  5627  5627 I HoneySpace.PhoneIconStyleFactory: init densityDpi=560
04-22 19:19:56.930  5627  5627 I HoneySpace.PhoneIconStyleFactory: setDisplayOptionList 560 0
04-22 19:19:56.930  5627  5627 I HoneySpace.PhoneIconStyleFactory: setDisplayOptionList: 560 IconDisplayOption(itemSizeList=[ItemSize(size=0.144, isLand=false, hideLabel=false, adjustSizeByLevel=[{SMALL=-0.012}, {LARGE=0.008}]), ItemSize(size=0.147, isLand=true, hideLabel=false, adjustSizeByLevel=[{SMALL=-0.012}, {LARGE=0.008}]), ItemSize(size=0.152, isLand=false, hideLabel=true, adjustSizeByLevel=[{SMALL=-0.012}, {LARGE=0.008}]), ItemSize(size=0.147, isLand=true, hideLabel=true, adjustSizeByLevel=[{SMALL=-0.012}, {LARGE=0.008}])], iconDrawablePadding=0.003, iconDrawablePaddingLand=0.003, iconTextSize=11.3, iconTextSizeLand=11.3)
04-22 19:19:56.930  5627  5627 I HoneySpace.PhoneIconStyleFactory: setDisplayOptionList: 560 IconDisplayOption(itemSizeList=[ItemSize(size=0.198, isLand=false, hideLabel=false, adjustSizeByLevel=[{SMALL=-0.01}, {LARGE=0.015}]), ItemSize(size=0.198, isLand=true, hideLabel=false, adjustSizeByLevel=[{SMALL=-0.012}, {LARGE=0.008}]), ItemSize(size=0.198, isLand=false, hideLabel=true, adjustSizeByLevel=[{SMALL=-0.01}, {LARGE=0.015}]), ItemSize(size=0.198, isLand=true, hideLabel=true, adjustSizeByLevel=[{SMALL=-0.012}, {LARGE=0.008}])], iconDrawablePadding=0.003, iconDrawablePaddingLand=0.003, iconTextSize=12.3, iconTextSizeLand=12.3)
04-22 19:19:56.930  5627  5627 I HoneySpace.PhoneIconStyleFactory: setDisplayOptionList: 560 IconDisplayOption(itemSizeList=[ItemSize(size=0.161, isLand=false, hideLabel=false, adjustSizeByLevel=[{SMALL=-0.01}, {LARGE=0.015}]), ItemSize(size=0.147, isLand=true, hideLabel=false, adjustSizeByLevel=[{SMALL=-0.012}, {LARGE=0.008}]), ItemSize(size=0.17, isLand=false, hideLabel=true, adjustSizeByLevel=[{SMALL=-0.01}, {LARGE=0.015}]), ItemSize(size=0.172, isLand=true, hideLabel=true, adjustSizeByLevel=[{SMALL=-0.012}, {LARGE=0.008}])], iconDrawablePadding=0.003, iconDrawablePaddingLand=0.003, iconTextSize=11.5, iconTextSizeLand=11.5)
04-22 19:19:56.930  5627  5627 I HoneySpace.PhoneIconStyleFactory: setDisplayOptionList: 560 IconDisplayOption(itemSizeList=[ItemSize(size=0.198, isLand=false, hideLabel=false, adjustSizeByLevel=[{SMALL=-0.01}, {LARGE=0.015}]), ItemSize(size=0.198, isLand=true, hideLabel=false, adjustSizeByLevel=[{SMALL=-0.012}, {LARGE=0.008}]), ItemSize(size=0.198, isLand=false, hideLabel=true, adjustSizeByLevel=[{SMALL=-0.01}, {LARGE=0.015}]), ItemSize(size=0.198, isLand=true, hideLabel=true, adjustSizeByLevel=[{SMALL=-0.012}, {LARGE=0.008}])], iconDrawablePadding=0.003, iconDrawablePaddingLand=0.003, iconTextSize=12.3, iconTextSizeLand=12.3)
04-22 19:19:56.930  5627  5627 I HoneySpace.HoneySpaceManagerContainer: getWindowBounds, key = (com.sec.android.app.launcher.Launcher, 0)
04-22 19:19:56.930  5627  5627 I HoneySpace.ListExpandCellPreview: setPreviewLayoutParam - spanX: 4, spanY: 4, 1002x1398
04-22 19:19:56.931  5627  5627 I HoneySpace.HoneySpaceManagerContainer: getWindowBounds, key = (com.sec.android.app.launcher.Launcher, 0)
04-22 19:19:56.931  5627  5627 I HoneySpace.HoneySpaceManagerContainer: getWindowBounds, key = (com.sec.android.app.launcher.Launcher, 0)
04-22 19:19:56.931  5627  5627 I HoneySpace.HoneySpaceManagerContainer: getWindowBounds, key = (com.sec.android.app.launcher.Launcher, 0)
04-22 19:19:56.931  5627  5627 I HoneySpace.HoneySpaceManagerContainer: getWindowBounds, key = (com.sec.android.app.launcher.Launcher, 0)
04-22 19:19:56.931  5627  5627 I HoneySpace.HoneySpaceManagerContainer: getWindowBounds, key = (com.sec.android.app.launcher.Launcher, 0)
04-22 19:19:56.931  5627  5627 I HoneySpace.HoneySpaceManagerContainer: getWindowBounds, key = (com.sec.android.app.launcher.Launcher, 0)
04-22 19:19:56.931  5627  5627 I HoneySpace.HoneySpaceManagerContainer: getWindowBounds, key = (com.sec.android.app.launcher.Launcher, 0)
04-22 19:19:56.931  5627  5627 I HoneySpace.HoneySpaceManagerContainer: getWindowBounds, key = (com.sec.android.app.launcher.Launcher, 0)
04-22 19:19:56.931  5627  5627 I HoneySpace.HoneySpaceManagerContainer: getWindowBounds, key = (com.sec.android.app.launcher.Launcher, 0)
04-22 19:19:56.931  5627  5627 I HoneySpace.HoneySpaceManagerContainer: getWindowBounds, key = (com.sec.android.app.launcher.Launcher, 0)
04-22 19:19:56.931  5627  5627 I HoneySpace.CellLayoutInfoImpl: return cellLayoutSize(1330x2195) - baseOnHome(true): com.sec.android.app.launcher.Launcher@b7bc9db
--
04-22 19:19:58.790  5627  5627 I HoneySpace.ClipDataHelper: isInterestingData local: PendingItem(id=-1, isShortcut=false, componentName=ComponentInfo{com.healthtrackerapp/com.healthtrackerapp.widgets.providers.RoutineWidgetProvider}, spanX=4, spanY=4, user=UserHandle{0}, cellX=-1, cellY=-1, pageId=-1, rank=-1, widgetId=-1, intent=Intent {  }, activityInfo=null, folderTargetView=null, widgetFromAddItemActivity=false)
04-22 19:19:58.790  5627  5627 I HoneySpace.HotseatOnHomeDragOperator: ACTION_DRAG_STARTED: false
04-22 19:19:58.791  5627  5627 I HoneySpace.HomescreenPot: ACTION_DRAG_STARTED
04-22 19:19:58.791  5627  5627 I HoneySpace.PageIndicatorView: needFakeZeroPageMarker state : 12, minusOnePageEnable : true, existMinusOnePage : false
04-22 19:19:58.791  5627  5627 I HoneySpace.PageIndicatorView: add minusOnePageMarker
04-22 19:19:58.791  5627  5627 I HoneySpace.PageIndicatorMarker: changeColorForBg state : 12, darkFont : false
04-22 19:19:58.791  5627  5627 I HoneySpace.PageIndicatorMarker: changeColorForBg state : 12, darkFont : false
04-22 19:19:58.792  5627  5627 I HoneySpace.PageIndicatorMarker: changeColorForBg state : 12, darkFont : false
04-22 19:19:58.792  5627  5627 I HoneySpace.PageIndicatorMarker: changeColorForBg state : 12, darkFont : false
04-22 19:19:58.792  5627  5627 I HoneySpace.PageIndicatorMarker: changeColorForBg state : 12, darkFont : false
04-22 19:19:58.792  5627  5627 I HoneySpace.PageIndicatorView: setActiveMarker : 3
04-22 19:19:58.792  5627  5627 I HoneySpace.PageIndicatorView: markers.size = 4
04-22 19:19:58.792  5627  5627 I HoneySpace.WallpaperBlurView: apply(): progress = 0.9843205, radius = 246, preset = null
04-22 19:19:58.792  5627  5627 I HoneySpace.WallpaperBlurView: apply(): progress = 0.9843205, radius = 246, preset = null
04-22 19:19:58.792  5627  5627 I HoneySpace.PageIndicatorView: change plusPage : (true, false), com.honeyspace.ui.common.pageindicator.PageIndicatorView{8a50af7 V.E...... ......ID 0,2535-1440,2659 #7f0a07a9 app:id/workspace_page_indicator}
04-22 19:19:58.792  5627  5627 I HoneySpace.PageIndicatorView: plusPageMarker : com.honeyspace.ui.common.pageindicator.PageIndicatorMarker{21baa5a V.E...C.. .......D 335,0-402,67}
04-22 19:19:58.792  5627  5627 I HoneySpace.PageIndicatorView: change pageCount : 5, com.honeyspace.ui.common.pageindicator.PageIndicatorView{8a50af7 V.E...... ......ID 0,2535-1440,2659 #7f0a07a9 app:id/workspace_page_indicator}
04-22 19:19:58.792  5627  5627 I HoneySpace.PageIndicatorView: setMarkersCount : 5, isAnimated : true, existMinusOnePage : false existPlusPage : true
04-22 19:19:58.793  5627  5627 I HoneySpace.PageIndicatorView: add plus page marker
04-22 19:19:58.793  5627  5627 I HoneySpace.PageIndicatorView: needFakeZeroPageMarker state : 12, minusOnePageEnable : true, existMinusOnePage : false
04-22 19:19:58.793  5627  5627 I HoneySpace.PageIndicatorView: add minusOnePageMarker
04-22 19:19:58.793  5627  5627 I HoneySpace.PageIndicatorMarker: changeColorForBg state : 12, darkFont : false
04-22 19:19:58.793  5627  5627 I HoneySpace.PageIndicatorMarker: changeColorForBg state : 12, darkFont : false
04-22 19:19:58.793  5627  5627 I HoneySpace.PageIndicatorMarker: changeColorForBg state : 12, darkFont : false
04-22 19:19:58.793  5627  5627 I HoneySpace.PageIndicatorMarker: changeColorForBg state : 12, darkFont : false
04-22 19:19:58.793  5627  5627 I HoneySpace.PageIndicatorMarker: changeColorForBg state : 12, darkFont : false
04-22 19:19:58.793  5627  5627 I HoneySpace.PageIndicatorMarker: changeColorForBg state : 12, darkFont : false
04-22 19:19:58.793  5627  5627 I HoneySpace.PageIndicatorView: setActiveMarker : 3
04-22 19:19:58.793  5627  5627 I HoneySpace.PageIndicatorView: add plus page marker
04-22 19:19:58.793  5627  5627 I HoneySpace.PageIndicatorView: markers.size = 5
04-22 19:19:58.794  5627  5627 I HoneySpace.WorkspaceFastRecyclerView: updateCurrentPageOnLayout page=3
--
04-22 19:19:59.129  3338  3488 I AppWidgetServiceImpl: Bound widget 67 to provider ProviderId{user:0, app:10608, cmp:ComponentInfo{com.healthtrackerapp/com.healthtrackerapp.widgets.providers.RoutineWidgetProvider}}
04-22 19:19:59.129  3338  4404 D BackgroundInstallControlService: Package event received: 0
04-22 19:19:59.129  5627  5627 I HoneySpace.HomescreenPot: IsShowDropTargetBar true
04-22 19:19:59.131  3338  3583 D WindowManager: sending DRAG_LOCATION to Window{2104674 u0 ShellDropTarget}
04-22 19:19:59.131  5627  5627 I HoneySpace.HoneySpaceManagerContainer: getWindowBounds, key = (android.view.ContextThemeWrapper, 0)
04-22 19:19:59.132  5627  5627 I HoneySpace.WindowBounds: sourceContext: android.view.ContextThemeWrapper@a9f7e66
04-22 19:19:59.132  5627  5627 I HoneySpace.WindowBounds: sourceConfig: {0.8 230mcc2mnc [en_US] ldltr sw411dp w411dp h882dp 560dpi nrml long port night finger -keyb/v/h -nav/h winConfig={ mBounds=Rect(0, 0 - 1440, 3088) mAppBounds=Rect(0, 0 - 1440, 3088) mMaxBounds=Rect(0, 0 - 1440, 3088) mDisplayRotation=ROTATION_0 mWindowingMode=fullscreen mActivityType=home mAlwaysOnTop=undefined mRotation=ROTATION_0 mStageConfig=undefined mEmbedActivityMode=undefined mPopOver=off mOverlappingWithCutout=false} s.12 fontWeightAdjustment=0 ff=0 bf=-1 bts=0 cst=1.0 nightDim=0 themeSeq=0}
04-22 19:19:59.132  5627  5627 I HoneySpace.WindowBounds: updateNavigationMode? SIDE_BOTTOM_GESTURE
04-22 19:19:59.132  5627  5627 I HoneySpace.WindowBounds: immersiveNavigation? false
04-22 19:19:59.132  5627  5627 I HoneySpace.WindowBounds: setInsetAndCutout, Bounds=Rect(0, 0 - 1440, 3088), AppBounds=Rect(0, 0 - 1440, 3088)
04-22 19:19:59.133  5627  5627 I HoneySpace.WindowBounds: update window bounds, name = android.view.ContextThemeWrapper, context = android.view.ContextThemeWrapper, call from {com.honeyspace.ui.honeypots.homescreen.droptargetbar.CancelDropTarget.onFinishInflate(Unknown Source:16)}
04-22 19:19:59.133  5627  5627 I HoneySpace.WindowBounds: WindowBounds width=1440 height=3088, bounds=Rect(0, 0 - 1440, 3088), insets=Insets{left=0, top=100, right=0, bottom=53}, systemInsets=Insets{left=0, top=100, right=0, bottom=53}, cutout=Rect(0, 100 - 0, 0), gestureActionInsets=Insets{left=105, top=142, right=105, bottom=112}, insetsIgnoreCutout=Insets{left=0, top=100, right=0, bottom=53}, baseScreenSize=Point(1440, 3035)screenSizeIncludeCutout: Point(1440, 3035)
04-22 19:19:59.135  3338  3606 I AppWidgetServiceImpl: handleSaveMessage 0
04-22 19:19:59.135  5627  5627 I HoneySpace.HoneySpaceManagerContainer: getWindowBounds, key = (android.view.ContextThemeWrapper, 0)
04-22 19:19:59.135  5627  5627 I HoneySpace.WindowBounds: sourceContext: android.view.ContextThemeWrapper@a9f7e66
04-22 19:19:59.135  5627  5627 I HoneySpace.WindowBounds: sourceConfig: {0.8 230mcc2mnc [en_US] ldltr sw411dp w411dp h882dp 560dpi nrml long port night finger -keyb/v/h -nav/h winConfig={ mBounds=Rect(0, 0 - 1440, 3088) mAppBounds=Rect(0, 0 - 1440, 3088) mMaxBounds=Rect(0, 0 - 1440, 3088) mDisplayRotation=ROTATION_0 mWindowingMode=fullscreen mActivityType=home mAlwaysOnTop=undefined mRotation=ROTATION_0 mStageConfig=undefined mEmbedActivityMode=undefined mPopOver=off mOverlappingWithCutout=false} s.12 fontWeightAdjustment=0 ff=0 bf=-1 bts=0 cst=1.0 nightDim=0 themeSeq=0}
04-22 19:19:59.135  5627  5627 I HoneySpace.WindowBounds: updateNavigationMode? SIDE_BOTTOM_GESTURE
04-22 19:19:59.135  5627  5627 I HoneySpace.WindowBounds: immersiveNavigation? false
04-22 19:19:59.135  5627  5627 I HoneySpace.WindowBounds: setInsetAndCutout, Bounds=Rect(0, 0 - 1440, 3088), AppBounds=Rect(0, 0 - 1440, 3088)
04-22 19:19:59.135  5627  5627 I HoneySpace.WindowBounds: update window bounds, name = android.view.ContextThemeWrapper, context = android.view.ContextThemeWrapper, call from {com.honeyspace.ui.honeypots.homescreen.droptargetbar.CancelDropTargetBar.onFinishInflate(Unknown Source:16)}
04-22 19:19:59.135  5627  5627 I HoneySpace.WindowBounds: WindowBounds width=1440 height=3088, bounds=Rect(0, 0 - 1440, 3088), insets=Insets{left=0, top=100, right=0, bottom=53}, systemInsets=Insets{left=0, top=100, right=0, bottom=53}, cutout=Rect(0, 100 - 0, 0), gestureActionInsets=Insets{left=105, top=142, right=105, bottom=112}, insetsIgnoreCutout=Insets{left=0, top=100, right=0, bottom=53}, baseScreenSize=Point(1440, 3035)screenSizeIncludeCutout: Point(1440, 3035)
04-22 19:19:59.136  5627  5627 I HoneySpace.SystemUIControlUtils: updateSystemUI, show: false, type: statusBars navigationBars, forLauncher: false
04-22 19:19:59.137  5627  5627 I HoneySpace.WorkspaceCellLayout: clearReorderJob
04-22 19:19:59.138  3338  7561 W InputManager-JNI: Attempted to change the pointer icon for deviceId 0 on display 0 from input token 0xb400007a068a5ef0, but the pointer is not in the window.
04-22 19:19:59.138  3338  7561 D WindowManager: Drag from old candidate view @ android.os.BinderProxy@c78a793
04-22 19:19:59.138  3338  7561 D WindowManager: Drag into new candidate view @ android.os.BinderProxy@c78a793
04-22 19:19:59.139  3338  3583 D WindowManager: sending DRAG_LOCATION to Window{2104674 u0 ShellDropTarget}
04-22 19:19:59.139  3338  3488 W InputManager-JNI: Attempted to change the pointer icon for deviceId 0 on display 0 from input token 0xb400007a068a5ef0, but the pointer is not in the window.
04-22 19:19:59.146 24891 24891 D AppWidgetProvider: onReceive:android.appwidget.action.APPWIDGET_ENABLED
04-22 19:19:59.147  3338  3583 D WindowManager: sending DRAG_LOCATION to Window{2104674 u0 ShellDropTarget}
04-22 19:19:59.149  3338  4404 D BackgroundInstallControlService: Package event received: 0
--
04-22 19:19:59.449  5627  5627 I HoneySpace.WorkspaceViewModel: createWidgetItem, Widget(id=297660, appWidgetId=67, component=com.healthtrackerapp/.widgets.providers.RoutineWidgetProvider, width=4, height=4, pageId=18, posX=1, posY=0, user=UserHandle{0}, restored=0, spannableStyle=SpannableStyle(size=100x100, drawablePadding=0, position=Point(0, 0), innerPadding=Point(0, 0), labelVisibility=0, appliedScale=1.0, labelStyle=LabelStyle(hideLabel=false, orientation=0, maxLine=1, textColor=-1, textSize=11.0, shadowRadius=0.0, shadowDx=0.0, shadowDy=0.0, shadowColor=0, applyThemeLabel=false, originalTextSize=11.0)))
04-22 19:19:59.450  5627  5627 I HoneySpace.WidgetItemBinder: bindWidget() item= com.healthtrackerapp/.widgets.providers.RoutineWidgetProvider , id=297660, 18
04-22 19:19:59.450  5627  5627 I HoneySpace.WidgetItemBinder: addWidget immediate=true item=Widget(id=297660, appWidgetId=67, component=com.healthtrackerapp/.widgets.providers.RoutineWidgetProvider, width=4, height=4, pageId=18, posX=1, posY=0, user=UserHandle{0}, restored=0, spannableStyle=SpannableStyle(size=100x100, drawablePadding=0, position=Point(0, 0), innerPadding=Point(0, 0), labelVisibility=0, appliedScale=1.0, labelStyle=LabelStyle(hideLabel=false, orientation=0, maxLine=1, textColor=-1, textSize=11.0, shadowRadius=0.0, shadowDx=0.0, shadowDy=0.0, shadowColor=0, applyThemeLabel=false, originalTextSize=11.0)))
04-22 19:19:59.451  5627  5627 I HoneySpace.WidgetItemBinder: addWidget launched. id: 67
04-22 19:19:59.451  3338  3488 I AppWidgetServiceImpl: getAppWidgetInfo() 67, from 0
04-22 19:19:59.452  5627  5627 I HoneySpace.HoneyAppWidgetProviderInfo: provider : ComponentInfo{com.healthtrackerapp/com.healthtrackerapp.widgets.providers.RoutineWidgetProvider}, minSpanX : 4, minSpanY : 4, maxSpanX: 5, maxSpanY : 6, spanX : 4, spanY : 4, minResizePx : (875,980), maxResizePx : (0,0), targetGrid : Point(5, 6), isProviderChange : false
04-22 19:19:59.452  5627  5627 I HoneySpace.HoneyAppWidgetProviderInfo: provider : ComponentInfo{com.healthtrackerapp/com.healthtrackerapp.widgets.providers.RoutineWidgetProvider}, minSpanX : 4, minSpanY : 4, maxSpanX: 5, maxSpanY : 6, spanX : 4, spanY : 4, minResizePx : (875,980), maxResizePx : (0,0), targetGrid : Point(5, 6), isProviderChange : false
04-22 19:19:59.459  5627  5627 I HoneySpace.HoneyAppWidgetHostView: [updateAppWidget id=67] receive event - isAnimating: false, remoteViews: android.widget.RemoteViews@26703f7, hostView: @f3ef3f6
04-22 19:19:59.460  5627  5627 I HoneySpace.HoneyAppWidgetHostView: [updateAppWidget id=67] direct update - true
04-22 19:19:59.460  5627  5627 I HoneySpace.HoneyAppWidgetHostView: [updateAppWidget id=67] perform updateAppWidget - remoteViews: android.widget.RemoteViews@26703f7, hostView: @f3ef3f6
04-22 19:19:59.461  5627  5627 I HoneySpace.HoneyAppWidgetHost: create and bind widget - appWidgetId: 67, hostView: @f3ef3f6, host: @71acc9e, hostId: 1024, isPreview: false
04-22 19:19:59.464  5627  5627 I HoneySpace.BlurBackgroundControllerImpl: addBackgroundView 67
04-22 19:19:59.464  5627  5627 I HoneySpace.BlurBackgroundControllerImpl: updateBackgroundStyle NONE 67 - isGlanceTemplate: false, backgroundEnabled: false, isPreview: false, otherPackageRemoteView: false
04-22 19:19:59.465  5627  5627 I HoneySpace.WhiteBgColorChanger: changeTextColor, isDarkColor = false, isThemeText = true, IconStyle = LabelStyle(hideLabel=true, orientation=0, maxLine=1, textColor=-1, textSize=0.0, shadowRadius=0.0, shadowDx=0.0, shadowDy=0.0, shadowColor=0, applyThemeLabel=true, originalTextSize=11.3)
04-22 19:19:59.465  5627  5627 I HoneySpace.WidgetHostViewContainer: update spannableStyle: 67 | SpannableStyle(size=1002x1402, drawablePadding=0, position=Point(31, 31), innerPadding=Point(11, 11), labelVisibility=4, appliedScale=1.0, labelStyle=LabelStyle(hideLabel=true, orientation=0, maxLine=1, textColor=-197380, textSize=0.0, shadowRadius=2.0, shadowDx=0.0, shadowDy=0.0, shadowColor=872415232, applyThemeLabel=true, originalTextSize=11.3))
04-22 19:19:59.467  5627  5627 I HoneySpace.WidgetSizeUtil: [updateWidgetOption - id: 67] printWidgetScaledSizes - displayPx: (1440, 3088), widgetSizePx: (1002, 1402), expandResultPx: (1202, 1682), expandRatio: 0.8333333, sizes: (343.42856x480.57144), configuration: {0.8 230mcc2mnc [en_US] ldltr sw411dp w411dp h882dp 560dpi nrml long port night finger -keyb/v/h -nav/h winConfig={ mBounds=Rect(0, 0 - 1440, 3088) mAppBounds=Rect(0, 0 - 1440, 3088) mMaxBounds=Rect(0, 0 - 1440, 3088) mDisplayRotation=ROTATION_0 mWindowingMode=fullscreen mActivityType=home mAlwaysOnTop=undefined mRotation=ROTATION_0 mStageConfig=undefined mEmbedActivityMode=undefined mPopOver=off mOverlappingWithCutout=false} s.12 fontWeightAdjustment=0 ff=0 bf=-1 bts=0 cst=1.0 nightDim=0 themeSeq=0}, hashCode: @6b5b00f
04-22 19:19:59.467  3338  3488 I AppWidgetServiceImpl: updateAppWidgetOptions callingPackage :com.sec.android.app.launcher, appWidgetId : 67, options = Bundle[mParcelledData.dataSize=1028]
04-22 19:19:59.467  3338  3488 I AppWidgetServiceImpl: updateAppWidgetOptions previous widget options : Bundle[{appWidgetCategory=1, hsMode=OneUI, semWidgetSize=32}]
04-22 19:19:59.468  5627  5627 I HoneySpace.WidgetSizeUtil: [updateWidgetOption - id: 67] printWidgetSize : span: (4, 4), bounds: Rect(343, 480 - 343, 480), appWidgetSize: extralarge(32), density: 3.5, column: 5, row: 6
04-22 19:19:59.468  3338  3606 I AppWidgetServiceImpl: handleSaveMessage 0
04-22 19:19:59.468  5627  5627 I HoneySpace.WorkspaceCellLayout: addItem [3] (1, 0) width=1330, height=2195, spanX=4, spanY=4, view=com.honeyspace.ui.common.widget.WidgetHostViewContainer{8421c83 VFE...C.. ......I. 0,0-0,0} - null, appWidgetId=67, alpha=1.0, spanX=1, spanY=1, isStandardized: false, lastLabel: null, lastCornerRadius: null, lastBackgroundOpacity: 0, lastTransparent: true
04-22 19:19:59.468  5627  5627 I HoneySpace.WhiteBgColorChanger: changeTextColor, isDarkColor = false, isThemeText = true, IconStyle = LabelStyle(hideLabel=true, orientation=0, maxLine=1, textColor=-1, textSize=0.0, shadowRadius=0.0, shadowDx=0.0, shadowDy=0.0, shadowColor=0, applyThemeLabel=true, originalTextSize=11.3)
04-22 19:19:59.468  5627  5627 I HoneySpace.WidgetHostViewContainer: setContainerExpandResult: 67 result: ExpandResult(width=1202, height=1682, ratio=0.8333333), freeGridScale: 1.0
04-22 19:19:59.468  5627  5627 I HoneySpace.BlurBackgroundControllerImpl: updateBackgroundMargin android.widget.FrameLayout$LayoutParams@9283e00 67
04-22 19:19:59.468  5627  5627 I HoneySpace.HoneyAppWidgetHostView: setWidgetExpandResult() ExpandResult(width=1202, height=1682, ratio=0.8333333) (widget id = 67)
04-22 19:19:59.469  3338  4404 D BackgroundInstallControlService: Package event received: 0
04-22 19:19:59.469  3338  3607 I ActivityManager: Changes in 10608 15 to 11, 0 to 128
04-22 19:19:59.470 24891 24891 D AppWidgetProvider: onReceive:android.appwidget.action.APPWIDGET_UPDATE_OPTIONS
04-22 19:19:59.470  5627  5627 I HoneySpace.WorkspaceCellLayout: addItem [3] (1, 0)
04-22 19:19:59.470  5627  5627 I HoneySpace.WorkspaceCellLayout: startPendingWidgetDropAnimationIfNeeded - widgetId: 67
04-22 19:19:59.470  5627  5627 I HoneySpace.WhiteBgColorChanger: changeTextColor, isDarkColor = false, isThemeText = true, IconStyle = LabelStyle(hideLabel=true, orientation=0, maxLine=1, textColor=-1, textSize=0.0, shadowRadius=0.0, shadowDx=0.0, shadowDy=0.0, shadowColor=0, applyThemeLabel=true, originalTextSize=11.3)
