04-22 19:19:28.104  1330 24027 W keystore2: system/security/keystore2/watchdog/src/lib.rs:199 - ThreadId(1362) KeystoreDB::handle_next_superseded_blob load_metadata Started: 04-22 17:19:27.560 UTC Pending: 543.311927ms Overdue 43.312083ms
04-22 19:19:28.104  1330 24027 W keystore2: system/security/keystore2/watchdog/src/lib.rs:199 - ThreadId(1362) KeystoreDB::handle_next_superseded_blob delete v2 Started: 04-22 17:19:27.560 UTC Pending: 543.303437ms Overdue 43.303593ms
04-22 19:19:28.104  5627 14012 I HoneySpace.PackageSourceImpl: addWidgetToList add key:com.google.android.keep/.#UserHandle{0}  info:AppWidgetProviderInfo(UserHandle{0}/ComponentInfo{com.google.android.keep/com.google.android.apps.keep.ui.widgets.singlenote.SingleNoteWidgetProvider})
04-22 19:19:28.104  1330 24027 W keystore2: system/security/keystore2/watchdog/src/lib.rs:211 - ### Keystore Watchdog report - END ###
04-22 19:19:28.104  5627 14012 I HoneySpace.PackageSourceImpl: addWidgetToList make key:com.linkedin.android/.#UserHandle{0}  info:AppWidgetProviderInfo(UserHandle{0}/ComponentInfo{com.linkedin.android/com.linkedin.android.growth.appactivation.appwidgets.highlights.SmallHighlightsWidget})
04-22 19:19:28.104  5627 14012 I HoneySpace.PackageSourceImpl: addWidgetToList add key:com.app.tgtg/.#UserHandle{0}  info:AppWidgetProviderInfo(UserHandle{0}/ComponentInfo{com.app.tgtg/com.app.tgtg.favWidget.FavouritesLargeWidget})
04-22 19:19:28.104  5627 14012 I HoneySpace.PackageSourceImpl: addWidgetToList add key:com.google.android.apps.photos/.#UserHandle{0}  info:AppWidgetProviderInfo(UserHandle{0}/ComponentInfo{com.google.android.apps.photos/com.google.android.apps.photos.widget.WidgetProvider})
04-22 19:19:28.104  5627 14012 I HoneySpace.PackageSourceImpl: addWidgetToList add key:com.sec.android.daemonapp/.#UserHandle{0}  info:AppWidgetProviderInfo(UserHandle{0}/ComponentInfo{com.sec.android.daemonapp/com.sec.android.daemonapp.appwidget.WeatherAppWidget})
04-22 19:19:28.104  5627 14012 I HoneySpace.PackageSourceImpl: addWidgetToList make key:com.duolingo/.#UserHandle{0}  info:AppWidgetProviderInfo(UserHandle{0}/ComponentInfo{com.duolingo/com.duolingo.streak.streakWidget.MediumStreakWidgetProvider})
04-22 19:19:28.104  5627 14012 I HoneySpace.PackageSourceImpl: addWidgetToList make key:com.google.android.apps.docs/.#UserHandle{0}  info:AppWidgetProviderInfo(UserHandle{0}/ComponentInfo{com.google.android.apps.docs/com.google.android.apps.docs.drive.widget.CakemixAppWidgetProvider})
--
04-22 19:19:28.104  5627 14012 I HoneySpace.PackageSourceImpl: addWidgetToList add key:com.samsung.android.app.routines/.#UserHandle{0}  info:AppWidgetProviderInfo(UserHandle{0}/ComponentInfo{com.samsung.android.app.routines/com.samsung.android.app.routines.domainmodel.widget.groupwidget.GroupRoutineWidgetProvider})
04-22 19:19:28.104  5627 14012 I HoneySpace.PackageSourceImpl: addWidgetToList add key:com.google.android.calendar/.#UserHandle{0}  info:AppWidgetProviderInfo(UserHandle{0}/ComponentInfo{com.google.android.calendar/com.google.android.calendar.widgetmonth.MonthViewWidgetProvider})
04-22 19:19:28.104  5627 14012 I HoneySpace.PackageSourceImpl: addWidgetToList add key:com.linkedin.android/.#UserHandle{0}  info:AppWidgetProviderInfo(UserHandle{0}/ComponentInfo{com.linkedin.android/com.linkedin.android.appwidget.ResponsiveWidget})
04-22 19:19:28.104  5627 14012 I HoneySpace.PackageSourceImpl: addWidgetToList add key:com.samsung.android.oneconnect/.#UserHandle{0}  info:AppWidgetProviderInfo(UserHandle{0}/ComponentInfo{com.samsung.android.oneconnect/com.samsung.android.oneconnect.ui.widget.devices.home.singledevicecontrol.tv.oneui7x.provider.TvControlHomeWidgetProvider})
04-22 19:19:28.104  5627 14012 I HoneySpace.PackageSourceImpl: addWidgetToList add key:com.readdle.spark/.#UserHandle{0}  info:AppWidgetProviderInfo(UserHandle{0}/ComponentInfo{com.readdle.spark/com.readdle.spark.widget.mail.actions.LargeMailListWithActionsReceiver})
04-22 19:19:28.104  5627 14012 I HoneySpace.PackageSourceImpl: addWidgetToList make key:com.samsung.android.widget.pictureframe/.#UserHandle{0}  info:AppWidgetProviderInfo(UserHandle{0}/ComponentInfo{com.samsung.android.widget.pictureframe/com.samsung.android.widget.pictureframe.PhotoAppWidgetProvider})
04-22 19:19:28.104  5627 14012 I HoneySpace.PackageSourceImpl: addWidgetToList add key:com.readdle.spark/.#UserHandle{0}  info:AppWidgetProviderInfo(UserHandle{0}/ComponentInfo{com.readdle.spark/com.readdle.spark.widget.mail.calendar.LargeMailListWithCalendarReceiver})
04-22 19:19:28.104  5627 14012 I HoneySpace.PackageSourceImpl: info :AppWidgetProviderInfo(UserHandle{0}/ComponentInfo{com.samsung.android.smartsuggestions/com.samsung.android.smartsuggestions.settings.about.developermode.widget.ShortcutContributionTestWidgetProvider}) hidden from map as requested by provider
04-22 19:19:28.104  5627 14012 I HoneySpace.PackageSourceImpl: addWidgetToList add key:com.linkedin.android/.#UserHandle{0}  info:AppWidgetProviderInfo(UserHandle{0}/ComponentInfo{com.linkedin.android/com.linkedin.android.profile.components.games.widget.GamesWidget})
04-22 19:19:28.104  5627 14012 I HoneySpace.PackageSourceImpl: addWidgetToList add key:com.duolingo/.#UserHandle{0}  info:AppWidgetProviderInfo(UserHandle{0}/ComponentInfo{com.duolingo/com.duolingo.streak.streakWidget.StreakWidgetProvider})
04-22 19:19:28.104  5627 14012 I HoneySpace.PackageSourceImpl: addWidgetToList make key:com.softissimo.reverso.context/.#UserHandle{0}  info:AppWidgetProviderInfo(UserHandle{0}/ComponentInfo{com.softissimo.reverso.context/com.softissimo.reverso.context.widget.screen.large.AppLargeWidget})
04-22 19:19:28.104  5627 14012 I HoneySpace.PackageSourceImpl: addWidgetToList make key:com.spotify.music/.#UserHandle{0}  info:AppWidgetProviderInfo(UserHandle{0}/ComponentInfo{com.spotify.music/com.spotify.proactiveplatforms.npvwidget.NpvWidgetProvider})
04-22 19:19:28.104  5627 14012 I HoneySpace.PackageSourceImpl: addWidgetToList make key:cz.alza.eshop/.#UserHandle{0}  info:AppWidgetProviderInfo(UserHandle{0}/ComponentInfo{cz.alza.eshop/cz.alza.base.android.setup.ui.widget.BarCodeAppWidgetProvider})
04-22 19:19:28.104  5627 14012 I HoneySpace.PackageSourceImpl: addWidgetToList make key:cz.cd.mujvlak.an/.#UserHandle{0}  info:AppWidgetProviderInfo(UserHandle{0}/ComponentInfo{cz.cd.mujvlak.an/com.circlegate.cd.app.receiver.StationAppWidgetProvider$StationAppWidgetProviderTrainsSingleLines})
04-22 19:19:28.104  5627 14012 I HoneySpace.PackageSourceImpl: addWidgetToList add key:cz.cd.mujvlak.an/.#UserHandle{0}  info:AppWidgetProviderInfo(UserHandle{0}/ComponentInfo{cz.cd.mujvlak.an/com.circlegate.cd.app.receiver.TicketAppWidgetProvider})
04-22 19:19:28.104  5627 14012 I HoneySpace.PackageSourceImpl: addWidgetToList make key:com.sec.android.app.sbrowser/.#UserHandle{0}  info:AppWidgetProviderInfo(UserHandle{0}/ComponentInfo{com.sec.android.app.sbrowser/com.sec.android.app.sbrowser.search_widget.SearchWidgetProvider})
04-22 19:19:28.104  5627 14012 I HoneySpace.PackageSourceImpl: info :AppWidgetProviderInfo(UserHandle{0}/ComponentInfo{com.sec.android.app.shealth/com.sec.android.app.shealth.widget.WalkMatePlainAppWidget}) hidden from map as requested by provider
04-22 19:19:28.104  5627 14012 I HoneySpace.PackageSourceImpl: addWidgetToList make key:com.sec.android.app.shealth/.#UserHandle{0}  info:AppWidgetProviderInfo(UserHandle{0}/ComponentInfo{com.sec.android.app.shealth/com.samsung.android.app.shealth.tracker.pedometer.service.StepsComplicationWidgetReceiver})
04-22 19:19:28.104  5627 14012 I HoneySpace.PackageSourceImpl: addWidgetToList add key:com.sec.android.app.shealth/.#UserHandle{0}  info:AppWidgetProviderInfo(UserHandle{0}/ComponentInfo{com.sec.android.app.shealth/com.samsung.android.app.shealth.tracker.sleepWidget.SleepWidget})
04-22 19:19:28.104  5627 14012 I HoneySpace.PackageSourceImpl: addWidgetToList make key:org.androworks.meteor/.#UserHandle{0}  info:AppWidgetProviderInfo(UserHandle{0}/ComponentInfo{org.androworks.meteor/org.androworks.meteor.wg.providers.WidgetOldDark})
04-22 19:19:28.104  5627 14012 I HoneySpace.PackageSourceImpl: addWidgetToList add key:com.softissimo.reverso.context/.#UserHandle{0}  info:AppWidgetProviderInfo(UserHandle{0}/ComponentInfo{com.softissimo.reverso.context/com.softissimo.reverso.context.widget.screen.small.AppSmallWidget})
04-22 19:19:28.104  5627 14012 I HoneySpace.PackageSourceImpl: addWidgetToList add key:org.androworks.meteor/.#UserHandle{0}  info:AppWidgetProviderInfo(UserHandle{0}/ComponentInfo{org.androworks.meteor/org.androworks.meteor.wg.providers.WidgetNeonLight})
04-22 19:19:28.104  5627 14012 I HoneySpace.PackageSourceImpl: addWidgetToList make key:cz.tesco.clubcard/.#UserHandle{0}  info:AppWidgetProviderInfo(UserHandle{0}/ComponentInfo{cz.tesco.clubcard/com.tesco.clubcard.activity.BarcodeWidget})
04-22 19:19:28.104  5627 14012 I HoneySpace.PackageSourceImpl: addWidgetToList make key:cz.vut.mojevut/.#UserHandle{0}  info:AppWidgetProviderInfo(UserHandle{0}/ComponentInfo{cz.vut.mojevut/cz.vut.mojevut.CollectionAppWidgetProvider})
04-22 19:19:28.104  5627 14012 I HoneySpace.PackageSourceImpl: addWidgetToList make key:org.telegram.messenger/.#UserHandle{0}  info:AppWidgetProviderInfo(UserHandle{0}/ComponentInfo{org.telegram.messenger/org.telegram.messenger.ChatsWidgetProvider})
04-22 19:19:28.104  5627 14012 I HoneySpace.PackageSourceImpl: addWidgetToList add key:org.telegram.messenger/.#UserHandle{0}  info:AppWidgetProviderInfo(UserHandle{0}/ComponentInfo{org.telegram.messenger/org.telegram.messenger.ContactsWidgetProvider})
04-22 19:19:28.104  5627 14012 I HoneySpace.PackageSourceImpl: addWidgetToList make key:com.whatsapp/.#UserHandle{0}  info:AppWidgetProviderInfo(UserHandle{0}/ComponentInfo{com.whatsapp/com.whatsapp.appwidget.WidgetProvider})
04-22 19:19:28.104  5627 14012 I HoneySpace.PackageSourceImpl: addWidgetToList add key:org.androworks.meteor/.#UserHandle{0}  info:AppWidgetProviderInfo(UserHandle{0}/ComponentInfo{org.androworks.meteor/org.androworks.meteor.wg.MeteorWidgetProvider})
04-22 19:19:28.104  5627 14012 I HoneySpace.PackageSourceImpl: addWidgetToList make key:com.sec.android.app.voicenote/.#UserHandle{0}  info:AppWidgetProviderInfo(UserHandle{0}/ComponentInfo{com.sec.android.app.voicenote/com.sec.android.app.voicenote.ui.remote.VoiceRecorderGlanceWidgetReceiver})
04-22 19:19:28.104  5627 14012 I HoneySpace.PackageSourceImpl: addWidgetToList make key:cz.seznam.mapy/.#UserHandle{0}  info:AppWidgetProviderInfo(UserHandle{0}/ComponentInfo{cz.seznam.mapy/cz.seznam.mapy.appwidget.DestinationsWidgetReceiver})
04-22 19:19:28.104  5627 14012 I HoneySpace.PackageSourceImpl: addWidgetToList add key:cz.cd.mujvlak.an/.#UserHandle{0}  info:AppWidgetProviderInfo(UserHandle{0}/ComponentInfo{cz.cd.mujvlak.an/com.circlegate.cd.app.receiver.IkAppWidgetProvider})
--
04-22 19:19:43.336  5627 14009 I HoneySpace.PackageSourceImpl: addWidgetToList make key:com.samsung.android.app.routines/.#UserHandle{0}  info:AppWidgetProviderInfo(UserHandle{0}/ComponentInfo{com.samsung.android.app.routines/com.samsung.android.app.routines.domainmodel.widget.singlewidget.SingleRoutineWidgetProvider})
04-22 19:19:43.336  5627 14009 I HoneySpace.PackageSourceImpl: addWidgetToList add key:com.samsung.android.app.routines/.#UserHandle{0}  info:AppWidgetProviderInfo(UserHandle{0}/ComponentInfo{com.samsung.android.app.routines/com.samsung.android.app.routines.domainmodel.widget.singlewidget.SingleModeWidgetProvider})
04-22 19:19:43.336  5627 14009 I HoneySpace.PackageSourceImpl: addWidgetToList add key:com.samsung.android.calendar/.#UserHandle{0}  info:AppWidgetProviderInfo(UserHandle{0}/ComponentInfo{com.samsung.android.calendar/com.android.calendar.widget.list.ListWidgetProvider})
04-22 19:19:43.336  5627 14009 I HoneySpace.PackageSourceImpl: addWidgetToList make key:com.sec.android.app.magnifier/.#UserHandle{0}  info:AppWidgetProviderInfo(UserHandle{0}/ComponentInfo{com.sec.android.app.magnifier/com.sec.android.app.magnifier.MagnifierAppWidget})
04-22 19:19:43.336  5627 14009 I HoneySpace.PackageSourceImpl: addWidgetToList make key:com.sec.android.daemonapp/.#UserHandle{0}  info:AppWidgetProviderInfo(UserHandle{0}/ComponentInfo{com.sec.android.daemonapp/com.sec.android.daemonapp.appwidget.WeatherForecastWidget})
04-22 19:19:43.336  5627 14009 I HoneySpace.PackageSourceImpl: info :AppWidgetProviderInfo(UserHandle{0}/ComponentInfo{com.sec.android.daemonapp/com.sec.android.daemonapp.appwidget.WeatherAestheticAppWidget}) hidden from map as requested by provider
04-22 19:19:43.336  5627 14009 I HoneySpace.PackageSourceImpl: info :AppWidgetProviderInfo(UserHandle{0}/ComponentInfo{com.sec.android.daemonapp/com.sec.android.daemonapp.appwidget.WeatherForecastAppWidget}) hidden from map as requested by provider
04-22 19:19:43.336  5627 14009 I HoneySpace.PackageSourceImpl: addWidgetToList make key:com.facebook.katana/.#UserHandle{0}  info:AppWidgetProviderInfo(UserHandle{0}/ComponentInfo{com.facebook.katana/com.facebook.notifications.appwidget.SmallNotificationsWidgetProvider})
04-22 19:19:43.336  5627 14009 I HoneySpace.PackageSourceImpl: addWidgetToList add key:com.facebook.katana/.#UserHandle{0}  info:AppWidgetProviderInfo(UserHandle{0}/ComponentInfo{com.facebook.katana/com.facebook.notifications.appwidget.MediumNotificationsWidgetProvider})
04-22 19:19:43.336  5627 14009 I HoneySpace.PackageSourceImpl: addWidgetToList make key:com.google.android.calendar/.#UserHandle{0}  info:AppWidgetProviderInfo(UserHandle{0}/ComponentInfo{com.google.android.calendar/com.android.calendar.widget.CalendarAppWidgetProvider})
04-22 19:19:43.336  5627 14009 I HoneySpace.PackageSourceImpl: addWidgetToList make key:com.google.android.apps.youtube.music/.#UserHandle{0}  info:AppWidgetProviderInfo(UserHandle{0}/ComponentInfo{com.google.android.apps.youtube.music/com.google.android.apps.youtube.music.player.widget.gm3.NowPlayingWidgetProvider})
04-22 19:19:43.336  5627 14009 I HoneySpace.PackageSourceImpl: addWidgetToList add key:com.google.android.apps.youtube.music/.#UserHandle{0}  info:AppWidgetProviderInfo(UserHandle{0}/ComponentInfo{com.google.android.apps.youtube.music/com.google.android.apps.youtube.music.player.widget.MusicWidgetProvider})
04-22 19:19:43.336  5627 14009 I HoneySpace.PackageSourceImpl: addWidgetToList make key:com.google.android.keep/.#UserHandle{0}  info:AppWidgetProviderInfo(UserHandle{0}/ComponentInfo{com.google.android.keep/com.google.android.keep.quickaddwidget.QuickAddWidgetProvider})
04-22 19:19:43.336  5627 14009 I HoneySpace.PackageSourceImpl: addWidgetToList make key:com.app.tgtg/.#UserHandle{0}  info:AppWidgetProviderInfo(UserHandle{0}/ComponentInfo{com.app.tgtg/com.app.tgtg.favWidget.FavouritesSmallWidget})
04-22 19:19:43.336  5627 14009 I HoneySpace.PackageSourceImpl: addWidgetToList make key:com.google.android.apps.photos/.#UserHandle{0}  info:AppWidgetProviderInfo(UserHandle{0}/ComponentInfo{com.google.android.apps.photos/com.google.android.apps.photos.widget.people.WidgetProviderPeoplePets})
04-22 19:19:43.336  5627 14009 I HoneySpace.PackageSourceImpl: addWidgetToList add key:com.google.android.keep/.#UserHandle{0}  info:AppWidgetProviderInfo(UserHandle{0}/ComponentInfo{com.google.android.keep/com.google.android.apps.keep.ui.widgets.singlenote.SingleNoteWidgetProvider})
04-22 19:19:43.336  5627 14009 I HoneySpace.PackageSourceImpl: addWidgetToList make key:com.linkedin.android/.#UserHandle{0}  info:AppWidgetProviderInfo(UserHandle{0}/ComponentInfo{com.linkedin.android/com.linkedin.android.growth.appactivation.appwidgets.highlights.SmallHighlightsWidget})
04-22 19:19:43.336  5627 14009 I HoneySpace.PackageSourceImpl: addWidgetToList add key:com.app.tgtg/.#UserHandle{0}  info:AppWidgetProviderInfo(UserHandle{0}/ComponentInfo{com.app.tgtg/com.app.tgtg.favWidget.FavouritesLargeWidget})
04-22 19:19:43.336  5627 14009 I HoneySpace.PackageSourceImpl: addWidgetToList add key:com.google.android.apps.photos/.#UserHandle{0}  info:AppWidgetProviderInfo(UserHandle{0}/ComponentInfo{com.google.android.apps.photos/com.google.android.apps.photos.widget.WidgetProvider})
04-22 19:19:43.336  5627 14009 I HoneySpace.PackageSourceImpl: addWidgetToList add key:com.sec.android.daemonapp/.#UserHandle{0}  info:AppWidgetProviderInfo(UserHandle{0}/ComponentInfo{com.sec.android.daemonapp/com.sec.android.daemonapp.appwidget.WeatherAppWidget})
04-22 19:19:43.336  5627 14009 I HoneySpace.PackageSourceImpl: addWidgetToList make key:com.duolingo/.#UserHandle{0}  info:AppWidgetProviderInfo(UserHandle{0}/ComponentInfo{com.duolingo/com.duolingo.streak.streakWidget.MediumStreakWidgetProvider})
04-22 19:19:43.336  5627 14009 I HoneySpace.PackageSourceImpl: addWidgetToList make key:com.google.android.apps.docs/.#UserHandle{0}  info:AppWidgetProviderInfo(UserHandle{0}/ComponentInfo{com.google.android.apps.docs/com.google.android.apps.docs.drive.widget.CakemixAppWidgetProvider})
04-22 19:19:43.336  5627 14009 I HoneySpace.PackageSourceImpl: addWidgetToList add key:com.google.android.apps.youtube.music/.#UserHandle{0}  info:AppWidgetProviderInfo(UserHandle{0}/ComponentInfo{com.google.android.apps.youtube.music/com.google.android.apps.youtube.music.player.widget.gm3.FreeformMusicWidgetProvider})
04-22 19:19:43.336  5627 14009 I HoneySpace.PackageSourceImpl: addWidgetToList make key:com.sec.android.app.launcher/.#UserHandle{0}  info:AppWidgetProviderInfo(UserHandle{0}/ComponentInfo{com.sec.android.app.launcher/com.android.homescreen.easyWidget.EasyModeWidgetProvider})
04-22 19:19:43.336  5627 14009 I HoneySpace.PackageSourceImpl: addWidgetToList make key:com.samsung.android.app.interpreter/.#UserHandle{0}  info:AppWidgetProviderInfo(UserHandle{0}/ComponentInfo{com.samsung.android.app.interpreter/com.samsung.android.app.interpreter.interpretation.receiver.InterpretationAppWidgetListeningProvider})
04-22 19:19:43.336  5627 14009 I HoneySpace.PackageSourceImpl: info :AppWidgetProviderInfo(UserHandle{0}/ComponentInfo{com.sec.android.daemonapp/com.sec.android.daemonapp.appwidget.WeatherAppWidget2x1}) hidden from map as requested by provider
04-22 19:19:43.336  5627 14009 I HoneySpace.PackageSourceImpl: addWidgetToList add key:com.samsung.android.app.interpreter/.#UserHandle{0}  info:AppWidgetProviderInfo(UserHandle{0}/ComponentInfo{com.samsung.android.app.interpreter/com.samsung.android.app.interpreter.interpretation.receiver.InterpretationAppWidgetConversationProvider})
04-22 19:19:43.336  5627 14009 I HoneySpace.PackageSourceImpl: addWidgetToList add key:com.google.android.keep/.#UserHandle{0}  info:AppWidgetProviderInfo(UserHandle{0}/ComponentInfo{com.google.android.keep/com.google.android.keep.homescreenwidget.MemoryAppWidgetProvider})
04-22 19:19:43.336  5627 14009 I HoneySpace.PackageSourceImpl: addWidgetToList make key:com.philips.lighting.hue2/.#UserHandle{0}  info:AppWidgetProviderInfo(UserHandle{0}/ComponentInfo{com.philips.lighting.hue2/com.signify.widgets.SingleActionWidget})
04-22 19:19:43.336  5627 14009 I HoneySpace.PackageSourceImpl: addWidgetToList make key:com.samsung.android.app.notes/.#UserHandle{0}  info:AppWidgetProviderInfo(UserHandle{0}/ComponentInfo{com.samsung.android.app.notes/com.samsung.android.app.notes.widget.WidgetToolBarProvider})
04-22 19:19:43.336  5627 14009 I HoneySpace.PackageSourceImpl: addWidgetToList make key:com.samsung.accessory.jellymgr/.#UserHandle{0}  info:AppWidgetProviderInfo(UserHandle{0}/ComponentInfo{com.samsung.accessory.jellymgr/com.samsung.accessory.hearablemgr.core.appwidget.WidgetBudsControllerProvider})
--
04-22 19:19:43.336  5627 14009 I HoneySpace.PackageSourceImpl: addWidgetToList add key:com.samsung.android.app.routines/.#UserHandle{0}  info:AppWidgetProviderInfo(UserHandle{0}/ComponentInfo{com.samsung.android.app.routines/com.samsung.android.app.routines.domainmodel.widget.groupwidget.GroupRoutineWidgetProvider})
04-22 19:19:43.336  5627 14009 I HoneySpace.PackageSourceImpl: addWidgetToList add key:com.google.android.calendar/.#UserHandle{0}  info:AppWidgetProviderInfo(UserHandle{0}/ComponentInfo{com.google.android.calendar/com.google.android.calendar.widgetmonth.MonthViewWidgetProvider})
04-22 19:19:43.336  5627 14009 I HoneySpace.PackageSourceImpl: addWidgetToList add key:com.linkedin.android/.#UserHandle{0}  info:AppWidgetProviderInfo(UserHandle{0}/ComponentInfo{com.linkedin.android/com.linkedin.android.appwidget.ResponsiveWidget})
04-22 19:19:43.336  5627 14009 I HoneySpace.PackageSourceImpl: addWidgetToList add key:com.samsung.android.oneconnect/.#UserHandle{0}  info:AppWidgetProviderInfo(UserHandle{0}/ComponentInfo{com.samsung.android.oneconnect/com.samsung.android.oneconnect.ui.widget.devices.home.singledevicecontrol.tv.oneui7x.provider.TvControlHomeWidgetProvider})
04-22 19:19:43.336  5627 14009 I HoneySpace.PackageSourceImpl: addWidgetToList add key:com.readdle.spark/.#UserHandle{0}  info:AppWidgetProviderInfo(UserHandle{0}/ComponentInfo{com.readdle.spark/com.readdle.spark.widget.mail.actions.LargeMailListWithActionsReceiver})
04-22 19:19:43.336  5627 14009 I HoneySpace.PackageSourceImpl: addWidgetToList make key:com.samsung.android.widget.pictureframe/.#UserHandle{0}  info:AppWidgetProviderInfo(UserHandle{0}/ComponentInfo{com.samsung.android.widget.pictureframe/com.samsung.android.widget.pictureframe.PhotoAppWidgetProvider})
04-22 19:19:43.336  5627 14009 I HoneySpace.PackageSourceImpl: addWidgetToList add key:com.readdle.spark/.#UserHandle{0}  info:AppWidgetProviderInfo(UserHandle{0}/ComponentInfo{com.readdle.spark/com.readdle.spark.widget.mail.calendar.LargeMailListWithCalendarReceiver})
04-22 19:19:43.336  5627 14009 I HoneySpace.PackageSourceImpl: info :AppWidgetProviderInfo(UserHandle{0}/ComponentInfo{com.samsung.android.smartsuggestions/com.samsung.android.smartsuggestions.settings.about.developermode.widget.ShortcutContributionTestWidgetProvider}) hidden from map as requested by provider
04-22 19:19:43.336  5627 14009 I HoneySpace.PackageSourceImpl: addWidgetToList add key:com.linkedin.android/.#UserHandle{0}  info:AppWidgetProviderInfo(UserHandle{0}/ComponentInfo{com.linkedin.android/com.linkedin.android.profile.components.games.widget.GamesWidget})
04-22 19:19:43.336  5627 14009 I HoneySpace.PackageSourceImpl: addWidgetToList add key:com.duolingo/.#UserHandle{0}  info:AppWidgetProviderInfo(UserHandle{0}/ComponentInfo{com.duolingo/com.duolingo.streak.streakWidget.StreakWidgetProvider})
04-22 19:19:43.336  5627 14009 I HoneySpace.PackageSourceImpl: addWidgetToList make key:com.softissimo.reverso.context/.#UserHandle{0}  info:AppWidgetProviderInfo(UserHandle{0}/ComponentInfo{com.softissimo.reverso.context/com.softissimo.reverso.context.widget.screen.large.AppLargeWidget})
04-22 19:19:43.336  5627 14009 I HoneySpace.PackageSourceImpl: addWidgetToList make key:com.spotify.music/.#UserHandle{0}  info:AppWidgetProviderInfo(UserHandle{0}/ComponentInfo{com.spotify.music/com.spotify.proactiveplatforms.npvwidget.NpvWidgetProvider})
04-22 19:19:43.336  5627 14009 I HoneySpace.PackageSourceImpl: addWidgetToList make key:cz.alza.eshop/.#UserHandle{0}  info:AppWidgetProviderInfo(UserHandle{0}/ComponentInfo{cz.alza.eshop/cz.alza.base.android.setup.ui.widget.BarCodeAppWidgetProvider})
04-22 19:19:43.336  5627 14009 I HoneySpace.PackageSourceImpl: addWidgetToList make key:cz.cd.mujvlak.an/.#UserHandle{0}  info:AppWidgetProviderInfo(UserHandle{0}/ComponentInfo{cz.cd.mujvlak.an/com.circlegate.cd.app.receiver.StationAppWidgetProvider$StationAppWidgetProviderTrainsSingleLines})
04-22 19:19:43.336  5627 14009 I HoneySpace.PackageSourceImpl: addWidgetToList add key:cz.cd.mujvlak.an/.#UserHandle{0}  info:AppWidgetProviderInfo(UserHandle{0}/ComponentInfo{cz.cd.mujvlak.an/com.circlegate.cd.app.receiver.TicketAppWidgetProvider})
04-22 19:19:43.336  5627 14009 I HoneySpace.PackageSourceImpl: addWidgetToList make key:com.sec.android.app.sbrowser/.#UserHandle{0}  info:AppWidgetProviderInfo(UserHandle{0}/ComponentInfo{com.sec.android.app.sbrowser/com.sec.android.app.sbrowser.search_widget.SearchWidgetProvider})
04-22 19:19:43.336  5627 14009 I HoneySpace.PackageSourceImpl: info :AppWidgetProviderInfo(UserHandle{0}/ComponentInfo{com.sec.android.app.shealth/com.sec.android.app.shealth.widget.WalkMatePlainAppWidget}) hidden from map as requested by provider
04-22 19:19:43.336  5627 14009 I HoneySpace.PackageSourceImpl: addWidgetToList make key:com.sec.android.app.shealth/.#UserHandle{0}  info:AppWidgetProviderInfo(UserHandle{0}/ComponentInfo{com.sec.android.app.shealth/com.samsung.android.app.shealth.tracker.pedometer.service.StepsComplicationWidgetReceiver})
04-22 19:19:43.336  5627 14009 I HoneySpace.PackageSourceImpl: addWidgetToList add key:com.sec.android.app.shealth/.#UserHandle{0}  info:AppWidgetProviderInfo(UserHandle{0}/ComponentInfo{com.sec.android.app.shealth/com.samsung.android.app.shealth.tracker.sleepWidget.SleepWidget})
04-22 19:19:43.336  5627 14009 I HoneySpace.PackageSourceImpl: addWidgetToList make key:org.androworks.meteor/.#UserHandle{0}  info:AppWidgetProviderInfo(UserHandle{0}/ComponentInfo{org.androworks.meteor/org.androworks.meteor.wg.providers.WidgetOldDark})
04-22 19:19:43.336  5627 14009 I HoneySpace.PackageSourceImpl: addWidgetToList add key:com.softissimo.reverso.context/.#UserHandle{0}  info:AppWidgetProviderInfo(UserHandle{0}/ComponentInfo{com.softissimo.reverso.context/com.softissimo.reverso.context.widget.screen.small.AppSmallWidget})
04-22 19:19:43.336  5627 14009 I HoneySpace.PackageSourceImpl: addWidgetToList add key:org.androworks.meteor/.#UserHandle{0}  info:AppWidgetProviderInfo(UserHandle{0}/ComponentInfo{org.androworks.meteor/org.androworks.meteor.wg.providers.WidgetNeonLight})
04-22 19:19:43.336  5627 14009 I HoneySpace.PackageSourceImpl: addWidgetToList make key:cz.tesco.clubcard/.#UserHandle{0}  info:AppWidgetProviderInfo(UserHandle{0}/ComponentInfo{cz.tesco.clubcard/com.tesco.clubcard.activity.BarcodeWidget})
04-22 19:19:43.336  5627 14009 I HoneySpace.PackageSourceImpl: addWidgetToList make key:cz.vut.mojevut/.#UserHandle{0}  info:AppWidgetProviderInfo(UserHandle{0}/ComponentInfo{cz.vut.mojevut/cz.vut.mojevut.CollectionAppWidgetProvider})
04-22 19:19:43.336  5627 14009 I HoneySpace.PackageSourceImpl: addWidgetToList make key:org.telegram.messenger/.#UserHandle{0}  info:AppWidgetProviderInfo(UserHandle{0}/ComponentInfo{org.telegram.messenger/org.telegram.messenger.ChatsWidgetProvider})
04-22 19:19:43.336  5627 14009 I HoneySpace.PackageSourceImpl: addWidgetToList add key:org.telegram.messenger/.#UserHandle{0}  info:AppWidgetProviderInfo(UserHandle{0}/ComponentInfo{org.telegram.messenger/org.telegram.messenger.ContactsWidgetProvider})
04-22 19:19:43.336  5627 14009 I HoneySpace.PackageSourceImpl: addWidgetToList make key:com.whatsapp/.#UserHandle{0}  info:AppWidgetProviderInfo(UserHandle{0}/ComponentInfo{com.whatsapp/com.whatsapp.appwidget.WidgetProvider})
04-22 19:19:43.336  5627 14009 I HoneySpace.PackageSourceImpl: addWidgetToList add key:org.androworks.meteor/.#UserHandle{0}  info:AppWidgetProviderInfo(UserHandle{0}/ComponentInfo{org.androworks.meteor/org.androworks.meteor.wg.MeteorWidgetProvider})
04-22 19:19:43.337  5627 14009 I HoneySpace.PackageSourceImpl: addWidgetToList make key:com.sec.android.app.voicenote/.#UserHandle{0}  info:AppWidgetProviderInfo(UserHandle{0}/ComponentInfo{com.sec.android.app.voicenote/com.sec.android.app.voicenote.ui.remote.VoiceRecorderGlanceWidgetReceiver})
04-22 19:19:43.337  5627 14009 I HoneySpace.PackageSourceImpl: addWidgetToList make key:cz.seznam.mapy/.#UserHandle{0}  info:AppWidgetProviderInfo(UserHandle{0}/ComponentInfo{cz.seznam.mapy/cz.seznam.mapy.appwidget.DestinationsWidgetReceiver})
04-22 19:19:43.337  5627 14009 I HoneySpace.PackageSourceImpl: addWidgetToList add key:cz.cd.mujvlak.an/.#UserHandle{0}  info:AppWidgetProviderInfo(UserHandle{0}/ComponentInfo{cz.cd.mujvlak.an/com.circlegate.cd.app.receiver.IkAppWidgetProvider})
--
04-22 19:19:43.337  5627 14009 I HoneySpace.PackageSourceImpl: addWidgetToList make key:com.healthtrackerapp/.#UserHandle{0}  info:AppWidgetProviderInfo(UserHandle{0}/ComponentInfo{com.healthtrackerapp/com.healthtrackerapp.widgets.providers.RoutineWidgetProvider})
04-22 19:19:43.337  5627 14009 I HoneySpace.PackageSourceImpl: addWidgetToList add key:com.healthtrackerapp/.#UserHandle{0}  info:AppWidgetProviderInfo(UserHandle{0}/ComponentInfo{com.healthtrackerapp/com.healthtrackerapp.widgets.providers.AsNeededWidgetProvider})
04-22 19:19:43.337  5627 14009 I HoneySpace.PackageSourceImpl: addWidgetToList add key:com.healthtrackerapp/.#UserHandle{0}  info:AppWidgetProviderInfo(UserHandle{0}/ComponentInfo{com.healthtrackerapp/com.healthtrackerapp.widgets.providers.AppointmentWidgetProvider})
04-22 19:19:43.337 23208 23208 I Routine@Core[4.9.04.13]: MetadataLoaderJobService: onCreate
04-22 19:19:43.340  4818 24835 I ProximityAuth: [RecentAppsMediator] Package added: (user=UserHandle{0}) com.healthtrackerapp
04-22 19:19:43.341  5627 14009 I HoneySpace.PackageSourceImpl: addShortcutToList make key:com.google.android.apps.maps/.#UserHandle{0}  info:android.content.pm.LauncherActivityInfo@6de58bf
04-22 19:19:43.341  5627 14009 I HoneySpace.PackageSourceImpl: addShortcutToList add key:com.google.android.apps.maps/.#UserHandle{0}  info:android.content.pm.LauncherActivityInfo@e702b8c
04-22 19:19:43.341  5627 14009 I HoneySpace.PackageSourceImpl: addShortcutToList add key:com.google.android.apps.maps/.#UserHandle{0}  info:android.content.pm.LauncherActivityInfo@d4f62d5
04-22 19:19:43.341  5627 14009 I HoneySpace.PackageSourceImpl: addShortcutToList add key:com.google.android.apps.maps/.#UserHandle{0}  info:android.content.pm.LauncherActivityInfo@a82aea
04-22 19:19:43.341  5627 14009 I HoneySpace.PackageSourceImpl: addShortcutToList add key:com.google.android.apps.maps/.#UserHandle{0}  info:android.content.pm.LauncherActivityInfo@fa9c1db
04-22 19:19:43.341  5627 14009 I HoneySpace.PackageSourceImpl: addShortcutToList make key:com.google.android.gm/.#UserHandle{0}  info:android.content.pm.LauncherActivityInfo@eba7478
04-22 19:19:43.341  5627 14009 I HoneySpace.PackageSourceImpl: addShortcutToList make key:com.google.android.googlequicksearchbox/.#UserHandle{0}  info:android.content.pm.LauncherActivityInfo@1b05751
04-22 19:19:43.341  5627 14009 I HoneySpace.PackageSourceImpl: addShortcutToList make key:com.samsung.android.app.contacts/.#UserHandle{0}  info:android.content.pm.LauncherActivityInfo@c560bb6
04-22 19:19:43.341  5627 14009 I HoneySpace.PackageSourceImpl: addShortcutToList make key:com.google.android.apps.docs/.#UserHandle{0}  info:android.content.pm.LauncherActivityInfo@cf8a0b7
04-22 19:19:43.341  5627 14009 I HoneySpace.PackageSourceImpl: addShortcutToList add key:com.google.android.apps.docs/.#UserHandle{0}  info:android.content.pm.LauncherActivityInfo@b5e6024
04-22 19:19:43.341  5627 14009 I HoneySpace.PackageSourceImpl: addShortcutToList make key:com.google.android.apps.docs.editors.docs/.#UserHandle{0}  info:android.content.pm.LauncherActivityInfo@852178d
04-22 19:19:43.341  5627 14009 I HoneySpace.PackageSourceImpl: addShortcutToList make key:com.microsoft.skydrive/.#UserHandle{0}  info:android.content.pm.LauncherActivityInfo@22f2d42
04-22 19:19:43.341  5627 14009 I HoneySpace.PackageSourceImpl: addShortcutToList make key:com.whatsapp/.#UserHandle{0}  info:android.content.pm.LauncherActivityInfo@ec9153
04-22 19:19:43.341  5627 14009 I HoneySpace.PackageSourceImpl: addShortcutToList add key:com.whatsapp/.#UserHandle{0}  info:android.content.pm.LauncherActivityInfo@2335a90
04-22 19:19:43.341  3338  6793 I AppWidgetServiceImpl: getInstalledProvidersForProfiles lock in null
04-22 19:19:43.342  3338  6793 I AppWidgetServiceImpl: getInstalledProvidersForProfiles lock exit 0
04-22 19:19:43.342  3338  6021 W ParceledListSlice: Element #31 is 20236 bytes.
04-22 19:19:43.344  5627 14009 I HoneySpace.PackageSourceImpl: addShortcutToList make key:com.google.android.apps.maps/.#UserHandle{150}  info:android.content.pm.LauncherActivityInfo@d59f89
04-22 19:19:43.344  5627 14009 I HoneySpace.PackageSourceImpl: addShortcutToList add key:com.google.android.apps.maps/.#UserHandle{150}  info:android.content.pm.LauncherActivityInfo@e86db8e
04-22 19:19:43.344  5627 14009 I HoneySpace.PackageSourceImpl: addShortcutToList add key:com.google.android.apps.maps/.#UserHandle{150}  info:android.content.pm.LauncherActivityInfo@424efaf
04-22 19:19:43.344  5627 14009 I HoneySpace.PackageSourceImpl: addShortcutToList add key:com.google.android.apps.maps/.#UserHandle{150}  info:android.content.pm.LauncherActivityInfo@51b8fbc
04-22 19:19:43.344  5627 14009 I HoneySpace.PackageSourceImpl: addShortcutToList add key:com.google.android.apps.maps/.#UserHandle{150}  info:android.content.pm.LauncherActivityInfo@9efab45
04-22 19:19:43.344  5627 14009 I HoneySpace.PackageSourceImpl: addShortcutToList make key:com.google.android.googlequicksearchbox/.#UserHandle{150}  info:android.content.pm.LauncherActivityInfo@d99229a
04-22 19:19:43.344  5627 14009 I HoneySpace.PackageSourceImpl: addShortcutToList make key:com.samsung.android.app.contacts/.#UserHandle{150}  info:android.content.pm.LauncherActivityInfo@fdad7cb
04-22 19:19:43.346 13278 24833 I Auth    : (REDACTED) [SupervisedAccountIntentOperation] onHandleIntent: %s
04-22 19:19:43.352  3338  4055 V InputMethodManagerService: Found an input method InputMethodInfo{com.touchtype.swiftkey/com.touchtype.KeyboardService, settings: com.touchtype.LauncherActivityFromSystemSettings, languageSettings: null}
--
04-22 19:19:44.646 24891 24891 E WindowManager: Couldn't add view: android.widget.PopupWindow$PopupDecorView{1a10676 V.E...... R.....I. 0,0-0,0}
04-22 19:19:44.646 24891 24891 E WindowManager: android.view.WindowManager$BadTokenException: Unable to add window -- token null is not valid; is your activity running?
04-22 19:19:44.646 24891 24891 E WindowManager: 	at android.view.ViewRootImpl.setView(ViewRootImpl.java:2042)
04-22 19:19:44.646 24891 24891 E WindowManager: 	at android.view.WindowManagerGlobal.addView(WindowManagerGlobal.java:604)
04-22 19:19:44.646 24891 24891 E WindowManager: 	at android.view.WindowManagerImpl.addView(WindowManagerImpl.java:158)
04-22 19:19:44.646 24891 24891 E WindowManager: 	at android.widget.PopupWindow.invokePopup(PopupWindow.java:1692)
04-22 19:19:44.646 24891 24891 E WindowManager: 	at android.widget.PopupWindow.showAtLocation(PopupWindow.java:1418)
04-22 19:19:44.646 24891 24891 E WindowManager: 	at android.widget.PopupWindow.showAtLocation(PopupWindow.java:1384)
04-22 19:19:44.646 24891 24891 E WindowManager: 	at com.facebook.react.devsupport.DefaultDevLoadingViewImplementation.showInternal(DefaultDevLoadingViewImplementation.kt:148)
04-22 19:19:44.646 24891 24891 E WindowManager: 	at com.facebook.react.devsupport.DefaultDevLoadingViewImplementation.showMessage$lambda$0(DefaultDevLoadingViewImplementation.kt:50)
04-22 19:19:44.646 24891 24891 E WindowManager: 	at com.facebook.react.devsupport.DefaultDevLoadingViewImplementation.$r8$lambda$rdWVX5QrGUmEjCcjBrWuy86IyRY(Unknown Source:0)
04-22 19:19:44.646 24891 24891 E WindowManager: 	at com.facebook.react.devsupport.DefaultDevLoadingViewImplementation$$ExternalSyntheticLambda4.run(D8$$SyntheticClass:0)
04-22 19:19:44.646 24891 24891 E WindowManager: 	at android.os.Handler.handleCallback(Handler.java:995)
04-22 19:19:44.646 24891 24891 E WindowManager: 	at android.os.Handler.dispatchMessage(Handler.java:103)
04-22 19:19:44.646 24891 24891 E WindowManager: 	at android.os.Looper.loopOnce(Looper.java:273)
04-22 19:19:44.646 24891 24891 E WindowManager: 	at android.os.Looper.loop(Looper.java:363)
04-22 19:19:44.646 24891 24891 E WindowManager: 	at android.app.ActivityThread.main(ActivityThread.java:10060)
04-22 19:19:44.646 24891 24891 E WindowManager: 	at java.lang.reflect.Method.invoke(Native Method)
04-22 19:19:44.646 24891 24891 E WindowManager: 	at com.android.internal.os.RuntimeInit$MethodAndArgsCaller.run(RuntimeInit.java:632)
04-22 19:19:44.646 24891 24891 E WindowManager: 	at com.android.internal.os.ZygoteInit.main(ZygoteInit.java:975)
04-22 19:19:44.646 24891 24891 I WindowManager: WindowManagerGlobal#removeView, ty=1000, view=android.widget.PopupWindow$PopupDecorView{1a10676 V.E...... R.....I. 0,0-0,0}, caller=android.view.WindowManagerGlobal.addView:611 android.view.WindowManagerImpl.addView:158 android.widget.PopupWindow.invokePopup:1692 
04-22 19:19:44.646 24891 24946 D HWUI    : CacheManager::trimMemory(20)
04-22 19:19:44.647 24891 24891 E unknown:ReactNative: Unable to display loading message because react activity isn't active, message: Loading from localhost:8081…
04-22 19:19:44.648 24891 24891 I IDS_TAG : Background Changed updated UI for IDS
04-22 19:19:44.649 23208 23421 I Routine@Core[4.9.04.13]: AppFunctionsActionHandler: isSupported: supportStatus = SUPPORTED, tag = appfunction://com.samsung.android.support.senl.nt.app.main.appfunction#NoteFunctions_updateNote
04-22 19:19:44.649 24891 24891 I IDS_TAG : Background Changed updated UI for IDS
04-22 19:19:44.649  2081  2081 I sec_fr_SehFace: SehFace::getServicePid
04-22 19:19:44.649  2081  2081 I sec_fr_SehFace: FaceServicePID : 2081
04-22 19:19:44.649  2552 13520 E cameraserver: isBiometricsFaceService : face AIDL HAL Pid(2081) is not same with callingPid(24952)
04-22 19:19:44.650 24891 24891 I IDS_TAG : View Inflated updated UI for IDS
04-22 19:19:44.650 24891 24891 I IDS_TAG : Background Color Changed updated UI for IDS
--
04-22 19:19:44.653 24891 24891 E WindowManager: Couldn't add view: android.widget.PopupWindow$PopupDecorView{f6c2314 V.E...... R.....I. 0,0-0,0}
04-22 19:19:44.653 24891 24891 E WindowManager: android.view.WindowManager$BadTokenException: Unable to add window -- token null is not valid; is your activity running?
04-22 19:19:44.653 24891 24891 E WindowManager: 	at android.view.ViewRootImpl.setView(ViewRootImpl.java:2042)
04-22 19:19:44.653 24891 24891 E WindowManager: 	at android.view.WindowManagerGlobal.addView(WindowManagerGlobal.java:604)
04-22 19:19:44.653 24891 24891 E WindowManager: 	at android.view.WindowManagerImpl.addView(WindowManagerImpl.java:158)
04-22 19:19:44.653 24891 24891 E WindowManager: 	at android.widget.PopupWindow.invokePopup(PopupWindow.java:1692)
04-22 19:19:44.653 24891 24891 E WindowManager: 	at android.widget.PopupWindow.showAtLocation(PopupWindow.java:1418)
04-22 19:19:44.653 24891 24891 E WindowManager: 	at android.widget.PopupWindow.showAtLocation(PopupWindow.java:1384)
04-22 19:19:44.653 24891 24891 E WindowManager: 	at com.facebook.react.devsupport.DefaultDevLoadingViewImplementation.showInternal(DefaultDevLoadingViewImplementation.kt:148)
04-22 19:19:44.653 24891 24891 E WindowManager: 	at com.facebook.react.devsupport.DefaultDevLoadingViewImplementation.showMessage$lambda$0(DefaultDevLoadingViewImplementation.kt:50)
04-22 19:19:44.653 24891 24891 E WindowManager: 	at com.facebook.react.devsupport.DefaultDevLoadingViewImplementation.$r8$lambda$rdWVX5QrGUmEjCcjBrWuy86IyRY(Unknown Source:0)
04-22 19:19:44.653 24891 24891 E WindowManager: 	at com.facebook.react.devsupport.DefaultDevLoadingViewImplementation$$ExternalSyntheticLambda4.run(D8$$SyntheticClass:0)
04-22 19:19:44.653 24891 24891 E WindowManager: 	at android.os.Handler.handleCallback(Handler.java:995)
04-22 19:19:44.653 24891 24891 E WindowManager: 	at android.os.Handler.dispatchMessage(Handler.java:103)
04-22 19:19:44.653 24891 24891 E WindowManager: 	at android.os.Looper.loopOnce(Looper.java:273)
04-22 19:19:44.653 24891 24891 E WindowManager: 	at android.os.Looper.loop(Looper.java:363)
04-22 19:19:44.653 24891 24891 E WindowManager: 	at android.app.ActivityThread.main(ActivityThread.java:10060)
04-22 19:19:44.653 24891 24891 E WindowManager: 	at java.lang.reflect.Method.invoke(Native Method)
04-22 19:19:44.653 24891 24891 E WindowManager: 	at com.android.internal.os.RuntimeInit$MethodAndArgsCaller.run(RuntimeInit.java:632)
04-22 19:19:44.653 24891 24891 E WindowManager: 	at com.android.internal.os.ZygoteInit.main(ZygoteInit.java:975)
04-22 19:19:44.653  8248 24315 I CameraManagerGlobal: onCameraDeviceStateChangedLocked: post device state update
04-22 19:19:44.653 24891 24891 I WindowManager: WindowManagerGlobal#removeView, ty=1000, view=android.widget.PopupWindow$PopupDecorView{f6c2314 V.E...... R.....I. 0,0-0,0}, caller=android.view.WindowManagerGlobal.addView:611 android.view.WindowManagerImpl.addView:158 android.widget.PopupWindow.invokePopup:1692 
04-22 19:19:44.653  3338  4031 I RequestInjectorService: Samsung Camera is opened. ignore VT Camera Setting.
04-22 19:19:44.653  5161  8236 I CameraManagerGlobal: onCameraDeviceStateChangedLocked: post device state update
04-22 19:19:44.653 24952 24991 I CameraManagerGlobal: Camera 1 facing CAMERA_FACING_FRONT state now CAMERA_STATE_OPENING for client com.samsung.android.smartface API Level 2 User Id 0Device Id 0
04-22 19:19:44.653 28125 28250 I CameraManagerGlobal: Camera 1 facing CAMERA_FACING_FRONT state now CAMERA_STATE_OPENING for client com.samsung.android.smartface API Level 2 User Id 0Device Id 0
04-22 19:19:44.653 24891 24946 D HWUI    : CacheManager::trimMemory(20)
04-22 19:19:44.653  8117  3282 I CameraManagerGlobal: Camera 1 facing CAMERA_FACING_FRONT state now CAMERA_STATE_OPENING for client com.samsung.android.smartface API Level 2 User Id 0Device Id 0
04-22 19:19:44.654 24891 24891 E unknown:ReactNative: Unable to display loading message because react activity isn't active, message: Reloading...
04-22 19:19:44.653 20946 25209 I CameraManagerGlobal: Camera 1 facing CAMERA_FACING_FRONT state now CAMERA_STATE_OPENING for client com.samsung.android.smartface API Level 2 User Id 0Device Id 0
04-22 19:19:44.654  2552 13520 D ijt/Camera3-RequestInjector: RequestInjector[1] Mapper created
--
04-22 19:19:45.695  5627 23372 I HoneySpace.PackageSourceImpl: addWidgetToList remove duplicated key:com.healthtrackerapp/.#UserHandle{0}  info:AppWidgetProviderInfo(UserHandle{0}/ComponentInfo{com.healthtrackerapp/com.healthtrackerapp.widgets.providers.RoutineWidgetProvider})
04-22 19:19:45.695  5627 23372 I HoneySpace.PackageSourceImpl: addWidgetToList add key:com.healthtrackerapp/.#UserHandle{0}  info:AppWidgetProviderInfo(UserHandle{0}/ComponentInfo{com.healthtrackerapp/com.healthtrackerapp.widgets.providers.RoutineWidgetProvider})
04-22 19:19:45.695  5627 23372 I HoneySpace.PackageSourceImpl: addWidgetToList remove duplicated key:com.healthtrackerapp/.#UserHandle{0}  info:AppWidgetProviderInfo(UserHandle{0}/ComponentInfo{com.healthtrackerapp/com.healthtrackerapp.widgets.providers.AsNeededWidgetProvider})
04-22 19:19:45.695  5627 23372 I HoneySpace.PackageSourceImpl: addWidgetToList add key:com.healthtrackerapp/.#UserHandle{0}  info:AppWidgetProviderInfo(UserHandle{0}/ComponentInfo{com.healthtrackerapp/com.healthtrackerapp.widgets.providers.AsNeededWidgetProvider})
04-22 19:19:45.695  5627 23372 I HoneySpace.PackageSourceImpl: addWidgetToList remove duplicated key:com.healthtrackerapp/.#UserHandle{0}  info:AppWidgetProviderInfo(UserHandle{0}/ComponentInfo{com.healthtrackerapp/com.healthtrackerapp.widgets.providers.AppointmentWidgetProvider})
04-22 19:19:45.695  5627 23372 I HoneySpace.PackageSourceImpl: addWidgetToList add key:com.healthtrackerapp/.#UserHandle{0}  info:AppWidgetProviderInfo(UserHandle{0}/ComponentInfo{com.healthtrackerapp/com.healthtrackerapp.widgets.providers.AppointmentWidgetProvider})
04-22 19:19:45.695  5627 23372 I HoneySpace.PackageSourceImpl: package added info list size : 1
04-22 19:19:45.696  5627  5627 I HoneySpace.HoneySpaceManagerContainer: packageUpdateEvent - com.honeyspace.sdk.source.entity.PackageOperation$Added@7f16af2
04-22 19:19:45.696  5627 23374 I HoneySpace.HoneySpacePackageSourceImpl: Package added : com.healthtrackerapp
04-22 19:19:45.696  5627 23373 I HoneySpace.HistoryViewModel@23256053@OneUI: handlePackageEvent
04-22 19:19:45.696  5627 23373 I HoneySpace.HistoryViewModel@23256053@OneUI: skip for alone
04-22 19:19:45.704  5627  5627 I HoneySpace.HoneySpacePackageSourceImpl: getHiddenItems : 1
04-22 19:19:45.705  5627  5627 I HoneySpace.WorkspaceViewModel: Package added : com.healthtrackerapp/.MainActivity#UserHandle{0}
04-22 19:19:45.705 24909 24922 I AppClassifier: Category not present in BloomFilter, Checking in Manifest:- com.healthtrackerapp
04-22 19:19:45.705  5627  5627 I HoneySpace.HoneySpacePackageSourceImpl: getHiddenItems : 1
04-22 19:19:45.706  5627  5627 I HoneySpace.EventListenerRegistry: pendingPackageOperation : pending = false, com.honeyspace.sdk.source.entity.PackageOperation$Added@7f16af2
04-22 19:19:45.707  5627  5627 I HoneySpace.HoneySpacePackageSourceImpl: getHiddenItems : 1
04-22 19:19:45.707 25127 25127 D CompatChangeReporter: Compat change id reported: 352594277; UID 10537; state: ENABLED
04-22 19:19:45.707  5627  5627 I HoneySpace.PackageEventHandler: Package added : com.healthtrackerapp/.MainActivity#UserHandle{0}
04-22 19:19:45.710  5627  5627 I HoneySpace.HoneySpacePackageSourceImpl: getHiddenItems : 1
04-22 19:19:45.714  5627  5627 I HoneySpace.HoneySpacePackageSourceImpl: getHiddenItems : 1
04-22 19:19:45.715  5627  5627 I HoneySpace.HoneySpacePackageSourceImpl: getHiddenItems : 1
04-22 19:19:45.715  5627  5627 I HoneySpace.HoneySpacePackageSourceImpl: getHiddenItems : 1
04-22 19:19:45.717 24909 24922 I AppClassifier: Category not found in BF and Manifest for pkg :- com.healthtrackerapp
04-22 19:19:45.717 24909 24922 I AppCategoryExecutor: convertToParcel() executed
04-22 19:19:45.718 24909 24922 I AppCategoryExecutor: AppCategoryDetail is : AppCategoryDetail{mPackageName='com.healthtrackerapp', mCategoryString='', mCategoryId=-1}
04-22 19:19:45.718 24909 24922 I AppCategoryExecutor: Response is : [AppCategoryDetail{mPackageName='com.healthtrackerapp', mCategoryString='', mCategoryId=-1}]
04-22 19:19:45.721 24674 24896 I AiPrivacy::AiAppEventWorker: result : Success {mOutputData=Data {}}, ADDED
04-22 19:19:45.724  3338  3606 W UserManagerService: onPackageModified for another profile 0 from 150
04-22 19:19:45.724  3338  3606 D LauncherApps: onPackageChanged 0,com.healthtrackerapp
04-22 19:19:45.724  5627  5627 I HoneySpace.PackageOperationTracker: onPackageChanged - com.healthtrackerapp UserHandle{0}
04-22 19:19:45.724  8112  9004 D LauncherApps: onPackageChanged 0,com.healthtrackerapp
--
04-22 19:19:45.729  5627 19039 I HoneySpace.PackageSourceImpl: addWidgetToList make key:com.healthtrackerapp/.#UserHandle{0}  info:AppWidgetProviderInfo(UserHandle{0}/ComponentInfo{com.healthtrackerapp/com.healthtrackerapp.widgets.providers.RoutineWidgetProvider})
04-22 19:19:45.729  5627 19039 I HoneySpace.PackageSourceImpl: addWidgetToList add key:com.healthtrackerapp/.#UserHandle{0}  info:AppWidgetProviderInfo(UserHandle{0}/ComponentInfo{com.healthtrackerapp/com.healthtrackerapp.widgets.providers.AsNeededWidgetProvider})
04-22 19:19:45.729  5627 19039 I HoneySpace.PackageSourceImpl: addWidgetToList add key:com.healthtrackerapp/.#UserHandle{0}  info:AppWidgetProviderInfo(UserHandle{0}/ComponentInfo{com.healthtrackerapp/com.healthtrackerapp.widgets.providers.AppointmentWidgetProvider})
04-22 19:19:45.730 24854 24873 I WM-WorkerWrapper: Worker result SUCCESS for Work [ id=67ebd508-5c10-4b87-ade2-fbf81d65f2d5, tags={ com.samsung.android.kmxservice.ai.event.AiAppEventWorker } ]
04-22 19:19:45.731  5627 19039 I HoneySpace.IconCache: remove icon cache & DB : com.healthtrackerapp UserHandle{0}
04-22 19:19:45.731  5627 19039 I HoneySpace.IconCache: removeSpecificIconDb: com.healthtrackerapp UserHandle{0}
04-22 19:19:45.733  5627 20344 I AppIconSolution: getThemeIconWithBG called with public API, pkg = com.healthtrackerapp, mode = 48
04-22 19:19:45.737  5627 19039 I AppIconSolution: getThemeIconWithBG called with public API, pkg = com.healthtrackerapp, mode = 48
04-22 19:19:45.739  5627 20344 I Kumiho-Kumiho: getPackageName: com.sec.android.app.launcher
04-22 19:19:45.739  5627 20344 I AppIconSolution: start to load, pkg=com.healthtrackerapp, bg=192-192, dr=192-192, forDefault=true, density=640
04-22 19:19:45.740  5627 19039 I Kumiho-Kumiho: getPackageName: com.sec.android.app.launcher
04-22 19:19:45.740  5627 19039 I AppIconSolution: start to load, pkg=com.healthtrackerapp, bg=192-192, dr=192-192, forDefault=true, density=640
04-22 19:19:45.740  5627 20344 I AppIconSolution: getIconScale, pkg=com.healthtrackerapp, size=192, iconScale=IconScale[alpha=19, scale=1.0, isCrop=true]
04-22 19:19:45.741  5627 19039 I AppIconSolution: getIconScale, pkg=com.healthtrackerapp, size=192, iconScale=IconScale[alpha=19, scale=1.0, isCrop=true]
04-22 19:19:45.742  5627 20344 I Kumiho-Kumiho: getPackageName: com.sec.android.app.launcher
04-22 19:19:45.742  5627 19039 I Kumiho-Kumiho: getPackageName: com.sec.android.app.launcher
04-22 19:19:45.742  5627 20344 I Kumiho-Kumiho: getPackageName: com.sec.android.app.launcher
04-22 19:19:45.743  5627 19039 I Kumiho-Kumiho: getPackageName: com.sec.android.app.launcher
04-22 19:19:45.743  5627 20344 I AppIconSolution: default container[CROP], pkg=com.healthtrackerapp, bg=154-154, dr=192-192, isNight = true
04-22 19:19:45.744  3338  6868 I ActivityManager: Changes in 10376 8 to 10, 128 to 0
04-22 19:19:45.745  5627 19039 I AppIconSolution: default container[CROP], pkg=com.healthtrackerapp, bg=154-154, dr=192-192, isNight = true
04-22 19:19:45.746  5627 20344 I LauncherActivityInfo: packageName: com.healthtrackerapp, useThemeIcon: false, height: 154, width: 154, density: 640
04-22 19:19:45.747  5627 19039 I LauncherActivityInfo: packageName: com.healthtrackerapp, useThemeIcon: false, height: 154, width: 154, density: 640
04-22 19:19:45.751  5627 23372 I HoneySpace.IconCache: add icon DB: [com.healthtrackerapp/.MainActivity#UserHandle{0}] - IconAndLabel(icon=android.graphics.Bitmap@40e6c95, label=HealthTrackerApp) | false | 640 | false |true | -14510710
