04-24 14:26:31.120  2086  2146 I HYPER-HAL: [RequestManager.cpp]acquire(): Acquired ID : 34266811  [8248 / 30]    HINT : TA_TOUCH_SHARE    list : [TIMEOUT / 1500] 
04-24 14:26:31.131 18045 18045 I HoneySpace.HomeView: findControllerToHandleTouch ev = 2
04-24 14:26:31.131 18045 18045 I HoneySpace.FinderTouchController: onControllerInterceptTouchEvent :: canInterceptTouch() = false, QuickOptionUtil.isShowQuickOption() : true QuickOptionUtil.isDragging : false
04-24 14:26:31.131 18045 18045 I HoneySpace.HomeAppsTouchController: currentChangeState : com.honeyspace.sdk.HomeScreen$Normal@a9fa0f9, currentHoneyState : com.honeyspace.sdk.HomeScreen$Normal@a9fa0f9, EditLockPopup : false, isOpenFolderMode : false, isChildScrolling : false, isDragAnimRunning : false
04-24 14:26:31.131 18045 18045 I HoneySpace.HomeAppsTouchController: currentChangeState : com.honeyspace.sdk.HomeScreen$Normal@a9fa0f9, currentHoneyState : com.honeyspace.sdk.HomeScreen$Normal@a9fa0f9, EditLockPopup : false, isOpenFolderMode : false, isChildScrolling : false, isDragAnimRunning : false
04-24 14:26:31.131 18045 18045 I HoneySpace.HomeAppsTouchController: onControllerInterceptTouchEvent :: canInterceptTouch() = true, QuickOptionUtil.isShowQuickOption() : true QuickOptionUtil.isDragging : false
04-24 14:26:31.131 18045 18045 I HoneySpace.PageEditTouchController: onControllerInterceptTouchEvent, isShowQuickOption=true, isDragging=false, isAvailablePinchZoomState=true, homeDataLoading=false, isRunningPageReorder=false, currentChangeState=com.honeyspace.sdk.HomeScreen$Normal@a9fa0f9, gestureRunning=false, appClosing=false,
04-24 14:26:31.131 18045 18045 I HoneySpace.MinusOnePageController: onControllerInterceptTouchEvent :: , QuickOptionUtil.isShowQuickOption = true, QuickOptionUtil.isDragging = false, isOnStateTransition = false, isTouchEventInGestureActionArea = false, isDragAnimRunning = false, isAppClosing = false
04-24 14:26:31.131 18045 18045 I HoneySpace.WorkspaceFastRecyclerView: onInterceptTouchEvent() isShowQuickOption
04-24 14:26:31.139 18045 18045 I HoneySpace.HomeView: findControllerToHandleTouch ev = 2
04-24 14:26:31.139 18045 18045 I HoneySpace.FinderTouchController: onControllerInterceptTouchEvent :: canInterceptTouch() = false, QuickOptionUtil.isShowQuickOption() : true QuickOptionUtil.isDragging : false
04-24 14:26:31.139 18045 18045 I HoneySpace.HomeAppsTouchController: currentChangeState : com.honeyspace.sdk.HomeScreen$Normal@a9fa0f9, currentHoneyState : com.honeyspace.sdk.HomeScreen$Normal@a9fa0f9, EditLockPopup : false, isOpenFolderMode : false, isChildScrolling : false, isDragAnimRunning : false
04-24 14:26:31.139 18045 18045 I HoneySpace.HomeAppsTouchController: currentChangeState : com.honeyspace.sdk.HomeScreen$Normal@a9fa0f9, currentHoneyState : com.honeyspace.sdk.HomeScreen$Normal@a9fa0f9, EditLockPopup : false, isOpenFolderMode : false, isChildScrolling : false, isDragAnimRunning : false
04-24 14:26:31.139 18045 18045 I HoneySpace.HomeAppsTouchController: onControllerInterceptTouchEvent :: canInterceptTouch() = true, QuickOptionUtil.isShowQuickOption() : true QuickOptionUtil.isDragging : false
04-24 14:26:31.139 18045 18045 I HoneySpace.PageEditTouchController: onControllerInterceptTouchEvent, isShowQuickOption=true, isDragging=false, isAvailablePinchZoomState=true, homeDataLoading=false, isRunningPageReorder=false, currentChangeState=com.honeyspace.sdk.HomeScreen$Normal@a9fa0f9, gestureRunning=false, appClosing=false,
04-24 14:26:31.139 18045 18045 I HoneySpace.MinusOnePageController: onControllerInterceptTouchEvent :: , QuickOptionUtil.isShowQuickOption = true, QuickOptionUtil.isDragging = false, isOnStateTransition = false, isTouchEventInGestureActionArea = false, isDragAnimRunning = false, isAppClosing = false
--
04-24 14:26:32.686 18045 18045 I HoneySpace.DataCache: updateItem : id=290957, title=null, type=WIDGET, containerType=ITEM_GROUP, containerId=13, x=1, y=1, rank=-1, spanX=4, spanY=4, scale=1.0, component=com.healthtrackerapp/.widgets.providers.AppointmentWidgetProvider, profileId=0, intent=null, restored=0, hidden=UNHIDDEN, appWidgetId=95, options=0, refPackageName=null
04-24 14:26:32.689 18045 18045 I HoneySpace.GestureInputHandler: reset
04-24 14:26:32.689 18045 18045 I HoneySpace.InputSession: close
04-24 14:26:32.703  2208  2481 I CompositionEngine: [setDisplaySize] size=(573, 53)
04-24 14:26:32.766  2066  6589 I vendor.qti.bluetooth@1.1-ibs_handler: ProcessIbsCmd: Received IBS_WAKE_IND: 0xFD
04-24 14:26:32.766  2066  6589 D vendor.qti.bluetooth@1.1-ibs_handler: SerialClockVote: vote for UART CLK ON
04-24 14:26:32.766  2066  6589 I vendor.qti.bluetooth@1.1-ibs_handler: ProcessIbsCmd: Writing IBS_WAKE_ACK
04-24 14:26:32.769  4972  6603 I ScanController: onScanResult to scannerId: 9- eventType=0x10, addressType=0, address=XX:XX:XX:XX:6C:FB, primaryPhy=1, secondaryPhy=0, advertisingSid=0xff, txPower=127, rssi=-70, periodicAdvInt=0x0
04-24 14:26:32.770 14394 14757 I [+0200]oneconnect[1.8.45.24_01][CORE]: DataConvert.parseBleVd - deviceBle : |name:|deviceType:TV|discoverType:_BLE|services:None|connected:false[TvStatusString]POWER_OFF[TvStatus]-128[TvService]102[TvMirrorChannel]1[TvRegisteredDB][0, 0, 0, 0, 0, 0][TvYear]2016[TvOcfInfo]0[TvAcmStatus]0[ExTvStatus]0[ExtendedStatus]-1[ModuloSn]-1
04-24 14:26:32.800 18045 18051 I id.app.launcher: NativeAlloc concurrent mark compact GC freed 23MB AllocSpace bytes, 4(84KB) LOS objects, 66% free, 21MB/65MB, paused 373us,767us total 100.036ms
04-24 14:26:32.802  2208  2284 I SurfaceFlinger: id=35520 Removed Transition Root: Task=37030#35520 (296)
04-24 14:26:32.802  2142  2142 E ANDR-PERF-MPCTL: ANDR-PERF-MPCTL: internal_perf_lock_acq_verification() 385: Perflock Submit request limit reached.
04-24 14:26:32.803  2208  2481 I CompositionEngine: [setDisplaySize] size=(573, 53)
04-24 14:26:32.806  2208  2208 I SurfaceFlinger: destroyed Surface(name=Task=37043)/@0xbea0eef_transition-leash#35523 form LifecycleManager
04-24 14:26:32.806  2208  2208 I SurfaceFlinger: destroyed Surface(name=TransientLaunchOverlayToken{3af9016 token=android.os.BinderProxy@de5b131})/@0x11d5cc9_transition-leash#35521 form LifecycleManager
04-24 14:26:32.807  2208  2208 I SurfaceFlinger: destroyed Surface(name=Task=37030)/@0x83befce_transition-leash#35522 form LifecycleManager
04-24 14:26:32.807  2208  2208 I SurfaceFlinger: destroyed Transition Root: Task=37030#35520 form LifecycleManager
04-24 14:26:32.807  2208  2208 I SurfaceFlinger: id=35523 onLayerDestroyed from LayerHierarchyBuilder(RequestedLayerState{Surface(name=Task=37043)/@0xbea0eef_transition-leash#35523 !handle z=2147483647})
04-24 14:26:32.807  2208  2208 I SurfaceFlinger: id=35521 onLayerDestroyed from LayerHierarchyBuilder(RequestedLayerState{Surface(name=TransientLaunchOverlayToken{3af9016 token=android.os.BinderProxy@de5b131})/@0x11d5cc9_transition-leash#35521 !handle z=2})
04-24 14:26:32.807  2208  2208 I SurfaceFlinger: id=35522 onLayerDestroyed from LayerHierarchyBuilder(RequestedLayerState{Surface(name=Task=37030)/@0x83befce_transition-leash#35522 !handle z=1})
04-24 14:26:32.807  2208  2208 I SurfaceFlinger: id=35520 onLayerDestroyed from LayerHierarchyBuilder(RequestedLayerState{Transition Root: Task=37030#35520 !handle})
04-24 14:26:32.808  2066  6589 I vendor.qti.bluetooth@1.1-ibs_handler: ProcessIbsCmd: Received IBS_SLEEP_IND: 0xFE
04-24 14:26:32.808  2066  6589 D vendor.qti.bluetooth@1.1-ibs_handler: SerialClockVote: vote for UART CLK OFF
04-24 14:26:32.809  2208  2208 I Layer   : id=35523 Destroyed Surface(name=Task=37043)/@0xbea0eef_transition-leash#35523
04-24 14:26:32.809  2208  2208 I Layer   : id=35521 Destroyed Surface(name=TransientLaunchOverlayToken{3af9016 token=android.os.BinderProxy@de5b131})/@0x11d5cc9_transition-leash#35521
04-24 14:26:32.809  2208  2208 I Layer   : id=35522 Destroyed Surface(name=Task=37030)/@0x83befce_transition-leash#35522
04-24 14:26:32.809  2208  2208 I Layer   : id=35520 Destroyed Transition Root: Task=37030#35520
04-24 14:26:32.831 18045 18053 W System  : A resource failed to call release. 
04-24 14:26:32.831 18045 18053 W System  : A resource failed to call release. 
04-24 14:26:32.831 18045 18053 W System  : A resource failed to call release. 
04-24 14:26:32.831 18045 18053 W System  : A resource failed to call release. 
--
04-24 14:26:33.778 18045 18045 I HoneySpace.DataCache: updateItem : id=290957, title=null, type=WIDGET, containerType=ITEM_GROUP, containerId=13, x=1, y=1, rank=-1, spanX=4, spanY=3, scale=1.0, component=com.healthtrackerapp/.widgets.providers.AppointmentWidgetProvider, profileId=0, intent=null, restored=0, hidden=UNHIDDEN, appWidgetId=95, options=0, refPackageName=null
04-24 14:26:33.779 18045 18045 I HoneySpace.WorkspaceDragOperation: initTempPlacement page=Grid_5x6 temp=Grid_5x6
04-24 14:26:33.779 18045 18045 I HoneySpace.WorkspaceCellLayout: widget resized with no collision
04-24 14:26:33.779 18045 18045 I HoneySpace.GridResizableFrame: resizeIfNeeded span : Point(4, 3) Point(0, 0)
04-24 14:26:33.779  3338  7561 D VibratorManagerService: converted usage = TOUCH(18)
04-24 14:26:33.780 18045 18045 I HoneySpace.PhoneIconStyleFactory: init densityDpi=560
04-24 14:26:33.780  3338  7561 D VibratorManagerService: vibrate - uid: 10141, opPkg: com.sec.android.app.launcher, effect: Mono{mEffect=Composed{segments=[SemHaptic{mType=50065, mMagnitude=-1}], repeat=-1, mMagnitudeType=TYPE_EXTRA}}, attrs: VibrationAttributes{mUsage=TOUCH, mAudioUsage= USAGE_UNKNOWN, mFlags=0, tags=}, reason: performHapticFeedback(constant=50065): ViewRootImpl#performHapticFeedback, token: com.android.server.vibrator.VibratorManagerService@e59fd5e
04-24 14:26:33.780 18045 18045 I HoneySpace.PhoneIconStyleFactory: setDisplayOptionList 560 0
04-24 14:26:33.780  3338  7561 D SingleVibrationSession: semIndexVibrate : EFFECT_TICK(41), repeat: -1, usage: TOUCH(18), magnitude: 8000
04-24 14:26:33.780  3338  7561 D VibratorManagerService: Starting vibrate for vibration 4087
04-24 14:26:33.780 18045 18045 I HoneySpace.PhoneIconStyleFactory: setDisplayOptionList: 560 IconDisplayOption(itemSizeList=[ItemSize(size=0.144, isLand=false, hideLabel=false, adjustSizeByLevel=[{SMALL=-0.012}, {LARGE=0.008}]), ItemSize(size=0.147, isLand=true, hideLabel=false, adjustSizeByLevel=[{SMALL=-0.012}, {LARGE=0.008}]), ItemSize(size=0.152, isLand=false, hideLabel=true, adjustSizeByLevel=[{SMALL=-0.012}, {LARGE=0.008}]), ItemSize(size=0.147, isLand=true, hideLabel=true, adjustSizeByLevel=[{SMALL=-0.012}, {LARGE=0.008}])], iconDrawablePadding=0.003, iconDrawablePaddingLand=0.003, iconTextSize=11.3, iconTextSizeLand=11.3)
04-24 14:26:33.780 18045 18045 I HoneySpace.PhoneIconStyleFactory: setDisplayOptionList: 560 IconDisplayOption(itemSizeList=[ItemSize(size=0.198, isLand=false, hideLabel=false, adjustSizeByLevel=[{SMALL=-0.01}, {LARGE=0.015}]), ItemSize(size=0.198, isLand=true, hideLabel=false, adjustSizeByLevel=[{SMALL=-0.012}, {LARGE=0.008}]), ItemSize(size=0.198, isLand=false, hideLabel=true, adjustSizeByLevel=[{SMALL=-0.01}, {LARGE=0.015}]), ItemSize(size=0.198, isLand=true, hideLabel=true, adjustSizeByLevel=[{SMALL=-0.012}, {LARGE=0.008}])], iconDrawablePadding=0.003, iconDrawablePaddingLand=0.003, iconTextSize=12.3, iconTextSizeLand=12.3)
04-24 14:26:33.780 18045 18045 I HoneySpace.PhoneIconStyleFactory: setDisplayOptionList: 560 IconDisplayOption(itemSizeList=[ItemSize(size=0.161, isLand=false, hideLabel=false, adjustSizeByLevel=[{SMALL=-0.01}, {LARGE=0.015}]), ItemSize(size=0.147, isLand=true, hideLabel=false, adjustSizeByLevel=[{SMALL=-0.012}, {LARGE=0.008}]), ItemSize(size=0.17, isLand=false, hideLabel=true, adjustSizeByLevel=[{SMALL=-0.01}, {LARGE=0.015}]), ItemSize(size=0.172, isLand=true, hideLabel=true, adjustSizeByLevel=[{SMALL=-0.012}, {LARGE=0.008}])], iconDrawablePadding=0.003, iconDrawablePaddingLand=0.003, iconTextSize=11.5, iconTextSizeLand=11.5)
04-24 14:26:33.780  3338  7561 D VibratorManagerService: Check AppOp mode VIBRATE for uid 10141 and package com.sec.android.app.launcher returned audio=allow, op=allow
04-24 14:26:33.780 18045 18045 I HoneySpace.PhoneIconStyleFactory: setDisplayOptionList: 560 IconDisplayOption(itemSizeList=[ItemSize(size=0.198, isLand=false, hideLabel=false, adjustSizeByLevel=[{SMALL=-0.01}, {LARGE=0.015}]), ItemSize(size=0.198, isLand=true, hideLabel=false, adjustSizeByLevel=[{SMALL=-0.012}, {LARGE=0.008}]), ItemSize(size=0.198, isLand=false, hideLabel=true, adjustSizeByLevel=[{SMALL=-0.01}, {LARGE=0.015}]), ItemSize(size=0.198, isLand=true, hideLabel=true, adjustSizeByLevel=[{SMALL=-0.012}, {LARGE=0.008}])], iconDrawablePadding=0.003, iconDrawablePaddingLand=0.003, iconTextSize=12.3, iconTextSizeLand=12.3)
04-24 14:26:33.780  3338  7561 D VibratorManagerService: Starting vibration 4087 on thread
04-24 14:26:33.780 18045 18045 I HoneySpace.HoneySpaceManagerContainer: getWindowBounds, key = (com.sec.android.app.launcher.Launcher, 0)
04-24 14:26:33.780  3338  7561 D VibratorManagerService: Start AppOp mode VIBRATE for uid 10141 and package com.sec.android.app.launcher returned allow
04-24 14:26:33.780 18045 18045 I HoneySpace.WhiteBgColorChanger: changeTextColor, isDarkColor = false, isThemeText = true, IconStyle = LabelStyle(hideLabel=true, orientation=0, maxLine=1, textColor=-1, textSize=0.0, shadowRadius=0.0, shadowDx=0.0, shadowDy=0.0, shadowColor=0, applyThemeLabel=false, originalTextSize=11.3)
04-24 14:26:33.781  3338  4028 D VibrationThread: Playing vibration id 4087 StartSequentialEffectStep
04-24 14:26:33.781  3338  4028 D VibrationThread: StartSequentialEffectStep for effect #0
04-24 14:26:33.781  3338  4028 D SemHapticStep: sepIndex=41, intensity=8000, repeat=false, duration=110
04-24 14:26:33.781  3338  4028 D SemHapticStep: Turning on vibrator 0 for 110ms
04-24 14:26:33.781 18045 18045 I HoneySpace.WidgetHostViewContainer: updateWidgetSize SpannableStyle(size=1002x1036, drawablePadding=0, position=Point(31, 31), innerPadding=Point(11, 11), labelVisibility=4, appliedScale=1.0, labelStyle=LabelStyle(hideLabel=true, orientation=0, maxLine=1, textColor=-197380, textSize=0.0, shadowRadius=2.0, shadowDx=0.0, shadowDy=0.0, shadowColor=872415232, applyThemeLabel=true, originalTextSize=11.3)) : 95
04-24 14:26:33.781 18045 18045 I HoneySpace.WidgetHostViewContainer: update spannableStyle: 95 | SpannableStyle(size=1002x1036, drawablePadding=0, position=Point(31, 31), innerPadding=Point(11, 11), labelVisibility=4, appliedScale=1.0, labelStyle=LabelStyle(hideLabel=true, orientation=0, maxLine=1, textColor=-197380, textSize=0.0, shadowRadius=2.0, shadowDx=0.0, shadowDy=0.0, shadowColor=872415232, applyThemeLabel=true, originalTextSize=11.3))
04-24 14:26:33.782 18045 18045 I HoneySpace.WidgetHostViewContainer: setContainerExpandResult: 95 result: ExpandResult(width=1202, height=1243, ratio=0.8333333), freeGridScale: 1.0
04-24 14:26:33.784  2162  2162 E SecVibrator-HAL-AIDL-EXT: V_5_0: performPrebakedHapticPattern 41 : 8000 : 0
04-24 14:26:33.784  2162  2162 E SecVibrator-HAL-AIDL-CORE: HW_API: [setForceFeedbackAmplitude]amplitude: 8000
04-24 14:26:33.787 18045 18045 I HoneySpace.WidgetSizeUtil: [updateWidgetOption - id: 95] printWidgetScaledSizes - displayPx: (1440, 3088), widgetSizePx: (1002, 1036), expandResultPx: (1202, 1243), expandRatio: 0.8333333, sizes: (343.42856x355.14285), configuration: {0.8 230mcc2mnc [en_US] ldltr sw411dp w411dp h882dp 560dpi nrml long port night finger -keyb/v/h -nav/h winConfig={ mBounds=Rect(0, 0 - 1440, 3088) mAppBounds=Rect(0, 0 - 1440, 3088) mMaxBounds=Rect(0, 0 - 1440, 3088) mDisplayRotation=ROTATION_0 mWindowingMode=fullscreen mActivityType=home mAlwaysOnTop=undefined mRotation=ROTATION_0 mStageConfig=undefined mEmbedActivityMode=undefined mPopOver=off mOverlappingWithCutout=false} s.3 fontWeightAdjustment=0 ff=0 bf=-1 bts=0 cst=1.0 nightDim=0 themeSeq=0}, hashCode: @c244536
04-24 14:26:33.789  3338  7561 I AppWidgetServiceImpl: updateAppWidgetOptions callingPackage :com.sec.android.app.launcher, appWidgetId : 95, options = Bundle[mParcelledData.dataSize=1028]
04-24 14:26:33.789  3338  7561 I AppWidgetServiceImpl: updateAppWidgetOptions previous widget options : Bundle[{hsWidgetDisplayId=0, hsResizeRatio=0.8333333, appWidgetMaxHeight=480, semAppWidgetRowSpan=4, appWidgetCategory=1, semAppWidgetColumnSpan=4, hsMode=OneUI, appWidgetMaxWidth=343, hsHomeGrid=Supplier{VAL_PARCELABLE@372+68}, appWidgetMinHeight=480, semWidgetSize=32, semDisplayDensity=3.5, semWidgetStyle=1, darkModeStatus=32, hsIconLabelEnabled=true, hsForcedOrientation=0, appWidgetMinWidth=343, semHostType=1, hsWidgetLabelEnabled=false, hsCurrentOrientation=1, appWidgetSizes=[343.42856x480.57144]}]
--
04-24 14:26:34.485 18045 18045 I HoneySpace.DataCache: updateItem : id=290957, title=null, type=WIDGET, containerType=ITEM_GROUP, containerId=13, x=1, y=1, rank=-1, spanX=4, spanY=2, scale=1.0, component=com.healthtrackerapp/.widgets.providers.AppointmentWidgetProvider, profileId=0, intent=null, restored=0, hidden=UNHIDDEN, appWidgetId=95, options=0, refPackageName=null
04-24 14:26:34.485 18045 18045 I HoneySpace.WorkspaceDragOperation: initTempPlacement page=Grid_5x6 temp=Grid_5x6
04-24 14:26:34.485 18045 18045 I HoneySpace.WorkspaceCellLayout: widget resized with no collision
04-24 14:26:34.485 18045 18045 I HoneySpace.GridResizableFrame: resizeIfNeeded span : Point(4, 2) Point(0, 0)
04-24 14:26:34.485  3338  7561 D VibratorManagerService: converted usage = TOUCH(18)
04-24 14:26:34.486 18045 18045 I HoneySpace.PhoneIconStyleFactory: init densityDpi=560
04-24 14:26:34.486  3338  7561 D VibratorManagerService: vibrate - uid: 10141, opPkg: com.sec.android.app.launcher, effect: Mono{mEffect=Composed{segments=[SemHaptic{mType=50065, mMagnitude=-1}], repeat=-1, mMagnitudeType=TYPE_EXTRA}}, attrs: VibrationAttributes{mUsage=TOUCH, mAudioUsage= USAGE_UNKNOWN, mFlags=0, tags=}, reason: performHapticFeedback(constant=50065): ViewRootImpl#performHapticFeedback, token: com.android.server.vibrator.VibratorManagerService@e59fd5e
04-24 14:26:34.486 18045 18045 I HoneySpace.PhoneIconStyleFactory: setDisplayOptionList 560 0
04-24 14:26:34.486  3338  7561 D SingleVibrationSession: semIndexVibrate : EFFECT_TICK(41), repeat: -1, usage: TOUCH(18), magnitude: 8000
04-24 14:26:34.486  3338  7561 D VibratorManagerService: Starting vibrate for vibration 4088
04-24 14:26:34.486 18045 18045 I HoneySpace.PhoneIconStyleFactory: setDisplayOptionList: 560 IconDisplayOption(itemSizeList=[ItemSize(size=0.144, isLand=false, hideLabel=false, adjustSizeByLevel=[{SMALL=-0.012}, {LARGE=0.008}]), ItemSize(size=0.147, isLand=true, hideLabel=false, adjustSizeByLevel=[{SMALL=-0.012}, {LARGE=0.008}]), ItemSize(size=0.152, isLand=false, hideLabel=true, adjustSizeByLevel=[{SMALL=-0.012}, {LARGE=0.008}]), ItemSize(size=0.147, isLand=true, hideLabel=true, adjustSizeByLevel=[{SMALL=-0.012}, {LARGE=0.008}])], iconDrawablePadding=0.003, iconDrawablePaddingLand=0.003, iconTextSize=11.3, iconTextSizeLand=11.3)
04-24 14:26:34.486 18045 18045 I HoneySpace.PhoneIconStyleFactory: setDisplayOptionList: 560 IconDisplayOption(itemSizeList=[ItemSize(size=0.198, isLand=false, hideLabel=false, adjustSizeByLevel=[{SMALL=-0.01}, {LARGE=0.015}]), ItemSize(size=0.198, isLand=true, hideLabel=false, adjustSizeByLevel=[{SMALL=-0.012}, {LARGE=0.008}]), ItemSize(size=0.198, isLand=false, hideLabel=true, adjustSizeByLevel=[{SMALL=-0.01}, {LARGE=0.015}]), ItemSize(size=0.198, isLand=true, hideLabel=true, adjustSizeByLevel=[{SMALL=-0.012}, {LARGE=0.008}])], iconDrawablePadding=0.003, iconDrawablePaddingLand=0.003, iconTextSize=12.3, iconTextSizeLand=12.3)
04-24 14:26:34.486 18045 18045 I HoneySpace.PhoneIconStyleFactory: setDisplayOptionList: 560 IconDisplayOption(itemSizeList=[ItemSize(size=0.161, isLand=false, hideLabel=false, adjustSizeByLevel=[{SMALL=-0.01}, {LARGE=0.015}]), ItemSize(size=0.147, isLand=true, hideLabel=false, adjustSizeByLevel=[{SMALL=-0.012}, {LARGE=0.008}]), ItemSize(size=0.17, isLand=false, hideLabel=true, adjustSizeByLevel=[{SMALL=-0.01}, {LARGE=0.015}]), ItemSize(size=0.172, isLand=true, hideLabel=true, adjustSizeByLevel=[{SMALL=-0.012}, {LARGE=0.008}])], iconDrawablePadding=0.003, iconDrawablePaddingLand=0.003, iconTextSize=11.5, iconTextSizeLand=11.5)
04-24 14:26:34.486 18045 18045 I HoneySpace.PhoneIconStyleFactory: setDisplayOptionList: 560 IconDisplayOption(itemSizeList=[ItemSize(size=0.198, isLand=false, hideLabel=false, adjustSizeByLevel=[{SMALL=-0.01}, {LARGE=0.015}]), ItemSize(size=0.198, isLand=true, hideLabel=false, adjustSizeByLevel=[{SMALL=-0.012}, {LARGE=0.008}]), ItemSize(size=0.198, isLand=false, hideLabel=true, adjustSizeByLevel=[{SMALL=-0.01}, {LARGE=0.015}]), ItemSize(size=0.198, isLand=true, hideLabel=true, adjustSizeByLevel=[{SMALL=-0.012}, {LARGE=0.008}])], iconDrawablePadding=0.003, iconDrawablePaddingLand=0.003, iconTextSize=12.3, iconTextSizeLand=12.3)
04-24 14:26:34.486 18045 18045 I HoneySpace.HoneySpaceManagerContainer: getWindowBounds, key = (com.sec.android.app.launcher.Launcher, 0)
04-24 14:26:34.486  3338  7561 D VibratorManagerService: Check AppOp mode VIBRATE for uid 10141 and package com.sec.android.app.launcher returned audio=allow, op=allow
04-24 14:26:34.486  3338  7561 D VibratorManagerService: Starting vibration 4088 on thread
04-24 14:26:34.486  3338  7561 D VibratorManagerService: Start AppOp mode VIBRATE for uid 10141 and package com.sec.android.app.launcher returned allow
04-24 14:26:34.486 18045 18045 I HoneySpace.WhiteBgColorChanger: changeTextColor, isDarkColor = false, isThemeText = true, IconStyle = LabelStyle(hideLabel=true, orientation=0, maxLine=1, textColor=-1, textSize=0.0, shadowRadius=0.0, shadowDx=0.0, shadowDy=0.0, shadowColor=0, applyThemeLabel=false, originalTextSize=11.3)
04-24 14:26:34.487 18045 18045 I HoneySpace.WidgetHostViewContainer: updateWidgetSize SpannableStyle(size=1002x670, drawablePadding=0, position=Point(31, 31), innerPadding=Point(11, 11), labelVisibility=4, appliedScale=1.0, labelStyle=LabelStyle(hideLabel=true, orientation=0, maxLine=1, textColor=-197380, textSize=0.0, shadowRadius=2.0, shadowDx=0.0, shadowDy=0.0, shadowColor=872415232, applyThemeLabel=true, originalTextSize=11.3)) : 95
04-24 14:26:34.487 18045 18045 I HoneySpace.WidgetHostViewContainer: update spannableStyle: 95 | SpannableStyle(size=1002x670, drawablePadding=0, position=Point(31, 31), innerPadding=Point(11, 11), labelVisibility=4, appliedScale=1.0, labelStyle=LabelStyle(hideLabel=true, orientation=0, maxLine=1, textColor=-197380, textSize=0.0, shadowRadius=2.0, shadowDx=0.0, shadowDy=0.0, shadowColor=872415232, applyThemeLabel=true, originalTextSize=11.3))
04-24 14:26:34.487 18045 18045 I HoneySpace.WidgetHostViewContainer: setContainerExpandResult: 95 result: ExpandResult(width=1202, height=804, ratio=0.8333333), freeGridScale: 1.0
04-24 14:26:34.488  3338  4028 D VibrationThread: Playing vibration id 4088 StartSequentialEffectStep
04-24 14:26:34.488  3338  4028 D VibrationThread: StartSequentialEffectStep for effect #0
04-24 14:26:34.488  3338  4028 D SemHapticStep: sepIndex=41, intensity=8000, repeat=false, duration=110
04-24 14:26:34.488  3338  4028 D SemHapticStep: Turning on vibrator 0 for 110ms
04-24 14:26:34.490 18045 18045 I HoneySpace.WidgetSizeUtil: [updateWidgetOption - id: 95] printWidgetScaledSizes - displayPx: (1440, 3088), widgetSizePx: (1002, 670), expandResultPx: (1202, 804), expandRatio: 0.8333333, sizes: (343.42856x229.71428), configuration: {0.8 230mcc2mnc [en_US] ldltr sw411dp w411dp h882dp 560dpi nrml long port night finger -keyb/v/h -nav/h winConfig={ mBounds=Rect(0, 0 - 1440, 3088) mAppBounds=Rect(0, 0 - 1440, 3088) mMaxBounds=Rect(0, 0 - 1440, 3088) mDisplayRotation=ROTATION_0 mWindowingMode=fullscreen mActivityType=home mAlwaysOnTop=undefined mRotation=ROTATION_0 mStageConfig=undefined mEmbedActivityMode=undefined mPopOver=off mOverlappingWithCutout=false} s.3 fontWeightAdjustment=0 ff=0 bf=-1 bts=0 cst=1.0 nightDim=0 themeSeq=0}, hashCode: @c244536
04-24 14:26:34.491  2162  2162 E SecVibrator-HAL-AIDL-EXT: V_5_0: performPrebakedHapticPattern 41 : 8000 : 0
04-24 14:26:34.491  3338  7561 I AppWidgetServiceImpl: updateAppWidgetOptions callingPackage :com.sec.android.app.launcher, appWidgetId : 95, options = Bundle[mParcelledData.dataSize=1028]
04-24 14:26:34.491  2162  2162 E SecVibrator-HAL-AIDL-CORE: HW_API: [setForceFeedbackAmplitude]amplitude: 8000
04-24 14:26:34.491  3338  7561 I AppWidgetServiceImpl: updateAppWidgetOptions previous widget options : Bundle[{hsWidgetDisplayId=0, hsResizeRatio=0.8333333, appWidgetMaxHeight=355, semAppWidgetRowSpan=3, appWidgetCategory=1, semAppWidgetColumnSpan=4, hsMode=OneUI, appWidgetMaxWidth=343, hsHomeGrid=Supplier{VAL_PARCELABLE@372+68}, appWidgetMinHeight=355, semWidgetSize=16, semDisplayDensity=3.5, semWidgetStyle=1, darkModeStatus=32, hsIconLabelEnabled=true, hsForcedOrientation=0, appWidgetMinWidth=343, semHostType=1, hsWidgetLabelEnabled=false, hsCurrentOrientation=1, appWidgetSizes=[343.42856x355.14285]}]
--
04-24 14:26:35.676 18045 18045 I HoneySpace.DataCache: updateItem : id=290957, title=null, type=WIDGET, containerType=ITEM_GROUP, containerId=13, x=1, y=1, rank=-1, spanX=4, spanY=3, scale=1.0, component=com.healthtrackerapp/.widgets.providers.AppointmentWidgetProvider, profileId=0, intent=null, restored=0, hidden=UNHIDDEN, appWidgetId=95, options=0, refPackageName=null
04-24 14:26:35.677 18045 18045 I HoneySpace.WorkspaceDragOperation: initTempPlacement page=Grid_5x6 temp=Grid_5x6
04-24 14:26:35.677 18045 18045 I HoneySpace.WorkspaceCellLayout: widget resized with no collision
04-24 14:26:35.677 18045 18045 I HoneySpace.GridResizableFrame: resizeIfNeeded span : Point(4, 3) Point(0, 0)
04-24 14:26:35.677  3338  7561 D VibratorManagerService: converted usage = TOUCH(18)
04-24 14:26:35.677 18045 18045 I HoneySpace.PhoneIconStyleFactory: init densityDpi=560
04-24 14:26:35.677 18045 18045 I HoneySpace.PhoneIconStyleFactory: setDisplayOptionList 560 0
04-24 14:26:35.677  3338  7561 D VibratorManagerService: vibrate - uid: 10141, opPkg: com.sec.android.app.launcher, effect: Mono{mEffect=Composed{segments=[SemHaptic{mType=50065, mMagnitude=-1}], repeat=-1, mMagnitudeType=TYPE_EXTRA}}, attrs: VibrationAttributes{mUsage=TOUCH, mAudioUsage= USAGE_UNKNOWN, mFlags=0, tags=}, reason: performHapticFeedback(constant=50065): ViewRootImpl#performHapticFeedback, token: com.android.server.vibrator.VibratorManagerService@e59fd5e
04-24 14:26:35.677  3338  7561 D SingleVibrationSession: semIndexVibrate : EFFECT_TICK(41), repeat: -1, usage: TOUCH(18), magnitude: 8000
04-24 14:26:35.677 18045 18045 I HoneySpace.PhoneIconStyleFactory: setDisplayOptionList: 560 IconDisplayOption(itemSizeList=[ItemSize(size=0.144, isLand=false, hideLabel=false, adjustSizeByLevel=[{SMALL=-0.012}, {LARGE=0.008}]), ItemSize(size=0.147, isLand=true, hideLabel=false, adjustSizeByLevel=[{SMALL=-0.012}, {LARGE=0.008}]), ItemSize(size=0.152, isLand=false, hideLabel=true, adjustSizeByLevel=[{SMALL=-0.012}, {LARGE=0.008}]), ItemSize(size=0.147, isLand=true, hideLabel=true, adjustSizeByLevel=[{SMALL=-0.012}, {LARGE=0.008}])], iconDrawablePadding=0.003, iconDrawablePaddingLand=0.003, iconTextSize=11.3, iconTextSizeLand=11.3)
04-24 14:26:35.677  3338  7561 D VibratorManagerService: Starting vibrate for vibration 4089
04-24 14:26:35.677 18045 18045 I HoneySpace.PhoneIconStyleFactory: setDisplayOptionList: 560 IconDisplayOption(itemSizeList=[ItemSize(size=0.198, isLand=false, hideLabel=false, adjustSizeByLevel=[{SMALL=-0.01}, {LARGE=0.015}]), ItemSize(size=0.198, isLand=true, hideLabel=false, adjustSizeByLevel=[{SMALL=-0.012}, {LARGE=0.008}]), ItemSize(size=0.198, isLand=false, hideLabel=true, adjustSizeByLevel=[{SMALL=-0.01}, {LARGE=0.015}]), ItemSize(size=0.198, isLand=true, hideLabel=true, adjustSizeByLevel=[{SMALL=-0.012}, {LARGE=0.008}])], iconDrawablePadding=0.003, iconDrawablePaddingLand=0.003, iconTextSize=12.3, iconTextSizeLand=12.3)
04-24 14:26:35.677 18045 18045 I HoneySpace.PhoneIconStyleFactory: setDisplayOptionList: 560 IconDisplayOption(itemSizeList=[ItemSize(size=0.161, isLand=false, hideLabel=false, adjustSizeByLevel=[{SMALL=-0.01}, {LARGE=0.015}]), ItemSize(size=0.147, isLand=true, hideLabel=false, adjustSizeByLevel=[{SMALL=-0.012}, {LARGE=0.008}]), ItemSize(size=0.17, isLand=false, hideLabel=true, adjustSizeByLevel=[{SMALL=-0.01}, {LARGE=0.015}]), ItemSize(size=0.172, isLand=true, hideLabel=true, adjustSizeByLevel=[{SMALL=-0.012}, {LARGE=0.008}])], iconDrawablePadding=0.003, iconDrawablePaddingLand=0.003, iconTextSize=11.5, iconTextSizeLand=11.5)
04-24 14:26:35.677 18045 18045 I HoneySpace.PhoneIconStyleFactory: setDisplayOptionList: 560 IconDisplayOption(itemSizeList=[ItemSize(size=0.198, isLand=false, hideLabel=false, adjustSizeByLevel=[{SMALL=-0.01}, {LARGE=0.015}]), ItemSize(size=0.198, isLand=true, hideLabel=false, adjustSizeByLevel=[{SMALL=-0.012}, {LARGE=0.008}]), ItemSize(size=0.198, isLand=false, hideLabel=true, adjustSizeByLevel=[{SMALL=-0.01}, {LARGE=0.015}]), ItemSize(size=0.198, isLand=true, hideLabel=true, adjustSizeByLevel=[{SMALL=-0.012}, {LARGE=0.008}])], iconDrawablePadding=0.003, iconDrawablePaddingLand=0.003, iconTextSize=12.3, iconTextSizeLand=12.3)
04-24 14:26:35.678 18045 18045 I HoneySpace.HoneySpaceManagerContainer: getWindowBounds, key = (com.sec.android.app.launcher.Launcher, 0)
04-24 14:26:35.678  3338  7561 D VibratorManagerService: Check AppOp mode VIBRATE for uid 10141 and package com.sec.android.app.launcher returned audio=allow, op=allow
04-24 14:26:35.678  3338  7561 D VibratorManagerService: Starting vibration 4089 on thread
04-24 14:26:35.678  3338  7561 D VibratorManagerService: Start AppOp mode VIBRATE for uid 10141 and package com.sec.android.app.launcher returned allow
04-24 14:26:35.678 18045 18045 I HoneySpace.WhiteBgColorChanger: changeTextColor, isDarkColor = false, isThemeText = true, IconStyle = LabelStyle(hideLabel=true, orientation=0, maxLine=1, textColor=-1, textSize=0.0, shadowRadius=0.0, shadowDx=0.0, shadowDy=0.0, shadowColor=0, applyThemeLabel=false, originalTextSize=11.3)
04-24 14:26:35.678 18045 18045 I HoneySpace.WidgetHostViewContainer: updateWidgetSize SpannableStyle(size=1002x1036, drawablePadding=0, position=Point(31, 31), innerPadding=Point(11, 11), labelVisibility=4, appliedScale=1.0, labelStyle=LabelStyle(hideLabel=true, orientation=0, maxLine=1, textColor=-197380, textSize=0.0, shadowRadius=2.0, shadowDx=0.0, shadowDy=0.0, shadowColor=872415232, applyThemeLabel=true, originalTextSize=11.3)) : 95
04-24 14:26:35.678 18045 18045 I HoneySpace.WidgetHostViewContainer: update spannableStyle: 95 | SpannableStyle(size=1002x1036, drawablePadding=0, position=Point(31, 31), innerPadding=Point(11, 11), labelVisibility=4, appliedScale=1.0, labelStyle=LabelStyle(hideLabel=true, orientation=0, maxLine=1, textColor=-197380, textSize=0.0, shadowRadius=2.0, shadowDx=0.0, shadowDy=0.0, shadowColor=872415232, applyThemeLabel=true, originalTextSize=11.3))
04-24 14:26:35.679 18045 18045 I HoneySpace.WidgetHostViewContainer: setContainerExpandResult: 95 result: ExpandResult(width=1202, height=1243, ratio=0.8333333), freeGridScale: 1.0
04-24 14:26:35.679  3338  4028 D VibrationThread: Playing vibration id 4089 StartSequentialEffectStep
04-24 14:26:35.679  3338  4028 D VibrationThread: StartSequentialEffectStep for effect #0
04-24 14:26:35.679  3338  4028 D SemHapticStep: sepIndex=41, intensity=8000, repeat=false, duration=110
04-24 14:26:35.679  3338  4028 D SemHapticStep: Turning on vibrator 0 for 110ms
04-24 14:26:35.682  2162  2162 E SecVibrator-HAL-AIDL-EXT: V_5_0: performPrebakedHapticPattern 41 : 8000 : 0
04-24 14:26:35.682 18045 18045 I HoneySpace.WidgetSizeUtil: [updateWidgetOption - id: 95] printWidgetScaledSizes - displayPx: (1440, 3088), widgetSizePx: (1002, 1036), expandResultPx: (1202, 1243), expandRatio: 0.8333333, sizes: (343.42856x355.14285), configuration: {0.8 230mcc2mnc [en_US] ldltr sw411dp w411dp h882dp 560dpi nrml long port night finger -keyb/v/h -nav/h winConfig={ mBounds=Rect(0, 0 - 1440, 3088) mAppBounds=Rect(0, 0 - 1440, 3088) mMaxBounds=Rect(0, 0 - 1440, 3088) mDisplayRotation=ROTATION_0 mWindowingMode=fullscreen mActivityType=home mAlwaysOnTop=undefined mRotation=ROTATION_0 mStageConfig=undefined mEmbedActivityMode=undefined mPopOver=off mOverlappingWithCutout=false} s.3 fontWeightAdjustment=0 ff=0 bf=-1 bts=0 cst=1.0 nightDim=0 themeSeq=0}, hashCode: @c244536
04-24 14:26:35.682  2162  2162 E SecVibrator-HAL-AIDL-CORE: HW_API: [setForceFeedbackAmplitude]amplitude: 8000
04-24 14:26:35.683  3338  7561 I AppWidgetServiceImpl: updateAppWidgetOptions callingPackage :com.sec.android.app.launcher, appWidgetId : 95, options = Bundle[mParcelledData.dataSize=1028]
04-24 14:26:35.683  3338  7561 I AppWidgetServiceImpl: updateAppWidgetOptions previous widget options : Bundle[{hsWidgetDisplayId=0, hsResizeRatio=0.8333333, appWidgetMaxHeight=229, semAppWidgetRowSpan=2, appWidgetCategory=1, semAppWidgetColumnSpan=4, hsMode=OneUI, appWidgetMaxWidth=343, hsHomeGrid=Supplier{VAL_PARCELABLE@372+68}, appWidgetMinHeight=229, semWidgetSize=16, semDisplayDensity=3.5, semWidgetStyle=1, darkModeStatus=32, hsIconLabelEnabled=true, hsForcedOrientation=0, appWidgetMinWidth=343, semHostType=1, hsWidgetLabelEnabled=false, hsCurrentOrientation=1, appWidgetSizes=[343.42856x229.71428]}]
--
04-24 14:26:36.726 18045 18045 I HoneySpace.DataCache: updateItem : id=290957, title=null, type=WIDGET, containerType=ITEM_GROUP, containerId=13, x=1, y=1, rank=-1, spanX=4, spanY=2, scale=1.0, component=com.healthtrackerapp/.widgets.providers.AppointmentWidgetProvider, profileId=0, intent=null, restored=0, hidden=UNHIDDEN, appWidgetId=95, options=0, refPackageName=null
04-24 14:26:36.727 18045 18045 I HoneySpace.WorkspaceDragOperation: initTempPlacement page=Grid_5x6 temp=Grid_5x6
04-24 14:26:36.727 18045 18045 I HoneySpace.WorkspaceCellLayout: widget resized with no collision
04-24 14:26:36.727 18045 18045 I HoneySpace.GridResizableFrame: resizeIfNeeded span : Point(4, 2) Point(0, 0)
04-24 14:26:36.727  3338  4133 D VibratorManagerService: converted usage = TOUCH(18)
04-24 14:26:36.727 18045 18045 I HoneySpace.PhoneIconStyleFactory: init densityDpi=560
04-24 14:26:36.727 18045 18045 I HoneySpace.PhoneIconStyleFactory: setDisplayOptionList 560 0
04-24 14:26:36.727  3338  4133 D VibratorManagerService: vibrate - uid: 10141, opPkg: com.sec.android.app.launcher, effect: Mono{mEffect=Composed{segments=[SemHaptic{mType=50065, mMagnitude=-1}], repeat=-1, mMagnitudeType=TYPE_EXTRA}}, attrs: VibrationAttributes{mUsage=TOUCH, mAudioUsage= USAGE_UNKNOWN, mFlags=0, tags=}, reason: performHapticFeedback(constant=50065): ViewRootImpl#performHapticFeedback, token: com.android.server.vibrator.VibratorManagerService@e59fd5e
04-24 14:26:36.727  3338  4133 D SingleVibrationSession: semIndexVibrate : EFFECT_TICK(41), repeat: -1, usage: TOUCH(18), magnitude: 8000
04-24 14:26:36.727  3338  4133 D VibratorManagerService: Starting vibrate for vibration 4090
04-24 14:26:36.727 18045 18045 I HoneySpace.PhoneIconStyleFactory: setDisplayOptionList: 560 IconDisplayOption(itemSizeList=[ItemSize(size=0.144, isLand=false, hideLabel=false, adjustSizeByLevel=[{SMALL=-0.012}, {LARGE=0.008}]), ItemSize(size=0.147, isLand=true, hideLabel=false, adjustSizeByLevel=[{SMALL=-0.012}, {LARGE=0.008}]), ItemSize(size=0.152, isLand=false, hideLabel=true, adjustSizeByLevel=[{SMALL=-0.012}, {LARGE=0.008}]), ItemSize(size=0.147, isLand=true, hideLabel=true, adjustSizeByLevel=[{SMALL=-0.012}, {LARGE=0.008}])], iconDrawablePadding=0.003, iconDrawablePaddingLand=0.003, iconTextSize=11.3, iconTextSizeLand=11.3)
04-24 14:26:36.727 18045 18045 I HoneySpace.PhoneIconStyleFactory: setDisplayOptionList: 560 IconDisplayOption(itemSizeList=[ItemSize(size=0.198, isLand=false, hideLabel=false, adjustSizeByLevel=[{SMALL=-0.01}, {LARGE=0.015}]), ItemSize(size=0.198, isLand=true, hideLabel=false, adjustSizeByLevel=[{SMALL=-0.012}, {LARGE=0.008}]), ItemSize(size=0.198, isLand=false, hideLabel=true, adjustSizeByLevel=[{SMALL=-0.01}, {LARGE=0.015}]), ItemSize(size=0.198, isLand=true, hideLabel=true, adjustSizeByLevel=[{SMALL=-0.012}, {LARGE=0.008}])], iconDrawablePadding=0.003, iconDrawablePaddingLand=0.003, iconTextSize=12.3, iconTextSizeLand=12.3)
04-24 14:26:36.727 18045 18045 I HoneySpace.PhoneIconStyleFactory: setDisplayOptionList: 560 IconDisplayOption(itemSizeList=[ItemSize(size=0.161, isLand=false, hideLabel=false, adjustSizeByLevel=[{SMALL=-0.01}, {LARGE=0.015}]), ItemSize(size=0.147, isLand=true, hideLabel=false, adjustSizeByLevel=[{SMALL=-0.012}, {LARGE=0.008}]), ItemSize(size=0.17, isLand=false, hideLabel=true, adjustSizeByLevel=[{SMALL=-0.01}, {LARGE=0.015}]), ItemSize(size=0.172, isLand=true, hideLabel=true, adjustSizeByLevel=[{SMALL=-0.012}, {LARGE=0.008}])], iconDrawablePadding=0.003, iconDrawablePaddingLand=0.003, iconTextSize=11.5, iconTextSizeLand=11.5)
04-24 14:26:36.727  3338  4133 D VibratorManagerService: Check AppOp mode VIBRATE for uid 10141 and package com.sec.android.app.launcher returned audio=allow, op=allow
04-24 14:26:36.728 18045 18045 I HoneySpace.PhoneIconStyleFactory: setDisplayOptionList: 560 IconDisplayOption(itemSizeList=[ItemSize(size=0.198, isLand=false, hideLabel=false, adjustSizeByLevel=[{SMALL=-0.01}, {LARGE=0.015}]), ItemSize(size=0.198, isLand=true, hideLabel=false, adjustSizeByLevel=[{SMALL=-0.012}, {LARGE=0.008}]), ItemSize(size=0.198, isLand=false, hideLabel=true, adjustSizeByLevel=[{SMALL=-0.01}, {LARGE=0.015}]), ItemSize(size=0.198, isLand=true, hideLabel=true, adjustSizeByLevel=[{SMALL=-0.012}, {LARGE=0.008}])], iconDrawablePadding=0.003, iconDrawablePaddingLand=0.003, iconTextSize=12.3, iconTextSizeLand=12.3)
04-24 14:26:36.728  3338  4133 D VibratorManagerService: Starting vibration 4090 on thread
04-24 14:26:36.728 18045 18045 I HoneySpace.HoneySpaceManagerContainer: getWindowBounds, key = (com.sec.android.app.launcher.Launcher, 0)
04-24 14:26:36.728  3338  4133 D VibratorManagerService: Start AppOp mode VIBRATE for uid 10141 and package com.sec.android.app.launcher returned allow
04-24 14:26:36.728 18045 18045 I HoneySpace.WhiteBgColorChanger: changeTextColor, isDarkColor = false, isThemeText = true, IconStyle = LabelStyle(hideLabel=true, orientation=0, maxLine=1, textColor=-1, textSize=0.0, shadowRadius=0.0, shadowDx=0.0, shadowDy=0.0, shadowColor=0, applyThemeLabel=false, originalTextSize=11.3)
04-24 14:26:36.728 18045 18045 I HoneySpace.WidgetHostViewContainer: updateWidgetSize SpannableStyle(size=1002x670, drawablePadding=0, position=Point(31, 31), innerPadding=Point(11, 11), labelVisibility=4, appliedScale=1.0, labelStyle=LabelStyle(hideLabel=true, orientation=0, maxLine=1, textColor=-197380, textSize=0.0, shadowRadius=2.0, shadowDx=0.0, shadowDy=0.0, shadowColor=872415232, applyThemeLabel=true, originalTextSize=11.3)) : 95
04-24 14:26:36.728 18045 18045 I HoneySpace.WidgetHostViewContainer: update spannableStyle: 95 | SpannableStyle(size=1002x670, drawablePadding=0, position=Point(31, 31), innerPadding=Point(11, 11), labelVisibility=4, appliedScale=1.0, labelStyle=LabelStyle(hideLabel=true, orientation=0, maxLine=1, textColor=-197380, textSize=0.0, shadowRadius=2.0, shadowDx=0.0, shadowDy=0.0, shadowColor=872415232, applyThemeLabel=true, originalTextSize=11.3))
04-24 14:26:36.728  3338  4028 D VibrationThread: Playing vibration id 4090 StartSequentialEffectStep
04-24 14:26:36.728  3338  4028 D VibrationThread: StartSequentialEffectStep for effect #0
04-24 14:26:36.728 18045 18045 I HoneySpace.WidgetHostViewContainer: setContainerExpandResult: 95 result: ExpandResult(width=1202, height=804, ratio=0.8333333), freeGridScale: 1.0
04-24 14:26:36.728  3338  4028 D SemHapticStep: sepIndex=41, intensity=8000, repeat=false, duration=110
04-24 14:26:36.728  3338  4028 D SemHapticStep: Turning on vibrator 0 for 110ms
04-24 14:26:36.731  2162  2162 E SecVibrator-HAL-AIDL-EXT: V_5_0: performPrebakedHapticPattern 41 : 8000 : 0
04-24 14:26:36.732  2162  2162 E SecVibrator-HAL-AIDL-CORE: HW_API: [setForceFeedbackAmplitude]amplitude: 8000
04-24 14:26:36.732 18045 18045 I HoneySpace.WidgetSizeUtil: [updateWidgetOption - id: 95] printWidgetScaledSizes - displayPx: (1440, 3088), widgetSizePx: (1002, 670), expandResultPx: (1202, 804), expandRatio: 0.8333333, sizes: (343.42856x229.71428), configuration: {0.8 230mcc2mnc [en_US] ldltr sw411dp w411dp h882dp 560dpi nrml long port night finger -keyb/v/h -nav/h winConfig={ mBounds=Rect(0, 0 - 1440, 3088) mAppBounds=Rect(0, 0 - 1440, 3088) mMaxBounds=Rect(0, 0 - 1440, 3088) mDisplayRotation=ROTATION_0 mWindowingMode=fullscreen mActivityType=home mAlwaysOnTop=undefined mRotation=ROTATION_0 mStageConfig=undefined mEmbedActivityMode=undefined mPopOver=off mOverlappingWithCutout=false} s.3 fontWeightAdjustment=0 ff=0 bf=-1 bts=0 cst=1.0 nightDim=0 themeSeq=0}, hashCode: @c244536
04-24 14:26:36.733  3338  4133 I AppWidgetServiceImpl: updateAppWidgetOptions callingPackage :com.sec.android.app.launcher, appWidgetId : 95, options = Bundle[mParcelledData.dataSize=1028]
04-24 14:26:36.734  3338  4133 I AppWidgetServiceImpl: updateAppWidgetOptions previous widget options : Bundle[{hsWidgetDisplayId=0, hsResizeRatio=0.8333333, appWidgetMaxHeight=355, semAppWidgetRowSpan=3, appWidgetCategory=1, semAppWidgetColumnSpan=4, hsMode=OneUI, appWidgetMaxWidth=343, hsHomeGrid=Supplier{VAL_PARCELABLE@372+68}, appWidgetMinHeight=355, semWidgetSize=16, semDisplayDensity=3.5, semWidgetStyle=1, darkModeStatus=32, hsIconLabelEnabled=true, hsForcedOrientation=0, appWidgetMinWidth=343, semHostType=1, hsWidgetLabelEnabled=false, hsCurrentOrientation=1, appWidgetSizes=[343.42856x355.14285]}]
--
04-24 14:26:37.193 18045 18045 I HoneySpace.DataCache: updateItem : id=290957, title=null, type=WIDGET, containerType=ITEM_GROUP, containerId=13, x=1, y=1, rank=-1, spanX=4, spanY=3, scale=1.0, component=com.healthtrackerapp/.widgets.providers.AppointmentWidgetProvider, profileId=0, intent=null, restored=0, hidden=UNHIDDEN, appWidgetId=95, options=0, refPackageName=null
04-24 14:26:37.194 18045 18045 I HoneySpace.WorkspaceDragOperation: initTempPlacement page=Grid_5x6 temp=Grid_5x6
04-24 14:26:37.194 18045 18045 I HoneySpace.WorkspaceCellLayout: widget resized with no collision
04-24 14:26:37.194 18045 18045 I HoneySpace.GridResizableFrame: resizeIfNeeded span : Point(4, 3) Point(0, 0)
04-24 14:26:37.194  3338  4133 D VibratorManagerService: converted usage = TOUCH(18)
04-24 14:26:37.194  3338  4133 D VibratorManagerService: vibrate - uid: 10141, opPkg: com.sec.android.app.launcher, effect: Mono{mEffect=Composed{segments=[SemHaptic{mType=50065, mMagnitude=-1}], repeat=-1, mMagnitudeType=TYPE_EXTRA}}, attrs: VibrationAttributes{mUsage=TOUCH, mAudioUsage= USAGE_UNKNOWN, mFlags=0, tags=}, reason: performHapticFeedback(constant=50065): ViewRootImpl#performHapticFeedback, token: com.android.server.vibrator.VibratorManagerService@e59fd5e
04-24 14:26:37.194 18045 18045 I HoneySpace.PhoneIconStyleFactory: init densityDpi=560
04-24 14:26:37.194  3338  4133 D SingleVibrationSession: semIndexVibrate : EFFECT_TICK(41), repeat: -1, usage: TOUCH(18), magnitude: 8000
04-24 14:26:37.194  3338  4133 D VibratorManagerService: Starting vibrate for vibration 4091
04-24 14:26:37.194 18045 18045 I HoneySpace.PhoneIconStyleFactory: setDisplayOptionList 560 0
04-24 14:26:37.194 18045 18045 I HoneySpace.PhoneIconStyleFactory: setDisplayOptionList: 560 IconDisplayOption(itemSizeList=[ItemSize(size=0.144, isLand=false, hideLabel=false, adjustSizeByLevel=[{SMALL=-0.012}, {LARGE=0.008}]), ItemSize(size=0.147, isLand=true, hideLabel=false, adjustSizeByLevel=[{SMALL=-0.012}, {LARGE=0.008}]), ItemSize(size=0.152, isLand=false, hideLabel=true, adjustSizeByLevel=[{SMALL=-0.012}, {LARGE=0.008}]), ItemSize(size=0.147, isLand=true, hideLabel=true, adjustSizeByLevel=[{SMALL=-0.012}, {LARGE=0.008}])], iconDrawablePadding=0.003, iconDrawablePaddingLand=0.003, iconTextSize=11.3, iconTextSizeLand=11.3)
04-24 14:26:37.194  3338  4133 D VibratorManagerService: Check AppOp mode VIBRATE for uid 10141 and package com.sec.android.app.launcher returned audio=allow, op=allow
04-24 14:26:37.194  3338  4133 D VibratorManagerService: Starting vibration 4091 on thread
04-24 14:26:37.195 18045 18045 I HoneySpace.PhoneIconStyleFactory: setDisplayOptionList: 560 IconDisplayOption(itemSizeList=[ItemSize(size=0.198, isLand=false, hideLabel=false, adjustSizeByLevel=[{SMALL=-0.01}, {LARGE=0.015}]), ItemSize(size=0.198, isLand=true, hideLabel=false, adjustSizeByLevel=[{SMALL=-0.012}, {LARGE=0.008}]), ItemSize(size=0.198, isLand=false, hideLabel=true, adjustSizeByLevel=[{SMALL=-0.01}, {LARGE=0.015}]), ItemSize(size=0.198, isLand=true, hideLabel=true, adjustSizeByLevel=[{SMALL=-0.012}, {LARGE=0.008}])], iconDrawablePadding=0.003, iconDrawablePaddingLand=0.003, iconTextSize=12.3, iconTextSizeLand=12.3)
04-24 14:26:37.195 18045 18045 I HoneySpace.PhoneIconStyleFactory: setDisplayOptionList: 560 IconDisplayOption(itemSizeList=[ItemSize(size=0.161, isLand=false, hideLabel=false, adjustSizeByLevel=[{SMALL=-0.01}, {LARGE=0.015}]), ItemSize(size=0.147, isLand=true, hideLabel=false, adjustSizeByLevel=[{SMALL=-0.012}, {LARGE=0.008}]), ItemSize(size=0.17, isLand=false, hideLabel=true, adjustSizeByLevel=[{SMALL=-0.01}, {LARGE=0.015}]), ItemSize(size=0.172, isLand=true, hideLabel=true, adjustSizeByLevel=[{SMALL=-0.012}, {LARGE=0.008}])], iconDrawablePadding=0.003, iconDrawablePaddingLand=0.003, iconTextSize=11.5, iconTextSizeLand=11.5)
04-24 14:26:37.195  3338  4133 D VibratorManagerService: Start AppOp mode VIBRATE for uid 10141 and package com.sec.android.app.launcher returned allow
04-24 14:26:37.195 18045 18045 I HoneySpace.PhoneIconStyleFactory: setDisplayOptionList: 560 IconDisplayOption(itemSizeList=[ItemSize(size=0.198, isLand=false, hideLabel=false, adjustSizeByLevel=[{SMALL=-0.01}, {LARGE=0.015}]), ItemSize(size=0.198, isLand=true, hideLabel=false, adjustSizeByLevel=[{SMALL=-0.012}, {LARGE=0.008}]), ItemSize(size=0.198, isLand=false, hideLabel=true, adjustSizeByLevel=[{SMALL=-0.01}, {LARGE=0.015}]), ItemSize(size=0.198, isLand=true, hideLabel=true, adjustSizeByLevel=[{SMALL=-0.012}, {LARGE=0.008}])], iconDrawablePadding=0.003, iconDrawablePaddingLand=0.003, iconTextSize=12.3, iconTextSizeLand=12.3)
04-24 14:26:37.195 18045 18045 I HoneySpace.HoneySpaceManagerContainer: getWindowBounds, key = (com.sec.android.app.launcher.Launcher, 0)
04-24 14:26:37.195 18045 18045 I HoneySpace.WhiteBgColorChanger: changeTextColor, isDarkColor = false, isThemeText = true, IconStyle = LabelStyle(hideLabel=true, orientation=0, maxLine=1, textColor=-1, textSize=0.0, shadowRadius=0.0, shadowDx=0.0, shadowDy=0.0, shadowColor=0, applyThemeLabel=false, originalTextSize=11.3)
04-24 14:26:37.195 18045 18045 I HoneySpace.WidgetHostViewContainer: updateWidgetSize SpannableStyle(size=1002x1036, drawablePadding=0, position=Point(31, 31), innerPadding=Point(11, 11), labelVisibility=4, appliedScale=1.0, labelStyle=LabelStyle(hideLabel=true, orientation=0, maxLine=1, textColor=-197380, textSize=0.0, shadowRadius=2.0, shadowDx=0.0, shadowDy=0.0, shadowColor=872415232, applyThemeLabel=true, originalTextSize=11.3)) : 95
04-24 14:26:37.195 18045 18045 I HoneySpace.WidgetHostViewContainer: update spannableStyle: 95 | SpannableStyle(size=1002x1036, drawablePadding=0, position=Point(31, 31), innerPadding=Point(11, 11), labelVisibility=4, appliedScale=1.0, labelStyle=LabelStyle(hideLabel=true, orientation=0, maxLine=1, textColor=-197380, textSize=0.0, shadowRadius=2.0, shadowDx=0.0, shadowDy=0.0, shadowColor=872415232, applyThemeLabel=true, originalTextSize=11.3))
04-24 14:26:37.196 18045 18045 I HoneySpace.WidgetHostViewContainer: setContainerExpandResult: 95 result: ExpandResult(width=1202, height=1243, ratio=0.8333333), freeGridScale: 1.0
04-24 14:26:37.196  3338  4028 D VibrationThread: Playing vibration id 4091 StartSequentialEffectStep
04-24 14:26:37.196  3338  4028 D VibrationThread: StartSequentialEffectStep for effect #0
04-24 14:26:37.196  3338  4028 D SemHapticStep: sepIndex=41, intensity=8000, repeat=false, duration=110
04-24 14:26:37.196  3338  4028 D SemHapticStep: Turning on vibrator 0 for 110ms
04-24 14:26:37.199  5803  5803 I ContentFeedManager: initSyncRunnable called
04-24 14:26:37.199  5803  5803 I WearableDeviceFactory: getConnectedDeviceIdByType()::deviceType = Gear, size = 0
04-24 14:26:37.199  5803  5803 I ContentFeedManager: getmDeviceId: device id: null
04-24 14:26:37.199  5803  5803 I WearableDeviceFactory: getConnectedDeviceIdByType()::deviceType = Gear, size = 0
04-24 14:26:37.199  5803  5803 I ContentFeedManager: getmDeviceId: device id: null
--
04-24 14:26:37.538 18045 18045 I HoneySpace.DataCache: updateItem : id=290957, title=null, type=WIDGET, containerType=ITEM_GROUP, containerId=13, x=1, y=1, rank=-1, spanX=4, spanY=3, scale=1.0, component=com.healthtrackerapp/.widgets.providers.AppointmentWidgetProvider, profileId=0, intent=null, restored=0, hidden=UNHIDDEN, appWidgetId=95, options=0, refPackageName=null
04-24 14:26:37.538  2086  2146 I HYPER-HAL: [RequestManager.cpp]releaseLocked(): Released ID : 5579472
04-24 14:26:37.538  2086  2146 I HYPER-HAL: [RequestManager.cpp]acquire(): Acquired ID : 5666689  [3338 / 28]    HINT : GESTURE_DETECTED_HRR    list : [TIMEOUT / 319] 
04-24 14:26:37.539 18045 18045 I HoneySpace.GestureInputHandler: reset
04-24 14:26:37.539  2142  2142 E ANDR-PERF-MPCTL: ANDR-PERF-MPCTL: internal_perf_lock_acq_verification() 385: Perflock Submit request limit reached.
04-24 14:26:37.539 18045 18045 I HoneySpace.InputSession: close
04-24 14:26:37.539  2142  2142 E ANDR-PERF-MPCTL: ANDR-PERF-MPCTL: internal_perf_lock_acq_verification() 385: Perflock Submit request limit reached.
04-24 14:26:37.540  2142  2142 E ANDR-PERF-MPCTL: ANDR-PERF-MPCTL: internal_perf_lock_acq_verification() 385: Perflock Submit request limit reached.
