04-22 19:23:27.447  5627  5627 I HoneySpace.PhoneIconStyleFactory: setDisplayOptionList: 560 IconDisplayOption(itemSizeList=[ItemSize(size=0.198, isLand=false, hideLabel=false, adjustSizeByLevel=[{SMALL=-0.01}, {LARGE=0.015}]), ItemSize(size=0.198, isLand=true, hideLabel=false, adjustSizeByLevel=[{SMALL=-0.012}, {LARGE=0.008}]), ItemSize(size=0.198, isLand=false, hideLabel=true, adjustSizeByLevel=[{SMALL=-0.01}, {LARGE=0.015}]), ItemSize(size=0.198, isLand=true, hideLabel=true, adjustSizeByLevel=[{SMALL=-0.012}, {LARGE=0.008}])], iconDrawablePadding=0.003, iconDrawablePaddingLand=0.003, iconTextSize=12.3, iconTextSizeLand=12.3)
04-22 19:23:27.447  5627  5627 I HoneySpace.HoneySpaceManagerContainer: getWindowBounds, key = (com.sec.android.app.launcher.Launcher, 0)
04-22 19:23:27.447  5627  5627 I HoneySpace.WhiteBgColorChanger: changeTextColor, isDarkColor = false, isThemeText = true, IconStyle = LabelStyle(hideLabel=true, orientation=0, maxLine=1, textColor=-1, textSize=0.0, shadowRadius=0.0, shadowDx=0.0, shadowDy=0.0, shadowColor=0, applyThemeLabel=false, originalTextSize=11.3)
04-22 19:23:27.448  5627  5627 I HoneySpace.ResizableFrameHolder: sendBroadcastEdgeHandler isShow : false
04-22 19:23:27.448  5627  5627 I HoneySpace.QuickOptionUtil: resetDrag
04-22 19:23:27.448  5627  5627 I HoneySpace.QuickOptionUtil: saveDownEvent, id = 0, RawPos = PointF(598.0078, 1198.7109), Pos = PointF(598.0078, 1198.7109)
04-22 19:23:27.448  5627  5627 I HoneySpace.QuickOptionUtil: resetDrag
04-22 19:23:27.448  5627  5627 I HoneySpace.QuickOptionUtil: saveDownEvent, id = 0, RawPos = PointF(598.0078, 1198.7109), Pos = PointF(598.0078, 1198.7109)
04-22 19:23:27.448  5627  5627 I HoneySpace.QuickOptionUtil: quick option HIDE_STATE
--
04-22 19:23:27.519  5627  5627 I HoneySpace.QuickOptionPopup: Inflate QuickOption view: Widget(id=297660, appWidgetId=67, component=com.healthtrackerapp/.widgets.providers.RoutineWidgetProvider, width=4, height=4, pageId=18, posX=1, posY=0, user=UserHandle{0}, restored=0, spannableStyle=SpannableStyle(size=1002x1402, drawablePadding=0, position=Point(31, 31), innerPadding=Point(11, 11), labelVisibility=4, appliedScale=1.0, labelStyle=LabelStyle(hideLabel=true, orientation=0, maxLine=1, textColor=-197380, textSize=0.0, shadowRadius=2.0, shadowDx=0.0, shadowDy=0.0, shadowColor=872415232, applyThemeLabel=true, originalTextSize=11.3))) , Shortcut Count: 0 ,Notification Count: 0, Title: HealthTrackerApp 
04-22 19:23:27.519  5627  5627 I HoneySpace.QuickOptionUtil: quick option PRE_DRAG
04-22 19:23:27.520  5627  5627 I HoneySpace.InputSession: needToGestureCancel: OpenQuickOption
04-22 19:23:27.520  5627  5627 I HoneySpace.HomeView: findControllerToHandleTouch ev = 2
04-22 19:23:27.520  5627  5627 I HoneySpace.FinderTouchController: onControllerInterceptTouchEvent :: canInterceptTouch() = false, QuickOptionUtil.isShowQuickOption() : true QuickOptionUtil.isDragging : false
04-22 19:23:27.520  5627  5627 I HoneySpace.HomeAppsTouchController: currentChangeState : com.honeyspace.sdk.HomeScreen$Normal@a6314aa, currentHoneyState : com.honeyspace.sdk.HomeScreen$Normal@a6314aa, EditLockPopup : false, isOpenFolderMode : false, isChildScrolling : false, isDragAnimRunning : false
04-22 19:23:27.520  5627  5627 I HoneySpace.HomeAppsTouchController: currentChangeState : com.honeyspace.sdk.HomeScreen$Normal@a6314aa, currentHoneyState : com.honeyspace.sdk.HomeScreen$Normal@a6314aa, EditLockPopup : false, isOpenFolderMode : false, isChildScrolling : false, isDragAnimRunning : false
04-22 19:23:27.520  5627  5627 I HoneySpace.HomeAppsTouchController: onControllerInterceptTouchEvent :: canInterceptTouch() = true, QuickOptionUtil.isShowQuickOption() : true QuickOptionUtil.isDragging : false
04-22 19:23:27.520  5627  5627 I HoneySpace.PageEditTouchController: onControllerInterceptTouchEvent, isShowQuickOption=true, isDragging=false, isAvailablePinchZoomState=true, homeDataLoading=false, isRunningPageReorder=false, currentChangeState=com.honeyspace.sdk.HomeScreen$Normal@a6314aa, gestureRunning=false, appClosing=false,
04-22 19:23:27.520  5627  5627 I HoneySpace.MinusOnePageController: onControllerInterceptTouchEvent :: , QuickOptionUtil.isShowQuickOption = true, QuickOptionUtil.isDragging = false, isOnStateTransition = false, isTouchEventInGestureActionArea = false, isDragAnimRunning = false, isAppClosing = false
04-22 19:23:27.520  5627  5627 I HoneySpace.WorkspaceFastRecyclerView: onInterceptTouchEvent() isShowQuickOption
04-22 19:23:27.521  5627  5627 I HoneySpace.InputSession: close
04-22 19:23:27.540  2208  2481 I CompositionEngine: [setDisplaySize] size=(573, 53)
04-22 19:23:27.543  4607  4737 D SatelliteController: isInCarrierRoamingNbIotNtn: satellite is disabled
04-22 19:23:27.554  3338  3338 I GestureDetector: handleMessage LONG_PRESS
04-22 19:23:27.554  3338  3581 I GestureDetector: handleMessage LONG_PRESS
04-22 19:23:27.560  3338  4028 D VibrationThread: Playing vibration id 2097 on vibrator 0 CompleteEffectVibratorStep
04-22 19:23:27.560  3338  4028 D VibrationThread: Running complete vibration step on vibrator 0
04-22 19:23:27.560  3338  4028 D VibrationThread: Playing vibration id 2097 on vibrator 0 TurnOffVibratorStep
04-22 19:23:27.560  3338  4028 D VibrationThread: Turning off vibrator 0
04-22 19:23:27.560  2162  2162 E SecVibrator-HAL-AIDL-CORE: V_2_0: Vibrator off
04-22 19:23:27.560  2162  2162 E SecVibrator-HAL-AIDL-CORE: HW_API: do_off
04-22 19:23:27.560  2162  2162 E SecVibrator-HAL-AIDL-CORE: HW_API: [triggerForceFeedbackVibration]on: 0
04-22 19:23:27.560  3338  4028 D VibrationThread: Vibration 2097 finished with EndInfo{status=FINISHED, endedBy=null}
04-22 19:23:27.560  3338  4028 D VibrationThread: Playing vibration id 2097 FinishSequentialEffectStep (cleanup)
04-22 19:23:27.560  3338  4028 D VibrationThread: FinishSequentialEffectStep for effect #0
04-22 19:23:27.561  3338  4028 D VibratorManagerService: VibrationThread released vibration 2097
04-22 19:23:27.561  3338  4028 D VibratorManagerService: Finish AppOp mode VIBRATE for uid 10141 and package com.sec.android.app.launcher
04-22 19:23:27.561  3338  4028 D VibratorManagerService: Vibration for uid=10141 and with attrs=VibrationAttributes{mUsage=TOUCH, mAudioUsage= USAGE_UNKNOWN, mFlags=0, tags=} ended with status FINISHED
04-22 19:23:27.646  2208  2481 I CompositionEngine: [setDisplaySize] size=(573, 53)
04-22 19:23:27.665  3338  4038 D PowerManagerService: [api] userActivityFromNative : touch displayId=0 eventTime=52696692
--
04-22 19:23:28.300  5627  5627 I HoneySpace.WorkspaceViewModel: removeFromHome it = [Widget(id=297660, appWidgetId=67, component=com.healthtrackerapp/.widgets.providers.RoutineWidgetProvider, width=4, height=4, pageId=18, posX=1, posY=0, user=UserHandle{0}, restored=0, spannableStyle=SpannableStyle(size=1002x1402, drawablePadding=0, position=Point(31, 31), innerPadding=Point(11, 11), labelVisibility=4, appliedScale=1.0, labelStyle=LabelStyle(hideLabel=true, orientation=0, maxLine=1, textColor=-197380, textSize=0.0, shadowRadius=2.0, shadowDx=0.0, shadowDy=0.0, shadowColor=872415232, applyThemeLabel=true, originalTextSize=11.3)))]
04-22 19:23:28.300  5627  5627 I HoneySpace.WorkspaceFastRecyclerViewAdapter: onItemRangeRemoved id = 297660, screen = 18
04-22 19:23:28.301  5627  5627 I HoneySpace.ResizableFrameHolder: clearResizeFrameIfExists
04-22 19:23:28.301  5627  5627 I HoneySpace.GridResizableFrame: dismiss
04-22 19:23:28.301  5627  5627 I HoneySpace.WorkspaceCellLayout: onWidgetResizableFrameClosed
04-22 19:23:28.302  5627  5627 I HoneySpace.ResizableFrameHolder: sendBroadcastEdgeHandler isShow : true
04-22 19:23:28.302  5627  5627 I HoneySpace.WorkspaceCellLayout: removeView [3] (1,0) view=com.honeyspace.ui.common.widget.WidgetHostViewContainer{8421c83 VFE...CL. ......ID 266,0-1330,1464} - HealthTrackerApp, appWidgetId=67, alpha=1.0, spanX=4, spanY=4, isStandardized: false, lastLabel: null, lastCornerRadius: null, lastBackgroundOpacity: 0, lastTransparent: true, x=1, y=0
04-22 19:23:28.303  3338  7552 I AppWidgetServiceImpl: removeWidgetLocked, widget: AppWidgetId{67:Host{HostId{user:0, app:10141, hostId:1024, pkg:com.sec.android.app.launcher}}:Provider{ProviderId{user:0, app:10608, cmp:ComponentInfo{com.healthtrackerapp/com.healthtrackerapp.widgets.providers.RoutineWidgetProvider}}}}, widget id: 67, Callers: com.android.server.appwidget.AppWidgetServiceImpl.deleteAppWidgetLocked:56 com.android.server.appwidget.AppWidgetServiceImpl.deleteAppWidgetId:48 com.android.internal.appwidget.IAppWidgetService$Stub.onTransact:454 android.os.Binder.execTransactInternal:1457 android.os.Binder.execTransact:1401 <bottom of call stack> <bottom of call stack> 
04-22 19:23:28.303  3338  4387 D AppWidgetServiceImpl: Trying to notify widget removed
04-22 19:23:28.304  3338  4404 D BackgroundInstallControlService: Package event received: 0
04-22 19:23:28.305  3338  3607 I ActivityManager: Changes in 10608 15 to 11, 0 to 128
04-22 19:23:28.306  5627  5627 I HoneySpace.HoneyAppWidgetHost: Widget ID deleted : 67  reason : deleteAppWidget-removeFromHome(RemoveFromHome Event)
04-22 19:23:28.307  3338  3606 I AppWidgetServiceImpl: handleSaveMessage 0
04-22 19:23:28.308  5627  5627 I HoneySpace.DataCache: deleteItem : id=297660, title=null, type=WIDGET, containerType=ITEM_GROUP, containerId=18, x=1, y=0, rank=-1, spanX=4, spanY=4, scale=1.0, component=com.healthtrackerapp/.widgets.providers.RoutineWidgetProvider, profileId=0, intent=null, restored=0, hidden=UNHIDDEN, appWidgetId=67, options=0, refPackageName=null (workspace) RemoveFromHome Event
04-22 19:23:28.308 24891 24891 D AppWidgetProvider: onReceive:android.appwidget.action.APPWIDGET_DELETED
04-22 19:23:28.308  5627  5627 I HoneySpace.VisibleWidgetManager: unregister : widgetId: 67
04-22 19:23:28.309  5627  5627 I HoneySpace.HotseatViewModel@34773016@OneUI: removeFromHome it = [Widget(id=297660, appWidgetId=67, component=com.healthtrackerapp/.widgets.providers.RoutineWidgetProvider, width=4, height=4, pageId=18, posX=1, posY=0, user=UserHandle{0}, restored=0, spannableStyle=SpannableStyle(size=1002x1402, drawablePadding=0, position=Point(31, 31), innerPadding=Point(11, 11), labelVisibility=4, appliedScale=1.0, labelStyle=LabelStyle(hideLabel=true, orientation=0, maxLine=1, textColor=-197380, textSize=0.0, shadowRadius=2.0, shadowDx=0.0, shadowDy=0.0, shadowColor=872415232, applyThemeLabel=true, originalTextSize=11.3)))]
04-22 19:23:28.309  5627  8982 I HoneySpace.DataCache: delete item : (workspace) RemoveFromHome Event - WIDGET / 297660 / 18 / com.healthtrackerapp/.widgets.providers.RoutineWidgetProvider / 67 / 0
04-22 19:23:28.310  3338  6447 D MotionRecognitionService: inject vibrator info = 0.0
04-22 19:23:28.311  3338  4404 D BackgroundInstallControlService: Package event received: 0
04-22 19:23:28.311  2077  2077 I sensors-hal: inject_sensor_data:433, handle:11, type:33 not supported
04-22 19:23:28.311  2077  2077 I sensors-hal: inject_sensor_data:433, handle:11, type:33 not supported
04-22 19:23:28.311 24891 24891 D AppWidgetProvider: onReceive:android.appwidget.action.APPWIDGET_DISABLED
04-22 19:23:28.312  3338  7552 I ActivityManager: Changes in 10608 11 to 15, 128 to 0
04-22 19:23:28.313  2077  2077 I sensors-hal: inject_sensor_data:433, handle:11, type:33 not supported
04-22 19:23:28.381  2208  2481 I CompositionEngine: [setDisplaySize] size=(573, 53)
04-22 19:23:28.482  2208  2481 I CompositionEngine: [setDisplaySize] size=(573, 53)
04-22 19:23:28.514  4818 27606 I NearbyMediums: No BLE Fast/GATT advertisements found in the latest cycle.
04-22 19:23:28.514  4818 27606 I NearbyMediums: Current Tracked Scanning Clients are : {NearbyConnections.EnvironmentMonitor, NearbySharing, NearbyConnections.TxAdvertisement}
04-22 19:23:28.553  3338  3581 I GestureDetector: handleMessage TAP
04-22 19:23:28.553  3338  3338 I GestureDetector: handleMessage TAP
04-22 19:23:28.582  2208  2481 I CompositionEngine: [setDisplaySize] size=(573, 53)
04-22 19:23:28.637  5803  5803 I ContentFeedManager: initSyncRunnable called
04-22 19:23:28.637  5803  5803 I WearableDeviceFactory: getConnectedDeviceIdByType()::deviceType = Gear, size = 0
04-22 19:23:28.637  5803  5803 I ContentFeedManager: getmDeviceId: device id: null
04-22 19:23:28.637  5803  5803 I WearableDeviceFactory: getConnectedDeviceIdByType()::deviceType = Gear, size = 0
04-22 19:23:28.637  5803  5803 I ContentFeedManager: getmDeviceId: device id: null
04-22 19:23:28.637  5803  5803 I ContentFeedManager: initSyncManagersAndSyncIfRequired: deviceid null
04-22 19:23:28.637  5803  5803 I ContentFeedManager: initSyncRunnable initialized
04-22 19:23:28.689  2208  2481 I CompositionEngine: [setDisplaySize] size=(573, 53)
04-22 19:23:28.774  3338  4039 D InputReader: Btn_touch(4): value=1 when=52697.803408
04-22 19:23:28.774  3338  4039 I InputReader: Touch event's action is 0x0 (id=6, t=0) [pCnt=1, s=0.9291 ] when=52697.803408
04-22 19:23:28.776  3338  4038 I InputDispatcher: Delivering touch to (5161): action: 0x4, f=0x0, d=0, 'e622471', t=1 
04-22 19:23:28.776  3338  4038 I InputDispatcher: Delivering touch to (15007): action: 0x4, f=0x0, d=0, '2df0073', t=1 
04-22 19:23:28.777  3338  4038 I InputDispatcher: Delivering touch to (5627): action: 0x0, f=0x0, d=0, '12053d0', t=1 
04-22 19:23:28.777  5627  5627 I VRI[LauncherActivity]@36906fe: ViewPostIme pointer 0
04-22 19:23:28.777  5627  5627 I HoneySpace.LongPressTouchController: ACTION_DOWN, (530.15625, 1930.7539)
04-22 19:23:28.777  5627  5627 I HoneySpace.LongPressTouchController: startLongPressJob, touchDownState = com.honeyspace.sdk.HomeScreen$Normal@a6314aa
--
04-22 19:23:29.957  5627  5627 I HoneySpace.PackageSourceImpl: addWidgetToList make key:com.samsung.android.app.routines/.#UserHandle{0}  info:AppWidgetProviderInfo(UserHandle{0}/ComponentInfo{com.samsung.android.app.routines/com.samsung.android.app.routines.domainmodel.widget.singlewidget.SingleRoutineWidgetProvider})
04-22 19:23:29.957  5627  5627 I HoneySpace.PackageSourceImpl: addWidgetToList add key:com.samsung.android.app.routines/.#UserHandle{0}  info:AppWidgetProviderInfo(UserHandle{0}/ComponentInfo{com.samsung.android.app.routines/com.samsung.android.app.routines.domainmodel.widget.singlewidget.SingleModeWidgetProvider})
04-22 19:23:29.957  5627  5627 I HoneySpace.PackageSourceImpl: addWidgetToList add key:com.samsung.android.calendar/.#UserHandle{0}  info:AppWidgetProviderInfo(UserHandle{0}/ComponentInfo{com.samsung.android.calendar/com.android.calendar.widget.list.ListWidgetProvider})
04-22 19:23:29.957  5627  5627 I HoneySpace.PackageSourceImpl: addWidgetToList make key:com.sec.android.app.magnifier/.#UserHandle{0}  info:AppWidgetProviderInfo(UserHandle{0}/ComponentInfo{com.sec.android.app.magnifier/com.sec.android.app.magnifier.MagnifierAppWidget})
04-22 19:23:29.957  5627  5627 I HoneySpace.PackageSourceImpl: addWidgetToList make key:com.sec.android.daemonapp/.#UserHandle{0}  info:AppWidgetProviderInfo(UserHandle{0}/ComponentInfo{com.sec.android.daemonapp/com.sec.android.daemonapp.appwidget.WeatherForecastWidget})
04-22 19:23:29.957  5627  5627 I HoneySpace.PackageSourceImpl: info :AppWidgetProviderInfo(UserHandle{0}/ComponentInfo{com.sec.android.daemonapp/com.sec.android.daemonapp.appwidget.WeatherAestheticAppWidget}) hidden from map as requested by provider
04-22 19:23:29.957  5627  5627 I HoneySpace.PackageSourceImpl: info :AppWidgetProviderInfo(UserHandle{0}/ComponentInfo{com.sec.android.daemonapp/com.sec.android.daemonapp.appwidget.WeatherForecastAppWidget}) hidden from map as requested by provider
04-22 19:23:29.957  5627  5627 I HoneySpace.PackageSourceImpl: addWidgetToList make key:com.facebook.katana/.#UserHandle{0}  info:AppWidgetProviderInfo(UserHandle{0}/ComponentInfo{com.facebook.katana/com.facebook.notifications.appwidget.SmallNotificationsWidgetProvider})
04-22 19:23:29.957  5627  5627 I HoneySpace.PackageSourceImpl: addWidgetToList add key:com.facebook.katana/.#UserHandle{0}  info:AppWidgetProviderInfo(UserHandle{0}/ComponentInfo{com.facebook.katana/com.facebook.notifications.appwidget.MediumNotificationsWidgetProvider})
04-22 19:23:29.957  5627  5627 I HoneySpace.PackageSourceImpl: addWidgetToList make key:com.google.android.calendar/.#UserHandle{0}  info:AppWidgetProviderInfo(UserHandle{0}/ComponentInfo{com.google.android.calendar/com.android.calendar.widget.CalendarAppWidgetProvider})
04-22 19:23:29.957  5627  5627 I HoneySpace.PackageSourceImpl: addWidgetToList make key:com.google.android.apps.youtube.music/.#UserHandle{0}  info:AppWidgetProviderInfo(UserHandle{0}/ComponentInfo{com.google.android.apps.youtube.music/com.google.android.apps.youtube.music.player.widget.gm3.NowPlayingWidgetProvider})
04-22 19:23:29.957  5627  5627 I HoneySpace.PackageSourceImpl: addWidgetToList add key:com.google.android.apps.youtube.music/.#UserHandle{0}  info:AppWidgetProviderInfo(UserHandle{0}/ComponentInfo{com.google.android.apps.youtube.music/com.google.android.apps.youtube.music.player.widget.MusicWidgetProvider})
04-22 19:23:29.957  5627  5627 I HoneySpace.PackageSourceImpl: addWidgetToList make key:com.google.android.keep/.#UserHandle{0}  info:AppWidgetProviderInfo(UserHandle{0}/ComponentInfo{com.google.android.keep/com.google.android.keep.quickaddwidget.QuickAddWidgetProvider})
04-22 19:23:29.957  5627  5627 I HoneySpace.PackageSourceImpl: addWidgetToList make key:com.app.tgtg/.#UserHandle{0}  info:AppWidgetProviderInfo(UserHandle{0}/ComponentInfo{com.app.tgtg/com.app.tgtg.favWidget.FavouritesSmallWidget})
04-22 19:23:29.957  5627  5627 I HoneySpace.PackageSourceImpl: addWidgetToList make key:com.google.android.apps.photos/.#UserHandle{0}  info:AppWidgetProviderInfo(UserHandle{0}/ComponentInfo{com.google.android.apps.photos/com.google.android.apps.photos.widget.people.WidgetProviderPeoplePets})
04-22 19:23:29.957  5627  5627 I HoneySpace.PackageSourceImpl: addWidgetToList add key:com.google.android.keep/.#UserHandle{0}  info:AppWidgetProviderInfo(UserHandle{0}/ComponentInfo{com.google.android.keep/com.google.android.apps.keep.ui.widgets.singlenote.SingleNoteWidgetProvider})
04-22 19:23:29.957  5627  5627 I HoneySpace.PackageSourceImpl: addWidgetToList make key:com.linkedin.android/.#UserHandle{0}  info:AppWidgetProviderInfo(UserHandle{0}/ComponentInfo{com.linkedin.android/com.linkedin.android.growth.appactivation.appwidgets.highlights.SmallHighlightsWidget})
04-22 19:23:29.957  5627  5627 I HoneySpace.PackageSourceImpl: addWidgetToList add key:com.app.tgtg/.#UserHandle{0}  info:AppWidgetProviderInfo(UserHandle{0}/ComponentInfo{com.app.tgtg/com.app.tgtg.favWidget.FavouritesLargeWidget})
04-22 19:23:29.957  5627  5627 I HoneySpace.PackageSourceImpl: addWidgetToList add key:com.google.android.apps.photos/.#UserHandle{0}  info:AppWidgetProviderInfo(UserHandle{0}/ComponentInfo{com.google.android.apps.photos/com.google.android.apps.photos.widget.WidgetProvider})
04-22 19:23:29.957  5627  5627 I HoneySpace.PackageSourceImpl: addWidgetToList add key:com.sec.android.daemonapp/.#UserHandle{0}  info:AppWidgetProviderInfo(UserHandle{0}/ComponentInfo{com.sec.android.daemonapp/com.sec.android.daemonapp.appwidget.WeatherAppWidget})
04-22 19:23:29.957  5627  5627 I HoneySpace.PackageSourceImpl: addWidgetToList make key:com.duolingo/.#UserHandle{0}  info:AppWidgetProviderInfo(UserHandle{0}/ComponentInfo{com.duolingo/com.duolingo.streak.streakWidget.MediumStreakWidgetProvider})
04-22 19:23:29.957  5627  5627 I HoneySpace.PackageSourceImpl: addWidgetToList make key:com.google.android.apps.docs/.#UserHandle{0}  info:AppWidgetProviderInfo(UserHandle{0}/ComponentInfo{com.google.android.apps.docs/com.google.android.apps.docs.drive.widget.CakemixAppWidgetProvider})
04-22 19:23:29.957  5627  5627 I HoneySpace.PackageSourceImpl: addWidgetToList add key:com.google.android.apps.youtube.music/.#UserHandle{0}  info:AppWidgetProviderInfo(UserHandle{0}/ComponentInfo{com.google.android.apps.youtube.music/com.google.android.apps.youtube.music.player.widget.gm3.FreeformMusicWidgetProvider})
04-22 19:23:29.957  5627  5627 I HoneySpace.PackageSourceImpl: addWidgetToList make key:com.sec.android.app.launcher/.#UserHandle{0}  info:AppWidgetProviderInfo(UserHandle{0}/ComponentInfo{com.sec.android.app.launcher/com.android.homescreen.easyWidget.EasyModeWidgetProvider})
04-22 19:23:29.957  5627  5627 I HoneySpace.PackageSourceImpl: addWidgetToList make key:com.samsung.android.app.interpreter/.#UserHandle{0}  info:AppWidgetProviderInfo(UserHandle{0}/ComponentInfo{com.samsung.android.app.interpreter/com.samsung.android.app.interpreter.interpretation.receiver.InterpretationAppWidgetListeningProvider})
04-22 19:23:29.957  5627  5627 I HoneySpace.PackageSourceImpl: info :AppWidgetProviderInfo(UserHandle{0}/ComponentInfo{com.sec.android.daemonapp/com.sec.android.daemonapp.appwidget.WeatherAppWidget2x1}) hidden from map as requested by provider
04-22 19:23:29.957  5627  5627 I HoneySpace.PackageSourceImpl: addWidgetToList add key:com.samsung.android.app.interpreter/.#UserHandle{0}  info:AppWidgetProviderInfo(UserHandle{0}/ComponentInfo{com.samsung.android.app.interpreter/com.samsung.android.app.interpreter.interpretation.receiver.InterpretationAppWidgetConversationProvider})
04-22 19:23:29.957  5627  5627 I HoneySpace.PackageSourceImpl: addWidgetToList add key:com.google.android.keep/.#UserHandle{0}  info:AppWidgetProviderInfo(UserHandle{0}/ComponentInfo{com.google.android.keep/com.google.android.keep.homescreenwidget.MemoryAppWidgetProvider})
04-22 19:23:29.957  5627  5627 I HoneySpace.PackageSourceImpl: addWidgetToList make key:com.philips.lighting.hue2/.#UserHandle{0}  info:AppWidgetProviderInfo(UserHandle{0}/ComponentInfo{com.philips.lighting.hue2/com.signify.widgets.SingleActionWidget})
04-22 19:23:29.957  5627  5627 I HoneySpace.PackageSourceImpl: addWidgetToList make key:com.samsung.android.app.notes/.#UserHandle{0}  info:AppWidgetProviderInfo(UserHandle{0}/ComponentInfo{com.samsung.android.app.notes/com.samsung.android.app.notes.widget.WidgetToolBarProvider})
04-22 19:23:29.957  5627  5627 I HoneySpace.PackageSourceImpl: addWidgetToList make key:com.samsung.accessory.jellymgr/.#UserHandle{0}  info:AppWidgetProviderInfo(UserHandle{0}/ComponentInfo{com.samsung.accessory.jellymgr/com.samsung.accessory.hearablemgr.core.appwidget.WidgetBudsControllerProvider})
--
04-22 19:23:29.957  5627  5627 I HoneySpace.PackageSourceImpl: addWidgetToList add key:com.samsung.android.app.routines/.#UserHandle{0}  info:AppWidgetProviderInfo(UserHandle{0}/ComponentInfo{com.samsung.android.app.routines/com.samsung.android.app.routines.domainmodel.widget.groupwidget.GroupRoutineWidgetProvider})
04-22 19:23:29.957  5627  5627 I HoneySpace.PackageSourceImpl: addWidgetToList add key:com.google.android.calendar/.#UserHandle{0}  info:AppWidgetProviderInfo(UserHandle{0}/ComponentInfo{com.google.android.calendar/com.google.android.calendar.widgetmonth.MonthViewWidgetProvider})
04-22 19:23:29.957  5627  5627 I HoneySpace.PackageSourceImpl: addWidgetToList add key:com.linkedin.android/.#UserHandle{0}  info:AppWidgetProviderInfo(UserHandle{0}/ComponentInfo{com.linkedin.android/com.linkedin.android.appwidget.ResponsiveWidget})
04-22 19:23:29.957  5627  5627 I HoneySpace.PackageSourceImpl: addWidgetToList add key:com.samsung.android.oneconnect/.#UserHandle{0}  info:AppWidgetProviderInfo(UserHandle{0}/ComponentInfo{com.samsung.android.oneconnect/com.samsung.android.oneconnect.ui.widget.devices.home.singledevicecontrol.tv.oneui7x.provider.TvControlHomeWidgetProvider})
04-22 19:23:29.957  5627  5627 I HoneySpace.PackageSourceImpl: addWidgetToList add key:com.readdle.spark/.#UserHandle{0}  info:AppWidgetProviderInfo(UserHandle{0}/ComponentInfo{com.readdle.spark/com.readdle.spark.widget.mail.actions.LargeMailListWithActionsReceiver})
04-22 19:23:29.957  5627  5627 I HoneySpace.PackageSourceImpl: addWidgetToList make key:com.samsung.android.widget.pictureframe/.#UserHandle{0}  info:AppWidgetProviderInfo(UserHandle{0}/ComponentInfo{com.samsung.android.widget.pictureframe/com.samsung.android.widget.pictureframe.PhotoAppWidgetProvider})
04-22 19:23:29.957  5627  5627 I HoneySpace.PackageSourceImpl: addWidgetToList add key:com.readdle.spark/.#UserHandle{0}  info:AppWidgetProviderInfo(UserHandle{0}/ComponentInfo{com.readdle.spark/com.readdle.spark.widget.mail.calendar.LargeMailListWithCalendarReceiver})
04-22 19:23:29.957  5627  5627 I HoneySpace.PackageSourceImpl: info :AppWidgetProviderInfo(UserHandle{0}/ComponentInfo{com.samsung.android.smartsuggestions/com.samsung.android.smartsuggestions.settings.about.developermode.widget.ShortcutContributionTestWidgetProvider}) hidden from map as requested by provider
04-22 19:23:29.957  5627  5627 I HoneySpace.PackageSourceImpl: addWidgetToList add key:com.linkedin.android/.#UserHandle{0}  info:AppWidgetProviderInfo(UserHandle{0}/ComponentInfo{com.linkedin.android/com.linkedin.android.profile.components.games.widget.GamesWidget})
04-22 19:23:29.957  5627  5627 I HoneySpace.PackageSourceImpl: addWidgetToList add key:com.duolingo/.#UserHandle{0}  info:AppWidgetProviderInfo(UserHandle{0}/ComponentInfo{com.duolingo/com.duolingo.streak.streakWidget.StreakWidgetProvider})
04-22 19:23:29.957  5627  5627 I HoneySpace.PackageSourceImpl: addWidgetToList make key:com.softissimo.reverso.context/.#UserHandle{0}  info:AppWidgetProviderInfo(UserHandle{0}/ComponentInfo{com.softissimo.reverso.context/com.softissimo.reverso.context.widget.screen.large.AppLargeWidget})
04-22 19:23:29.957  5627  5627 I HoneySpace.PackageSourceImpl: addWidgetToList make key:com.spotify.music/.#UserHandle{0}  info:AppWidgetProviderInfo(UserHandle{0}/ComponentInfo{com.spotify.music/com.spotify.proactiveplatforms.npvwidget.NpvWidgetProvider})
04-22 19:23:29.957  5627  5627 I HoneySpace.PackageSourceImpl: addWidgetToList make key:cz.alza.eshop/.#UserHandle{0}  info:AppWidgetProviderInfo(UserHandle{0}/ComponentInfo{cz.alza.eshop/cz.alza.base.android.setup.ui.widget.BarCodeAppWidgetProvider})
04-22 19:23:29.957  5627  5627 I HoneySpace.PackageSourceImpl: addWidgetToList make key:cz.cd.mujvlak.an/.#UserHandle{0}  info:AppWidgetProviderInfo(UserHandle{0}/ComponentInfo{cz.cd.mujvlak.an/com.circlegate.cd.app.receiver.StationAppWidgetProvider$StationAppWidgetProviderTrainsSingleLines})
04-22 19:23:29.957  5627  5627 I HoneySpace.PackageSourceImpl: addWidgetToList add key:cz.cd.mujvlak.an/.#UserHandle{0}  info:AppWidgetProviderInfo(UserHandle{0}/ComponentInfo{cz.cd.mujvlak.an/com.circlegate.cd.app.receiver.TicketAppWidgetProvider})
04-22 19:23:29.957  5627  5627 I HoneySpace.PackageSourceImpl: addWidgetToList make key:com.sec.android.app.sbrowser/.#UserHandle{0}  info:AppWidgetProviderInfo(UserHandle{0}/ComponentInfo{com.sec.android.app.sbrowser/com.sec.android.app.sbrowser.search_widget.SearchWidgetProvider})
04-22 19:23:29.957  5627  5627 I HoneySpace.PackageSourceImpl: info :AppWidgetProviderInfo(UserHandle{0}/ComponentInfo{com.sec.android.app.shealth/com.sec.android.app.shealth.widget.WalkMatePlainAppWidget}) hidden from map as requested by provider
04-22 19:23:29.957  5627  5627 I HoneySpace.PackageSourceImpl: addWidgetToList make key:com.sec.android.app.shealth/.#UserHandle{0}  info:AppWidgetProviderInfo(UserHandle{0}/ComponentInfo{com.sec.android.app.shealth/com.samsung.android.app.shealth.tracker.pedometer.service.StepsComplicationWidgetReceiver})
04-22 19:23:29.957  5627  5627 I HoneySpace.PackageSourceImpl: addWidgetToList add key:com.sec.android.app.shealth/.#UserHandle{0}  info:AppWidgetProviderInfo(UserHandle{0}/ComponentInfo{com.sec.android.app.shealth/com.samsung.android.app.shealth.tracker.sleepWidget.SleepWidget})
04-22 19:23:29.957  5627  5627 I HoneySpace.PackageSourceImpl: addWidgetToList make key:org.androworks.meteor/.#UserHandle{0}  info:AppWidgetProviderInfo(UserHandle{0}/ComponentInfo{org.androworks.meteor/org.androworks.meteor.wg.providers.WidgetOldDark})
04-22 19:23:29.957  5627  5627 I HoneySpace.PackageSourceImpl: addWidgetToList add key:com.softissimo.reverso.context/.#UserHandle{0}  info:AppWidgetProviderInfo(UserHandle{0}/ComponentInfo{com.softissimo.reverso.context/com.softissimo.reverso.context.widget.screen.small.AppSmallWidget})
04-22 19:23:29.957  5627  5627 I HoneySpace.PackageSourceImpl: addWidgetToList add key:org.androworks.meteor/.#UserHandle{0}  info:AppWidgetProviderInfo(UserHandle{0}/ComponentInfo{org.androworks.meteor/org.androworks.meteor.wg.providers.WidgetNeonLight})
04-22 19:23:29.957  5627  5627 I HoneySpace.PackageSourceImpl: addWidgetToList make key:cz.tesco.clubcard/.#UserHandle{0}  info:AppWidgetProviderInfo(UserHandle{0}/ComponentInfo{cz.tesco.clubcard/com.tesco.clubcard.activity.BarcodeWidget})
04-22 19:23:29.957  5627  5627 I HoneySpace.PackageSourceImpl: addWidgetToList make key:cz.vut.mojevut/.#UserHandle{0}  info:AppWidgetProviderInfo(UserHandle{0}/ComponentInfo{cz.vut.mojevut/cz.vut.mojevut.CollectionAppWidgetProvider})
04-22 19:23:29.957  5627  5627 I HoneySpace.PackageSourceImpl: addWidgetToList make key:org.telegram.messenger/.#UserHandle{0}  info:AppWidgetProviderInfo(UserHandle{0}/ComponentInfo{org.telegram.messenger/org.telegram.messenger.ChatsWidgetProvider})
04-22 19:23:29.957  5627  5627 I HoneySpace.PackageSourceImpl: addWidgetToList add key:org.telegram.messenger/.#UserHandle{0}  info:AppWidgetProviderInfo(UserHandle{0}/ComponentInfo{org.telegram.messenger/org.telegram.messenger.ContactsWidgetProvider})
04-22 19:23:29.957  5627  5627 I HoneySpace.PackageSourceImpl: addWidgetToList make key:com.whatsapp/.#UserHandle{0}  info:AppWidgetProviderInfo(UserHandle{0}/ComponentInfo{com.whatsapp/com.whatsapp.appwidget.WidgetProvider})
04-22 19:23:29.957  5627  5627 I HoneySpace.PackageSourceImpl: addWidgetToList add key:org.androworks.meteor/.#UserHandle{0}  info:AppWidgetProviderInfo(UserHandle{0}/ComponentInfo{org.androworks.meteor/org.androworks.meteor.wg.MeteorWidgetProvider})
04-22 19:23:29.957  5627  5627 I HoneySpace.PackageSourceImpl: addWidgetToList make key:com.sec.android.app.voicenote/.#UserHandle{0}  info:AppWidgetProviderInfo(UserHandle{0}/ComponentInfo{com.sec.android.app.voicenote/com.sec.android.app.voicenote.ui.remote.VoiceRecorderGlanceWidgetReceiver})
04-22 19:23:29.957  5627  5627 I HoneySpace.PackageSourceImpl: addWidgetToList make key:cz.seznam.mapy/.#UserHandle{0}  info:AppWidgetProviderInfo(UserHandle{0}/ComponentInfo{cz.seznam.mapy/cz.seznam.mapy.appwidget.DestinationsWidgetReceiver})
04-22 19:23:29.957  5627  5627 I HoneySpace.PackageSourceImpl: addWidgetToList add key:cz.cd.mujvlak.an/.#UserHandle{0}  info:AppWidgetProviderInfo(UserHandle{0}/ComponentInfo{cz.cd.mujvlak.an/com.circlegate.cd.app.receiver.IkAppWidgetProvider})
--
04-22 19:23:29.958  5627  5627 I HoneySpace.PackageSourceImpl: addWidgetToList make key:com.healthtrackerapp/.#UserHandle{0}  info:AppWidgetProviderInfo(UserHandle{0}/ComponentInfo{com.healthtrackerapp/com.healthtrackerapp.widgets.providers.RoutineWidgetProvider})
04-22 19:23:29.958  5627  5627 I HoneySpace.PackageSourceImpl: addWidgetToList add key:com.healthtrackerapp/.#UserHandle{0}  info:AppWidgetProviderInfo(UserHandle{0}/ComponentInfo{com.healthtrackerapp/com.healthtrackerapp.widgets.providers.AsNeededWidgetProvider})
04-22 19:23:29.958  5627  5627 I HoneySpace.PackageSourceImpl: addWidgetToList add key:com.healthtrackerapp/.#UserHandle{0}  info:AppWidgetProviderInfo(UserHandle{0}/ComponentInfo{com.healthtrackerapp/com.healthtrackerapp.widgets.providers.AppointmentWidgetProvider})
04-22 19:23:29.959  5627  5627 I HoneySpace.PackageSourceImpl: addShortcutToList make key:com.google.android.apps.maps/.#UserHandle{0}  info:android.content.pm.LauncherActivityInfo@64af5f7
04-22 19:23:29.959  5627  5627 I HoneySpace.PackageSourceImpl: addShortcutToList add key:com.google.android.apps.maps/.#UserHandle{0}  info:android.content.pm.LauncherActivityInfo@8e62c64
04-22 19:23:29.959  5627  5627 I HoneySpace.PackageSourceImpl: addShortcutToList add key:com.google.android.apps.maps/.#UserHandle{0}  info:android.content.pm.LauncherActivityInfo@4df8ecd
04-22 19:23:29.959  5627  5627 I HoneySpace.PackageSourceImpl: addShortcutToList add key:com.google.android.apps.maps/.#UserHandle{0}  info:android.content.pm.LauncherActivityInfo@407382
04-22 19:23:29.959  5627  5627 I HoneySpace.PackageSourceImpl: addShortcutToList add key:com.google.android.apps.maps/.#UserHandle{0}  info:android.content.pm.LauncherActivityInfo@72efa93
04-22 19:23:29.959  5627  5627 I HoneySpace.PackageSourceImpl: addShortcutToList make key:com.google.android.gm/.#UserHandle{0}  info:android.content.pm.LauncherActivityInfo@baad0
04-22 19:23:29.959  5627  5627 I HoneySpace.PackageSourceImpl: addShortcutToList make key:com.google.android.googlequicksearchbox/.#UserHandle{0}  info:android.content.pm.LauncherActivityInfo@fe34ac9
04-22 19:23:29.959  5627  5627 I HoneySpace.PackageSourceImpl: addShortcutToList make key:com.samsung.android.app.contacts/.#UserHandle{0}  info:android.content.pm.LauncherActivityInfo@50645ce
04-22 19:23:29.959  5627  5627 I HoneySpace.PackageSourceImpl: addShortcutToList make key:com.google.android.apps.docs/.#UserHandle{0}  info:android.content.pm.LauncherActivityInfo@844acef
04-22 19:23:29.959  5627  5627 I HoneySpace.PackageSourceImpl: addShortcutToList add key:com.google.android.apps.docs/.#UserHandle{0}  info:android.content.pm.LauncherActivityInfo@1c8a3fc
04-22 19:23:29.959  5627  5627 I HoneySpace.PackageSourceImpl: addShortcutToList make key:com.google.android.apps.docs.editors.docs/.#UserHandle{0}  info:android.content.pm.LauncherActivityInfo@54cca85
04-22 19:23:29.959  5627  5627 I HoneySpace.PackageSourceImpl: addShortcutToList make key:com.microsoft.skydrive/.#UserHandle{0}  info:android.content.pm.LauncherActivityInfo@f44f0da
04-22 19:23:29.959  5627  5627 I HoneySpace.PackageSourceImpl: addShortcutToList make key:com.whatsapp/.#UserHandle{0}  info:android.content.pm.LauncherActivityInfo@459290b
04-22 19:23:29.959  5627  5627 I HoneySpace.PackageSourceImpl: addShortcutToList add key:com.whatsapp/.#UserHandle{0}  info:android.content.pm.LauncherActivityInfo@dfa03e8
04-22 19:23:29.960  3338  7563 I AppWidgetServiceImpl: getInstalledProvidersForProfiles lock in null
04-22 19:23:29.960  3338  7563 I AppWidgetServiceImpl: getInstalledProvidersForProfiles lock exit 0
04-22 19:23:29.961  5627  5627 I HoneySpace.PackageSourceImpl: addShortcutToList make key:com.google.android.apps.maps/.#UserHandle{150}  info:android.content.pm.LauncherActivityInfo@e148a01
04-22 19:23:29.961  5627  5627 I HoneySpace.PackageSourceImpl: addShortcutToList add key:com.google.android.apps.maps/.#UserHandle{150}  info:android.content.pm.LauncherActivityInfo@e9140a6
04-22 19:23:29.961  5627  5627 I HoneySpace.PackageSourceImpl: addShortcutToList add key:com.google.android.apps.maps/.#UserHandle{150}  info:android.content.pm.LauncherActivityInfo@bef4ae7
04-22 19:23:29.961  5627  5627 I HoneySpace.PackageSourceImpl: addShortcutToList add key:com.google.android.apps.maps/.#UserHandle{150}  info:android.content.pm.LauncherActivityInfo@35f7694
04-22 19:23:29.961  5627  5627 I HoneySpace.PackageSourceImpl: addShortcutToList add key:com.google.android.apps.maps/.#UserHandle{150}  info:android.content.pm.LauncherActivityInfo@3ec53d
04-22 19:23:29.961  5627  5627 I HoneySpace.PackageSourceImpl: addShortcutToList make key:com.google.android.googlequicksearchbox/.#UserHandle{150}  info:android.content.pm.LauncherActivityInfo@500c132
04-22 19:23:29.961  5627  5627 I HoneySpace.PackageSourceImpl: addShortcutToList make key:com.samsung.android.app.contacts/.#UserHandle{150}  info:android.content.pm.LauncherActivityInfo@adbae83
04-22 19:23:29.961  5627  5627 I HoneySpace.HoneyFactoryImpl: create honeyInfo=HoneyInfo(parentHoney=q4.W@f5737f, packageName=null, type=widgetlist), honeyData=HoneyData(id=-1, data=[option: com.honeyspace.sdk.HomeScreen$WidgetList@f23763c null null null null null, false], bundleData=null, savedState=null), context=com.sec.android.app.launcher.Launcher@b7bc9db
04-22 19:23:29.961  5627  5627 I HoneySpace.DefaultPlugin: createHoney honeyInfo=HoneyInfo(parentHoney=q4.W@f5737f, packageName=null, type=widgetlist) honeyData=HoneyData(id=-1, data=[option: com.honeyspace.sdk.HomeScreen$WidgetList@f23763c null null null null null, false], bundleData=null, savedState=null) context=com.sec.android.app.launcher.Launcher@b7bc9db
04-22 19:23:29.961  5627  5627 I HoneySpace.WidgetListPot: onCreate - honey=y6.f0@b076800 (HoneySpaceInfo(name=OneUI, displayId=0))  honeyScope=CoroutineScope(coroutineContext=[SupervisorJobImpl{Active}@3d77839, Dispatchers.Main.immediate])
04-22 19:23:29.961  5627  5627 I HoneySpace.WidgetListPot: createView itemId=-1
04-22 19:23:29.961  5627  5627 I HoneySpace.WidgetListSpaceViewModel: data cleared
--
04-22 19:23:32.647  5627  5627 I HoneySpace.TemplatePreviews: get preview for : com.healthtrackerapp.widgets.providers.RoutineWidgetProvider, isTemplateStyle : false, initialLayoutId : 2131427448, realDataPreviewSize : null, previewLayoutSize : null
04-22 19:23:32.648  5627  5627 I HoneySpace.ListExpandContainer: bindWidget AppWidgetProviderInfo(UserHandle{0}/ComponentInfo{com.healthtrackerapp/com.healthtrackerapp.widgets.providers.RoutineWidgetProvider})
04-22 19:23:32.649  5627  5627 I HoneySpace.HoneySpaceManagerContainer: getWindowBounds, key = (com.sec.android.app.launcher.Launcher, 0)
04-22 19:23:32.649  5627  5627 I HoneySpace.HoneySpaceManagerContainer: getWindowBounds, key = (com.sec.android.app.launcher.Launcher, 0)
04-22 19:23:32.649  5627  5627 I HoneySpace.HoneySpaceManagerContainer: getWindowBounds, key = (com.sec.android.app.launcher.Launcher, 0)
04-22 19:23:32.649  5627  5627 I HoneySpace.HoneySpaceManagerContainer: getWindowBounds, key = (com.sec.android.app.launcher.Launcher, 0)
04-22 19:23:32.649  5627  5627 I HoneySpace.HoneySpaceManagerContainer: getWindowBounds, key = (com.sec.android.app.launcher.Launcher, 0)
04-22 19:23:32.649  5627  5627 I HoneySpace.HoneySpaceManagerContainer: getWindowBounds, key = (com.sec.android.app.launcher.Launcher, 0)
04-22 19:23:32.649  5627  5627 I HoneySpace.HoneySpaceManagerContainer: getWindowBounds, key = (com.sec.android.app.launcher.Launcher, 0)
04-22 19:23:32.649  5627  5627 I HoneySpace.HoneySpaceManagerContainer: getWindowBounds, key = (com.sec.android.app.launcher.Launcher, 0)
04-22 19:23:32.649  5627  5627 I HoneySpace.HoneySpaceManagerContainer: getWindowBounds, key = (com.sec.android.app.launcher.Launcher, 0)
04-22 19:23:32.649  5627  5627 I HoneySpace.HoneySpaceManagerContainer: getWindowBounds, key = (com.sec.android.app.launcher.Launcher, 0)
04-22 19:23:32.649  5627  5627 I HoneySpace.CellLayoutInfoImpl: return cellLayoutSize(1330x2195) - baseOnHome(true): com.sec.android.app.launcher.Launcher@b7bc9db
04-22 19:23:32.649  5627  5627 I HoneySpace.PhoneIconStyleFactory: init densityDpi=560
04-22 19:23:32.649  5627  5627 I HoneySpace.PhoneIconStyleFactory: setDisplayOptionList 560 0
04-22 19:23:32.649  5627  5627 I HoneySpace.PhoneIconStyleFactory: setDisplayOptionList: 560 IconDisplayOption(itemSizeList=[ItemSize(size=0.144, isLand=false, hideLabel=false, adjustSizeByLevel=[{SMALL=-0.012}, {LARGE=0.008}]), ItemSize(size=0.147, isLand=true, hideLabel=false, adjustSizeByLevel=[{SMALL=-0.012}, {LARGE=0.008}]), ItemSize(size=0.152, isLand=false, hideLabel=true, adjustSizeByLevel=[{SMALL=-0.012}, {LARGE=0.008}]), ItemSize(size=0.147, isLand=true, hideLabel=true, adjustSizeByLevel=[{SMALL=-0.012}, {LARGE=0.008}])], iconDrawablePadding=0.003, iconDrawablePaddingLand=0.003, iconTextSize=11.3, iconTextSizeLand=11.3)
04-22 19:23:32.649  5627  5627 I HoneySpace.PhoneIconStyleFactory: setDisplayOptionList: 560 IconDisplayOption(itemSizeList=[ItemSize(size=0.198, isLand=false, hideLabel=false, adjustSizeByLevel=[{SMALL=-0.01}, {LARGE=0.015}]), ItemSize(size=0.198, isLand=true, hideLabel=false, adjustSizeByLevel=[{SMALL=-0.012}, {LARGE=0.008}]), ItemSize(size=0.198, isLand=false, hideLabel=true, adjustSizeByLevel=[{SMALL=-0.01}, {LARGE=0.015}]), ItemSize(size=0.198, isLand=true, hideLabel=true, adjustSizeByLevel=[{SMALL=-0.012}, {LARGE=0.008}])], iconDrawablePadding=0.003, iconDrawablePaddingLand=0.003, iconTextSize=12.3, iconTextSizeLand=12.3)
04-22 19:23:32.649  5627  5627 I HoneySpace.PhoneIconStyleFactory: setDisplayOptionList: 560 IconDisplayOption(itemSizeList=[ItemSize(size=0.161, isLand=false, hideLabel=false, adjustSizeByLevel=[{SMALL=-0.01}, {LARGE=0.015}]), ItemSize(size=0.147, isLand=true, hideLabel=false, adjustSizeByLevel=[{SMALL=-0.012}, {LARGE=0.008}]), ItemSize(size=0.17, isLand=false, hideLabel=true, adjustSizeByLevel=[{SMALL=-0.01}, {LARGE=0.015}]), ItemSize(size=0.172, isLand=true, hideLabel=true, adjustSizeByLevel=[{SMALL=-0.012}, {LARGE=0.008}])], iconDrawablePadding=0.003, iconDrawablePaddingLand=0.003, iconTextSize=11.5, iconTextSizeLand=11.5)
04-22 19:23:32.649  5627  5627 I HoneySpace.PhoneIconStyleFactory: setDisplayOptionList: 560 IconDisplayOption(itemSizeList=[ItemSize(size=0.198, isLand=false, hideLabel=false, adjustSizeByLevel=[{SMALL=-0.01}, {LARGE=0.015}]), ItemSize(size=0.198, isLand=true, hideLabel=false, adjustSizeByLevel=[{SMALL=-0.012}, {LARGE=0.008}]), ItemSize(size=0.198, isLand=false, hideLabel=true, adjustSizeByLevel=[{SMALL=-0.01}, {LARGE=0.015}]), ItemSize(size=0.198, isLand=true, hideLabel=true, adjustSizeByLevel=[{SMALL=-0.012}, {LARGE=0.008}])], iconDrawablePadding=0.003, iconDrawablePaddingLand=0.003, iconTextSize=12.3, iconTextSizeLand=12.3)
04-22 19:23:32.649  5627  5627 I HoneySpace.HoneySpaceManagerContainer: getWindowBounds, key = (com.sec.android.app.launcher.Launcher, 0)
04-22 19:23:32.649  5627  5627 I HoneySpace.ListExpandCellPreview: setPreviewLayoutParam - spanX: 4, spanY: 4, 1002x1398
04-22 19:23:32.650  5627  5627 I HoneySpace.HoneySpaceManagerContainer: getWindowBounds, key = (com.sec.android.app.launcher.Launcher, 0)
04-22 19:23:32.650  5627  5627 I HoneySpace.HoneySpaceManagerContainer: getWindowBounds, key = (com.sec.android.app.launcher.Launcher, 0)
04-22 19:23:32.650  5627  5627 I HoneySpace.HoneySpaceManagerContainer: getWindowBounds, key = (com.sec.android.app.launcher.Launcher, 0)
04-22 19:23:32.650  5627  5627 I HoneySpace.HoneySpaceManagerContainer: getWindowBounds, key = (com.sec.android.app.launcher.Launcher, 0)
04-22 19:23:32.650  5627  5627 I HoneySpace.HoneySpaceManagerContainer: getWindowBounds, key = (com.sec.android.app.launcher.Launcher, 0)
04-22 19:23:32.650  5627  5627 I HoneySpace.HoneySpaceManagerContainer: getWindowBounds, key = (com.sec.android.app.launcher.Launcher, 0)
04-22 19:23:32.650  5627  5627 I HoneySpace.HoneySpaceManagerContainer: getWindowBounds, key = (com.sec.android.app.launcher.Launcher, 0)
04-22 19:23:32.650  5627  5627 I HoneySpace.HoneySpaceManagerContainer: getWindowBounds, key = (com.sec.android.app.launcher.Launcher, 0)
04-22 19:23:32.650  5627  5627 I HoneySpace.HoneySpaceManagerContainer: getWindowBounds, key = (com.sec.android.app.launcher.Launcher, 0)
04-22 19:23:32.650  5627  5627 I HoneySpace.HoneySpaceManagerContainer: getWindowBounds, key = (com.sec.android.app.launcher.Launcher, 0)
04-22 19:23:32.650  5627  5627 I HoneySpace.CellLayoutInfoImpl: return cellLayoutSize(1330x2195) - baseOnHome(true): com.sec.android.app.launcher.Launcher@b7bc9db
--
04-22 19:23:34.326  5627  5627 I HoneySpace.ClipDataHelper: isInterestingData local: PendingItem(id=-1, isShortcut=false, componentName=ComponentInfo{com.healthtrackerapp/com.healthtrackerapp.widgets.providers.RoutineWidgetProvider}, spanX=4, spanY=4, user=UserHandle{0}, cellX=-1, cellY=-1, pageId=-1, rank=-1, widgetId=-1, intent=Intent {  }, activityInfo=null, folderTargetView=null, widgetFromAddItemActivity=false)
04-22 19:23:34.326  5627  5627 I HoneySpace.HotseatOnHomeDragOperator: ACTION_DRAG_STARTED: false
04-22 19:23:34.326  5627  5627 I HoneySpace.HomescreenPot: ACTION_DRAG_STARTED
04-22 19:23:34.326  2162  2162 E SecVibrator-HAL-AIDL-CORE: HW_API: [uploadForceFeedbackeffect]ioctl success ,uploaded effect with ID: 0
04-22 19:23:34.326  2162  2162 E SecVibrator-HAL-AIDL-CORE: HW_API: do_on for timeoutMs: 1000
04-22 19:23:34.326  2162  2162 E SecVibrator-HAL-AIDL-CORE: HW_API: [triggerForceFeedbackVibration]on: 1
04-22 19:23:34.327  5627  5627 I HoneySpace.PageIndicatorView: needFakeZeroPageMarker state : 12, minusOnePageEnable : true, existMinusOnePage : false
04-22 19:23:34.327  5627  5627 I HoneySpace.PageIndicatorView: add minusOnePageMarker
04-22 19:23:34.327  5627  5627 I HoneySpace.PageIndicatorMarker: changeColorForBg state : 12, darkFont : false
04-22 19:23:34.327  5627  5627 I HoneySpace.PageIndicatorMarker: changeColorForBg state : 12, darkFont : false
04-22 19:23:34.327  5627  5627 I HoneySpace.PageIndicatorMarker: changeColorForBg state : 12, darkFont : false
04-22 19:23:34.327  5627  5627 I HoneySpace.PageIndicatorMarker: changeColorForBg state : 12, darkFont : false
04-22 19:23:34.327  3338  6447 D MotionRecognitionService: inject vibrator info = 1.0
04-22 19:23:34.327  5627  5627 I HoneySpace.PageIndicatorMarker: changeColorForBg state : 12, darkFont : false
04-22 19:23:34.327  5627  5627 I HoneySpace.PageIndicatorView: setActiveMarker : 3
04-22 19:23:34.327  5627  5627 I HoneySpace.PageIndicatorView: markers.size = 4
04-22 19:23:34.327  2077  2077 I sensors-hal: inject_sensor_data:433, handle:11, type:33 not supported
04-22 19:23:34.327  5627  5627 I HoneySpace.WallpaperBlurView: apply(): progress = 0.9960489, radius = 249, preset = null
04-22 19:23:34.327  2077  2077 I sensors-hal: inject_sensor_data:433, handle:11, type:33 not supported
04-22 19:23:34.327  2077  2077 I sensors-hal: inject_sensor_data:433, handle:11, type:33 not supported
04-22 19:23:34.327  5627  5627 I HoneySpace.WallpaperBlurView: apply(): progress = 0.9960489, radius = 249, preset = null
04-22 19:23:34.328  5627  5627 I HoneySpace.PageIndicatorView: change plusPage : (true, false), com.honeyspace.ui.common.pageindicator.PageIndicatorView{8a50af7 V.E...... ......ID 0,2535-1440,2659 #7f0a07a9 app:id/workspace_page_indicator}
04-22 19:23:34.328  5627  5627 I HoneySpace.PageIndicatorView: plusPageMarker : com.honeyspace.ui.common.pageindicator.PageIndicatorMarker{21baa5a V.E...C.. .......D 335,0-402,67}
04-22 19:23:34.328  5627  5627 I HoneySpace.PageIndicatorView: change pageCount : 5, com.honeyspace.ui.common.pageindicator.PageIndicatorView{8a50af7 V.E...... ......ID 0,2535-1440,2659 #7f0a07a9 app:id/workspace_page_indicator}
04-22 19:23:34.328  5627  5627 I HoneySpace.PageIndicatorView: setMarkersCount : 5, isAnimated : true, existMinusOnePage : false existPlusPage : true
04-22 19:23:34.328  5627  5627 I HoneySpace.PageIndicatorView: add plus page marker
04-22 19:23:34.328  5627  5627 I HoneySpace.PageIndicatorView: needFakeZeroPageMarker state : 12, minusOnePageEnable : true, existMinusOnePage : false
04-22 19:23:34.328  5627  5627 I HoneySpace.PageIndicatorView: add minusOnePageMarker
04-22 19:23:34.328  5627  5627 I HoneySpace.PageIndicatorMarker: changeColorForBg state : 12, darkFont : false
04-22 19:23:34.328  5627  5627 I HoneySpace.PageIndicatorMarker: changeColorForBg state : 12, darkFont : false
04-22 19:23:34.328  5627  5627 I HoneySpace.PageIndicatorMarker: changeColorForBg state : 12, darkFont : false
--
04-22 19:23:34.657  3338  6801 I AppWidgetServiceImpl: Bound widget 70 to provider ProviderId{user:0, app:10608, cmp:ComponentInfo{com.healthtrackerapp/com.healthtrackerapp.widgets.providers.RoutineWidgetProvider}}
04-22 19:23:34.658  5627  5627 I HoneySpace.HomescreenPot: IsShowDropTargetBar true
04-22 19:23:34.658  5627  5627 I HoneySpace.HoneySpaceManagerContainer: getWindowBounds, key = (android.view.ContextThemeWrapper, 0)
04-22 19:23:34.659  5627  5627 I HoneySpace.WindowBounds: sourceContext: android.view.ContextThemeWrapper@5f57619
04-22 19:23:34.659  5627  5627 I HoneySpace.WindowBounds: sourceConfig: {0.8 230mcc2mnc [en_US] ldltr sw411dp w411dp h882dp 560dpi nrml long port night finger -keyb/v/h -nav/h winConfig={ mBounds=Rect(0, 0 - 1440, 3088) mAppBounds=Rect(0, 0 - 1440, 3088) mMaxBounds=Rect(0, 0 - 1440, 3088) mDisplayRotation=ROTATION_0 mWindowingMode=fullscreen mActivityType=home mAlwaysOnTop=undefined mRotation=ROTATION_0 mStageConfig=undefined mEmbedActivityMode=undefined mPopOver=off mOverlappingWithCutout=false} s.12 fontWeightAdjustment=0 ff=0 bf=-1 bts=0 cst=1.0 nightDim=0 themeSeq=0}
04-22 19:23:34.659  5627  5627 I HoneySpace.WindowBounds: updateNavigationMode? SIDE_BOTTOM_GESTURE
04-22 19:23:34.659  5627  5627 I HoneySpace.WindowBounds: immersiveNavigation? false
04-22 19:23:34.659  5627  5627 I HoneySpace.WindowBounds: setInsetAndCutout, Bounds=Rect(0, 0 - 1440, 3088), AppBounds=Rect(0, 0 - 1440, 3088)
04-22 19:23:34.659 24891 24891 D AppWidgetProvider: onReceive:android.appwidget.action.APPWIDGET_ENABLED
04-22 19:23:34.659  5627  5627 I HoneySpace.WindowBounds: update window bounds, name = android.view.ContextThemeWrapper, context = android.view.ContextThemeWrapper, call from {com.honeyspace.ui.honeypots.homescreen.droptargetbar.CancelDropTarget.onFinishInflate(Unknown Source:16)}
04-22 19:23:34.659  5627  5627 I HoneySpace.WindowBounds: WindowBounds width=1440 height=3088, bounds=Rect(0, 0 - 1440, 3088), insets=Insets{left=0, top=100, right=0, bottom=53}, systemInsets=Insets{left=0, top=100, right=0, bottom=53}, cutout=Rect(0, 100 - 0, 0), gestureActionInsets=Insets{left=105, top=142, right=105, bottom=112}, insetsIgnoreCutout=Insets{left=0, top=100, right=0, bottom=53}, baseScreenSize=Point(1440, 3035)screenSizeIncludeCutout: Point(1440, 3035)
04-22 19:23:34.659  3338  3583 D WindowManager: sending DRAG_LOCATION to Window{2104674 u0 ShellDropTarget}
04-22 19:23:34.660  5627  5627 I HoneySpace.HoneySpaceManagerContainer: getWindowBounds, key = (android.view.ContextThemeWrapper, 0)
