04-24 14:25:14.540  3338  7558 D ActivityManager: Received BROADCAST intent 0x29904ff Key{broadcastIntent pkg=com.healthtrackerapp intent=act=com.healthtrackerapp.ACTION_TOGGLE_APPT_CHIP xflg=0x4 pkg=com.healthtrackerapp cmp=com.healthtrackerapp/.widgets.WidgetActionReceiver flags=0x4000000 u=0} requestCode=402 sent=0 from uid 10141
04-24 14:25:14.542 18045 18045 I HoneySpace.GestureInputHandler: reset
04-24 14:25:14.542 18045 18045 I HoneySpace.InputSession: close
04-24 14:25:14.544  3338  3607 I ActivityManager: Changes in 10622 15 to 11, 0 to 128
04-24 14:25:14.548  3338  7564 I AppWidgetServiceImpl: getInstalledProvidersForProfiles lock in com.healthtrackerapp
04-24 14:25:14.549  3338  7564 I AppWidgetServiceImpl: getInstalledProvidersForProfiles lock exit 3
04-24 14:25:14.550  3338  3606 I AppWidgetServiceImpl: handleSaveMessage 0
04-24 14:25:14.552  7376  7376 I AppWidgetManager: updateAppWidget() appWidgetIds = [95]
04-24 14:25:14.553  3338  7564 I AppWidgetServiceImpl: Null RemoteViews on updateAppWidgetIds
04-24 14:25:14.556  3338  4387 D AppWidgetServiceImpl: handleNotifyUpdateAppWidget, appWidgetId = 95
04-24 14:25:14.556  3338  4387 D AppWidgetServiceImpl: Trying to notify widget update for package com.healthtrackerapp with widget id: 95
04-24 14:25:14.557 18045 18045 I AppWidgetHost: updateAppWidgetView, appWidgetId = 95, v = com.honeyspace.ui.common.widget.HoneyAppWidgetHostView{17a046c VFE...... R....... 31,31-1233,1713} - span boundary: (4, 2) ~ (5, 6), appWidgetSize: 0, flag: 3, lastAppliedInfo: RemoteViewInfo(packages=com.healthtrackerapp), cachedImageView: false
04-24 14:25:14.557 18045 18045 I HoneySpace.HoneyAppWidgetHostView: [updateAppWidget id=95] receive event - isAnimating: false, remoteViews: android.widget.RemoteViews@e5e0e97, hostView: @17a046c
04-24 14:25:14.557 18045 18045 I HoneySpace.HoneyAppWidgetHostView: [updateAppWidget id=95] start update job for widget
04-24 14:25:14.557 18045 18045 I HoneySpace.HoneyAppWidgetHostView: [updateAppWidget id=95] update after transition animation
04-24 14:25:14.557 18045 18045 I HoneySpace.HoneyAppWidgetHostView: [updateAppWidget id=95] perform updateAppWidget - remoteViews: android.widget.RemoteViews@e5e0e97, hostView: @17a046c
04-24 14:25:14.559  3338  7564 I ActivityManager: Changes in 10622 11 to 15, 128 to 0
04-24 14:25:14.566 18045 18045 I TraceUtils: widget onLayout 95
04-24 14:25:14.570  2142  2142 E ANDR-PERF-MPCTL: ANDR-PERF-MPCTL: internal_perf_lock_acq_verification() 385: Perflock Submit request limit reached.
04-24 14:25:14.579  9088  9088 I [MCFServer]_CallbackTimer: setTimeout - alarm set : 93854
04-24 14:25:14.579  9088  9088 I [MCFServer]_SubscriberManager: stopPilotAdvertise - bleSID (0x40000)
04-24 14:25:14.580  9088  9088 I [MCFServer]_SubscriberManager: startPilotAdvertise - {AD{id=0x40000, access=0, timeout=972}, R=false, CB{i=262144, h=189071409}}
04-24 14:25:14.580  9088  9088 I [MCFServer]_CallbackTimer: setTimeout - alarm set : 972
04-24 14:25:14.580  9088  9088 I [MCFServer]_McfBleAdvertiser(Pilot): stopAdvertiser - unset
04-24 14:25:14.580  2208  2481 I CompositionEngine: [setDisplaySize] size=(573, 53)
04-24 14:25:14.581  4972  6629 W BtGatt.AdvertiseManager: stopAdvertisingSet() - Enter the mNativeInterface
--
04-24 14:25:14.772 18045 18045 I HoneySpace.WidgetInteractionHandlerImpl: [getActivityLaunchOptions] hostView-com.honeyspace.ui.common.widget.HoneyAppWidgetHostView{17a046c VFE...... R....... 31,31-1233,1713} - span boundary: (4, 2) ~ (5, 6), appWidgetSize: 0, flag: 3, lastAppliedInfo: RemoteViewInfo(packages=com.healthtrackerapp), cachedImageView: false, targetView-com.honeyspace.ui.common.widget.WidgetHostViewContainer{6db2734 VFE...CL. ........ 266,366-1330,1830} - HealthTrackerApp, appWidgetId=95, alpha=1.0, spanX=4, spanY=4, isStandardized: false, lastLabel: null, lastCornerRadius: null, lastBackgroundOpacity: 0, lastTransparent: true, x=1, y=1, cookieId-290957, intent-Intent { cmp=com.healthtrackerapp/.widgets.providers.AppointmentWidgetProvider }
04-24 14:25:14.772 18045 18045 I HoneySpace.ShellTransitionManager: app launch case while open waiting
04-24 14:25:14.772 18045 18045 I HoneySpace.ShellAnimationRunner: setDelegate, delegate-com.honeyspace.transition.delegate.AppWidgetLaunchAnimationDelegate@6c4e86d, strong-false
04-24 14:25:14.772 18045 18045 I HoneySpace.ShellTransitionManager: open start
04-24 14:25:14.774  3338  4404 D BackgroundInstallControlService: Package event received: 0
04-24 14:25:14.776 18045 18045 I HoneySpace.Launcher: startIntentSenderForResult request : -1
04-24 14:25:14.778  3338  7565 D ActivityManager: Received BROADCAST intent 0xbc07ef9 Key{broadcastIntent pkg=com.healthtrackerapp intent=act=com.healthtrackerapp.ACTION_TOGGLE_APPT_CHIP xflg=0x4 pkg=com.healthtrackerapp cmp=com.healthtrackerapp/.widgets.WidgetActionReceiver flags=0x4000000 u=0} requestCode=401 sent=0 from uid 10141
04-24 14:25:14.779 18045 18045 I HoneySpace.GestureInputHandler: reset
04-24 14:25:14.779 18045 18045 I HoneySpace.InputSession: close
04-24 14:25:14.779  3338  3607 I ActivityManager: Changes in 10622 15 to 11, 0 to 128
04-24 14:25:14.783  3338  7564 I AppWidgetServiceImpl: getInstalledProvidersForProfiles lock in com.healthtrackerapp
04-24 14:25:14.784  3338  7564 I AppWidgetServiceImpl: getInstalledProvidersForProfiles lock exit 3
04-24 14:25:14.785  3338  3606 I AppWidgetServiceImpl: handleSaveMessage 0
04-24 14:25:14.789  7376  7376 I AppWidgetManager: updateAppWidget() appWidgetIds = [95]
04-24 14:25:14.789  3338  7564 I AppWidgetServiceImpl: Null RemoteViews on updateAppWidgetIds
04-24 14:25:14.792  3338  4387 D AppWidgetServiceImpl: handleNotifyUpdateAppWidget, appWidgetId = 95
04-24 14:25:14.792  3338  4387 D AppWidgetServiceImpl: Trying to notify widget update for package com.healthtrackerapp with widget id: 95
04-24 14:25:14.793 18045 18045 I AppWidgetHost: updateAppWidgetView, appWidgetId = 95, v = com.honeyspace.ui.common.widget.HoneyAppWidgetHostView{17a046c VFE...... R....... 31,31-1233,1713} - span boundary: (4, 2) ~ (5, 6), appWidgetSize: 0, flag: 3, lastAppliedInfo: RemoteViewInfo(packages=com.healthtrackerapp), cachedImageView: false
04-24 14:25:14.793 18045 18045 I HoneySpace.HoneyAppWidgetHostView: [updateAppWidget id=95] receive event - isAnimating: false, remoteViews: android.widget.RemoteViews@1f65ca2, hostView: @17a046c
04-24 14:25:14.793 18045 18045 I HoneySpace.HoneyAppWidgetHostView: [updateAppWidget id=95] start update job for widget
04-24 14:25:14.793 18045 18045 I HoneySpace.HoneyAppWidgetHostView: [updateAppWidget id=95] update after transition animation
04-24 14:25:14.793 18045 18045 I HoneySpace.HoneyAppWidgetHostView: [updateAppWidget id=95] perform updateAppWidget - remoteViews: android.widget.RemoteViews@1f65ca2, hostView: @17a046c
04-24 14:25:14.795  3338  7564 I ActivityManager: Changes in 10622 11 to 15, 128 to 0
04-24 14:25:14.799 18045 18045 I TraceUtils: widget onLayout 95
04-24 14:25:14.804  2142  2142 E ANDR-PERF-MPCTL: ANDR-PERF-MPCTL: internal_perf_lock_acq_verification() 385: Perflock Submit request limit reached.
04-24 14:25:14.815  2208  2481 I CompositionEngine: [setDisplaySize] size=(573, 53)
04-24 14:25:14.854  2066  6589 I vendor.qti.bluetooth@1.1-ibs_handler: ProcessIbsCmd: Received IBS_WAKE_IND: 0xFD
04-24 14:25:14.854  2066  6589 I vendor.qti.bluetooth@1.1-ibs_handler: ProcessIbsCmd: Writing IBS_WAKE_ACK
04-24 14:25:14.859  4972  6603 I ScanController: onScanResult to scannerId: 6- eventType=0x10, addressType=0, address=XX:XX:XX:XX:6C:FB, primaryPhy=1, secondaryPhy=0, advertisingSid=0xff, txPower=127, rssi=-77, periodicAdvInt=0x0
04-24 14:25:14.861 14394 14757 I [+0200]oneconnect[1.8.45.24_01][CORE]: DataConvert.parseBleVd - deviceBle : |name:|deviceType:TV|discoverType:_BLE|services:None|connected:false[TvStatusString]POWER_OFF[TvStatus]-128[TvService]102[TvMirrorChannel]1[TvRegisteredDB][0, 0, 0, 0, 0, 0][TvYear]2016[TvOcfInfo]0[TvAcmStatus]0[ExTvStatus]0[ExtendedStatus]-1[ModuloSn]-1
04-24 14:25:14.896  2066  6589 I vendor.qti.bluetooth@1.1-ibs_handler: ProcessIbsCmd: Received IBS_SLEEP_IND: 0xFE
--
04-24 14:25:15.081 18045 18045 I HoneySpace.WidgetInteractionHandlerImpl: [getActivityLaunchOptions] hostView-com.honeyspace.ui.common.widget.HoneyAppWidgetHostView{17a046c VFE...... R....... 31,31-1233,1713} - span boundary: (4, 2) ~ (5, 6), appWidgetSize: 0, flag: 3, lastAppliedInfo: RemoteViewInfo(packages=com.healthtrackerapp), cachedImageView: false, targetView-com.honeyspace.ui.common.widget.WidgetHostViewContainer{6db2734 VFE...CL. ........ 266,366-1330,1830} - HealthTrackerApp, appWidgetId=95, alpha=1.0, spanX=4, spanY=4, isStandardized: false, lastLabel: null, lastCornerRadius: null, lastBackgroundOpacity: 0, lastTransparent: true, x=1, y=1, cookieId-290957, intent-Intent { cmp=com.healthtrackerapp/.widgets.providers.AppointmentWidgetProvider }
04-24 14:25:15.081 18045 18045 I HoneySpace.ShellTransitionManager: app launch case while open waiting
04-24 14:25:15.081 18045 18045 I HoneySpace.ShellAnimationRunner: setDelegate, delegate-com.honeyspace.transition.delegate.AppWidgetLaunchAnimationDelegate@82588f0, strong-false
04-24 14:25:15.081 18045 18045 I HoneySpace.ShellTransitionManager: open start
04-24 14:25:15.083  3338  4404 D BackgroundInstallControlService: Package event received: 0
04-24 14:25:15.083  8248  8248 I SemDvfsHyPerManager: acquire hyper - TATouchBoost/8248@29, type = -999
04-24 14:25:15.083  8248  8248 I SemDvfsHyPerManager: acquire hyper - TA_TOUCH_SHARE/8248@30, type = -999
04-24 14:25:15.084  2086  2146 I HYPER-HAL: [RequestManager.cpp]acquire(): Acquired ID : 34258532  [8248 / 29]    HINT :      list : [TABoost / 1] [TIMEOUT / 1500] 
04-24 14:25:15.084  2086  2146 I HYPER-HAL: [RequestManager.cpp]acquire(): Acquired ID : 34266811  [8248 / 30]    HINT : TA_TOUCH_SHARE    list : [TIMEOUT / 1500] 
04-24 14:25:15.086 18045 18045 I HoneySpace.Launcher: startIntentSenderForResult request : -1
04-24 14:25:15.088  3338  7558 D ActivityManager: Received BROADCAST intent 0xe7c5ea5 Key{broadcastIntent pkg=com.healthtrackerapp intent=act=com.healthtrackerapp.ACTION_TOGGLE_APPT_CHIP xflg=0x4 pkg=com.healthtrackerapp cmp=com.healthtrackerapp/.widgets.WidgetActionReceiver flags=0x4000000 u=0} requestCode=400 sent=0 from uid 10141
04-24 14:25:15.089 18045 18045 I HoneySpace.GestureInputHandler: reset
04-24 14:25:15.089 18045 18045 I HoneySpace.InputSession: close
04-24 14:25:15.089  3338  3607 I ActivityManager: Changes in 10622 15 to 11, 0 to 128
04-24 14:25:15.093  3338  7564 I AppWidgetServiceImpl: getInstalledProvidersForProfiles lock in com.healthtrackerapp
04-24 14:25:15.094  3338  7564 I AppWidgetServiceImpl: getInstalledProvidersForProfiles lock exit 3
04-24 14:25:15.095  3338  3606 I AppWidgetServiceImpl: handleSaveMessage 0
04-24 14:25:15.098  7376  7376 I AppWidgetManager: updateAppWidget() appWidgetIds = [95]
04-24 14:25:15.099  3338  7564 I AppWidgetServiceImpl: Null RemoteViews on updateAppWidgetIds
04-24 14:25:15.101  3338  4387 D AppWidgetServiceImpl: handleNotifyUpdateAppWidget, appWidgetId = 95
04-24 14:25:15.101  3338  4387 D AppWidgetServiceImpl: Trying to notify widget update for package com.healthtrackerapp with widget id: 95
04-24 14:25:15.102 18045 18045 I AppWidgetHost: updateAppWidgetView, appWidgetId = 95, v = com.honeyspace.ui.common.widget.HoneyAppWidgetHostView{17a046c VFE...... R....... 31,31-1233,1713} - span boundary: (4, 2) ~ (5, 6), appWidgetSize: 0, flag: 3, lastAppliedInfo: RemoteViewInfo(packages=com.healthtrackerapp), cachedImageView: false
04-24 14:25:15.102 18045 18045 I HoneySpace.HoneyAppWidgetHostView: [updateAppWidget id=95] receive event - isAnimating: false, remoteViews: android.widget.RemoteViews@1549e69, hostView: @17a046c
04-24 14:25:15.102 18045 18045 I HoneySpace.HoneyAppWidgetHostView: [updateAppWidget id=95] start update job for widget
04-24 14:25:15.102 18045 18045 I HoneySpace.HoneyAppWidgetHostView: [updateAppWidget id=95] update after transition animation
04-24 14:25:15.102 18045 18045 I HoneySpace.HoneyAppWidgetHostView: [updateAppWidget id=95] perform updateAppWidget - remoteViews: android.widget.RemoteViews@1549e69, hostView: @17a046c
04-24 14:25:15.105  3338  7564 I ActivityManager: Changes in 10622 11 to 15, 128 to 0
04-24 14:25:15.109 18045 18045 I TraceUtils: widget onLayout 95
04-24 14:25:15.114  2142  2142 E ANDR-PERF-MPCTL: ANDR-PERF-MPCTL: internal_perf_lock_acq_verification() 385: Perflock Submit request limit reached.
04-24 14:25:15.123  2208  2481 I CompositionEngine: [setDisplaySize] size=(573, 53)
04-24 14:25:15.147  1135  1135 D io_stats: !@   8,0 r 75678622 1475579491 w 9259483 174079420 d 1039900 133368044 f 276801 946473 iot 19816588 0 th 0 0 0 pt 0 inp 0 0 110757.833
--
04-24 14:25:15.500 18045 18045 I HoneySpace.WidgetInteractionHandlerImpl: [getActivityLaunchOptions] hostView-com.honeyspace.ui.common.widget.HoneyAppWidgetHostView{17a046c VFE...... R....... 31,31-1233,1713} - span boundary: (4, 2) ~ (5, 6), appWidgetSize: 0, flag: 3, lastAppliedInfo: RemoteViewInfo(packages=com.healthtrackerapp), cachedImageView: false, targetView-com.honeyspace.ui.common.widget.WidgetHostViewContainer{6db2734 VFE...CL. ........ 266,366-1330,1830} - HealthTrackerApp, appWidgetId=95, alpha=1.0, spanX=4, spanY=4, isStandardized: false, lastLabel: null, lastCornerRadius: null, lastBackgroundOpacity: 0, lastTransparent: true, x=1, y=1, cookieId-290957, intent-Intent { cmp=com.healthtrackerapp/.widgets.providers.AppointmentWidgetProvider }
04-24 14:25:15.501 18045 18045 I HoneySpace.ShellTransitionManager: app launch case while open waiting
04-24 14:25:15.501 18045 18045 I HoneySpace.ShellAnimationRunner: setDelegate, delegate-com.honeyspace.transition.delegate.AppWidgetLaunchAnimationDelegate@74e398f, strong-false
04-24 14:25:15.501 18045 18045 I HoneySpace.ShellTransitionManager: open start
04-24 14:25:15.503  3338  4404 D BackgroundInstallControlService: Package event received: 0
04-24 14:25:15.505 18045 18045 I HoneySpace.Launcher: startIntentSenderForResult request : -1
04-24 14:25:15.508  3338  7565 D ActivityManager: Received BROADCAST intent 0xe7c5ea5 Key{broadcastIntent pkg=com.healthtrackerapp intent=act=com.healthtrackerapp.ACTION_TOGGLE_APPT_CHIP xflg=0x4 pkg=com.healthtrackerapp cmp=com.healthtrackerapp/.widgets.WidgetActionReceiver flags=0x4000000 u=0} requestCode=400 sent=0 from uid 10141
04-24 14:25:15.509 18045 18045 I HoneySpace.GestureInputHandler: reset
04-24 14:25:15.509  3338  3607 I ActivityManager: Changes in 10622 15 to 11, 0 to 128
04-24 14:25:15.509 18045 18045 I HoneySpace.InputSession: close
04-24 14:25:15.513  3338  7564 I AppWidgetServiceImpl: getInstalledProvidersForProfiles lock in com.healthtrackerapp
04-24 14:25:15.513  3338  7564 I AppWidgetServiceImpl: getInstalledProvidersForProfiles lock exit 3
04-24 14:25:15.514  3338  3606 I AppWidgetServiceImpl: handleSaveMessage 0
04-24 14:25:15.516  7376  7376 I AppWidgetManager: updateAppWidget() appWidgetIds = [95]
04-24 14:25:15.517  3338  7565 I AppWidgetServiceImpl: Null RemoteViews on updateAppWidgetIds
04-24 14:25:15.520  3338  4387 D AppWidgetServiceImpl: handleNotifyUpdateAppWidget, appWidgetId = 95
04-24 14:25:15.520  3338  4387 D AppWidgetServiceImpl: Trying to notify widget update for package com.healthtrackerapp with widget id: 95
04-24 14:25:15.521 18045 18045 I AppWidgetHost: updateAppWidgetView, appWidgetId = 95, v = com.honeyspace.ui.common.widget.HoneyAppWidgetHostView{17a046c VFE...... R....... 31,31-1233,1713} - span boundary: (4, 2) ~ (5, 6), appWidgetSize: 0, flag: 3, lastAppliedInfo: RemoteViewInfo(packages=com.healthtrackerapp), cachedImageView: false
04-24 14:25:15.521 18045 18045 I HoneySpace.HoneyAppWidgetHostView: [updateAppWidget id=95] receive event - isAnimating: false, remoteViews: android.widget.RemoteViews@572441c, hostView: @17a046c
04-24 14:25:15.521 18045 18045 I HoneySpace.HoneyAppWidgetHostView: [updateAppWidget id=95] start update job for widget
04-24 14:25:15.521 18045 18045 I HoneySpace.HoneyAppWidgetHostView: [updateAppWidget id=95] update after transition animation
04-24 14:25:15.521 18045 18045 I HoneySpace.HoneyAppWidgetHostView: [updateAppWidget id=95] perform updateAppWidget - remoteViews: android.widget.RemoteViews@572441c, hostView: @17a046c
04-24 14:25:15.525 18045 18045 I TraceUtils: widget onLayout 95
04-24 14:25:15.530  2142  2142 E ANDR-PERF-MPCTL: ANDR-PERF-MPCTL: internal_perf_lock_acq_verification() 385: Perflock Submit request limit reached.
04-24 14:25:15.534 18045 18045 I HoneySpace.ShellTransitionManager: open timeout end
04-24 14:25:15.534  3338  7565 I ActivityManager: Changes in 10622 11 to 15, 128 to 0
04-24 14:25:15.538  2208  2481 I CompositionEngine: [setDisplaySize] size=(573, 53)
04-24 14:25:15.552  9088  9088 I [MCFServer]_CallbackTimer: setTimeout - alarm set : 92881
04-24 14:25:15.552  9088  9088 I [MCFServer]_SubscriberManager: stopPilotAdvertise - bleSID (0x40000)
04-24 14:25:15.552  9088  9088 I [MCFServer]_SubscriberManager: startPilotAdvertise - {AD{id=0x40000, access=0, timeout=972}, R=false, CB{i=262144, h=156644118}}
04-24 14:25:15.552  9088  9088 I [MCFServer]_CallbackTimer: setTimeout - alarm set : 972
--
04-24 14:25:15.814 18045 18045 I HoneySpace.WidgetInteractionHandlerImpl: [getActivityLaunchOptions] hostView-com.honeyspace.ui.common.widget.HoneyAppWidgetHostView{17a046c VFE...... R....... 31,31-1233,1713} - span boundary: (4, 2) ~ (5, 6), appWidgetSize: 0, flag: 3, lastAppliedInfo: RemoteViewInfo(packages=com.healthtrackerapp), cachedImageView: false, targetView-com.honeyspace.ui.common.widget.WidgetHostViewContainer{6db2734 VFE...CL. ........ 266,366-1330,1830} - HealthTrackerApp, appWidgetId=95, alpha=1.0, spanX=4, spanY=4, isStandardized: false, lastLabel: null, lastCornerRadius: null, lastBackgroundOpacity: 0, lastTransparent: true, x=1, y=1, cookieId-290957, intent-Intent { cmp=com.healthtrackerapp/.widgets.providers.AppointmentWidgetProvider }
04-24 14:25:15.815 18045 18045 I HoneySpace.ShellAnimationRunner: setDelegate, delegate-com.honeyspace.transition.delegate.AppWidgetLaunchAnimationDelegate@e6addfa, strong-false
04-24 14:25:15.815 18045 18045 I HoneySpace.ShellTransitionManager: open start
04-24 14:25:15.816  3338  4404 D BackgroundInstallControlService: Package event received: 0
04-24 14:25:15.819 18045 18045 I HoneySpace.Launcher: startIntentSenderForResult request : -1
04-24 14:25:15.820  3338  7565 D ActivityManager: Received BROADCAST intent 0xbc07ef9 Key{broadcastIntent pkg=com.healthtrackerapp intent=act=com.healthtrackerapp.ACTION_TOGGLE_APPT_CHIP xflg=0x4 pkg=com.healthtrackerapp cmp=com.healthtrackerapp/.widgets.WidgetActionReceiver flags=0x4000000 u=0} requestCode=401 sent=0 from uid 10141
04-24 14:25:15.821 18045 18045 I HoneySpace.GestureInputHandler: reset
04-24 14:25:15.821 18045 18045 I HoneySpace.InputSession: close
04-24 14:25:15.821  3338  3607 I ActivityManager: Changes in 10622 15 to 11, 0 to 128
04-24 14:25:15.825  3338  7564 I AppWidgetServiceImpl: getInstalledProvidersForProfiles lock in com.healthtrackerapp
04-24 14:25:15.825  3338  7564 I AppWidgetServiceImpl: getInstalledProvidersForProfiles lock exit 3
04-24 14:25:15.827  3338  3606 I AppWidgetServiceImpl: handleSaveMessage 0
04-24 14:25:15.829  7376  7376 I AppWidgetManager: updateAppWidget() appWidgetIds = [95]
04-24 14:25:15.829  3338  7564 I AppWidgetServiceImpl: Null RemoteViews on updateAppWidgetIds
04-24 14:25:15.833  3338  4387 D AppWidgetServiceImpl: handleNotifyUpdateAppWidget, appWidgetId = 95
04-24 14:25:15.833  3338  4387 D AppWidgetServiceImpl: Trying to notify widget update for package com.healthtrackerapp with widget id: 95
04-24 14:25:15.834 18045 18045 I AppWidgetHost: updateAppWidgetView, appWidgetId = 95, v = com.honeyspace.ui.common.widget.HoneyAppWidgetHostView{17a046c VFE...... R....... 31,31-1233,1713} - span boundary: (4, 2) ~ (5, 6), appWidgetSize: 0, flag: 3, lastAppliedInfo: RemoteViewInfo(packages=com.healthtrackerapp), cachedImageView: false
04-24 14:25:15.834 18045 18045 I HoneySpace.HoneyAppWidgetHostView: [updateAppWidget id=95] receive event - isAnimating: false, remoteViews: android.widget.RemoteViews@c7edfab, hostView: @17a046c
04-24 14:25:15.834 18045 18045 I HoneySpace.HoneyAppWidgetHostView: [updateAppWidget id=95] start update job for widget
04-24 14:25:15.834 18045 18045 I HoneySpace.HoneyAppWidgetHostView: [updateAppWidget id=95] update after transition animation
04-24 14:25:15.834 18045 18045 I HoneySpace.HoneyAppWidgetHostView: [updateAppWidget id=95] perform updateAppWidget - remoteViews: android.widget.RemoteViews@c7edfab, hostView: @17a046c
04-24 14:25:15.836  3338  7564 I ActivityManager: Changes in 10622 11 to 15, 128 to 0
04-24 14:25:15.842 18045 18045 I TraceUtils: widget onLayout 95
04-24 14:25:15.847  2142  2142 E ANDR-PERF-MPCTL: ANDR-PERF-MPCTL: internal_perf_lock_acq_verification() 385: Perflock Submit request limit reached.
04-24 14:25:15.857  2208  2481 I CompositionEngine: [setDisplaySize] size=(573, 53)
04-24 14:25:15.980  3338  4039 D InputReader: Btn_touch(4): value=1 when=110758.665204
04-24 14:25:15.980  3338  4039 I InputReader: Touch event's action is 0x0 (id=6, t=0) [pCnt=1, s=0.19314 ] when=110758.665204
04-24 14:25:15.981  3338  4038 I InputDispatcher: Delivering touch to (5161): action: 0x4, f=0x0, d=0, 'e622471', t=1 
04-24 14:25:15.981  3338  4038 I InputDispatcher: Delivering touch to (25680): action: 0x4, f=0x0, d=0, '24d4fca', t=1 
04-24 14:25:15.982  3338  4038 I InputDispatcher: Delivering touch to (18045): action: 0x0, f=0x0, d=0, 'efef778', t=1 
04-24 14:25:15.982 18045 18045 I VRI[Launcher]@cd286e5: ViewPostIme pointer 0
--
04-24 14:25:16.091 18045 18045 I HoneySpace.WidgetInteractionHandlerImpl: [getActivityLaunchOptions] hostView-com.honeyspace.ui.common.widget.HoneyAppWidgetHostView{17a046c VFE...... R....... 31,31-1233,1713} - span boundary: (4, 2) ~ (5, 6), appWidgetSize: 0, flag: 3, lastAppliedInfo: RemoteViewInfo(packages=com.healthtrackerapp), cachedImageView: false, targetView-com.honeyspace.ui.common.widget.WidgetHostViewContainer{6db2734 VFE...CL. ........ 266,366-1330,1830} - HealthTrackerApp, appWidgetId=95, alpha=1.0, spanX=4, spanY=4, isStandardized: false, lastLabel: null, lastCornerRadius: null, lastBackgroundOpacity: 0, lastTransparent: true, x=1, y=1, cookieId-290957, intent-Intent { cmp=com.healthtrackerapp/.widgets.providers.AppointmentWidgetProvider }
04-24 14:25:16.091 18045 18045 I HoneySpace.ShellAnimationRunner: setDelegate, delegate-com.honeyspace.transition.delegate.AppWidgetLaunchAnimationDelegate@6a8b1a1, strong-false
04-24 14:25:16.091 18045 18045 I HoneySpace.ShellTransitionManager: open start
04-24 14:25:16.092  3338  4404 D BackgroundInstallControlService: Package event received: 0
04-24 14:25:16.093  8248  8248 I SemDvfsHyPerManager: acquire hyper - TATouchBoost/8248@29, type = -999
04-24 14:25:16.093  8248  8248 I SemDvfsHyPerManager: acquire hyper - TA_TOUCH_SHARE/8248@30, type = -999
04-24 14:25:16.093  2086  2146 I HYPER-HAL: [RequestManager.cpp]acquire(): Acquired ID : 34258532  [8248 / 29]    HINT :      list : [TABoost / 1] [TIMEOUT / 1500] 
04-24 14:25:16.094  2086  2146 I HYPER-HAL: [RequestManager.cpp]acquire(): Acquired ID : 34266811  [8248 / 30]    HINT : TA_TOUCH_SHARE    list : [TIMEOUT / 1500] 
04-24 14:25:16.095 18045 18045 I HoneySpace.Launcher: startIntentSenderForResult request : -1
04-24 14:25:16.096  3338  7565 D ActivityManager: Received BROADCAST intent 0x29904ff Key{broadcastIntent pkg=com.healthtrackerapp intent=act=com.healthtrackerapp.ACTION_TOGGLE_APPT_CHIP xflg=0x4 pkg=com.healthtrackerapp cmp=com.healthtrackerapp/.widgets.WidgetActionReceiver flags=0x4000000 u=0} requestCode=402 sent=0 from uid 10141
04-24 14:25:16.097 18045 18045 I HoneySpace.GestureInputHandler: reset
04-24 14:25:16.097 18045 18045 I HoneySpace.InputSession: close
04-24 14:25:16.098  3338  3607 I ActivityManager: Changes in 10622 15 to 11, 0 to 128
04-24 14:25:16.101  3338  7564 I AppWidgetServiceImpl: getInstalledProvidersForProfiles lock in com.healthtrackerapp
04-24 14:25:16.101  3338  7564 I AppWidgetServiceImpl: getInstalledProvidersForProfiles lock exit 3
04-24 14:25:16.102  3338  3606 I AppWidgetServiceImpl: handleSaveMessage 0
04-24 14:25:16.105  7376  7376 I AppWidgetManager: updateAppWidget() appWidgetIds = [95]
04-24 14:25:16.106  3338  7564 I AppWidgetServiceImpl: Null RemoteViews on updateAppWidgetIds
04-24 14:25:16.110  3338  4387 D AppWidgetServiceImpl: handleNotifyUpdateAppWidget, appWidgetId = 95
04-24 14:25:16.110  3338  4387 D AppWidgetServiceImpl: Trying to notify widget update for package com.healthtrackerapp with widget id: 95
04-24 14:25:16.110 18045 18045 I AppWidgetHost: updateAppWidgetView, appWidgetId = 95, v = com.honeyspace.ui.common.widget.HoneyAppWidgetHostView{17a046c VFE...... R....... 31,31-1233,1713} - span boundary: (4, 2) ~ (5, 6), appWidgetSize: 0, flag: 3, lastAppliedInfo: RemoteViewInfo(packages=com.healthtrackerapp), cachedImageView: false
04-24 14:25:16.110 18045 18045 I HoneySpace.HoneyAppWidgetHostView: [updateAppWidget id=95] receive event - isAnimating: false, remoteViews: android.widget.RemoteViews@f78dfc6, hostView: @17a046c
04-24 14:25:16.110 18045 18045 I HoneySpace.HoneyAppWidgetHostView: [updateAppWidget id=95] start update job for widget
04-24 14:25:16.110 18045 18045 I HoneySpace.HoneyAppWidgetHostView: [updateAppWidget id=95] update after transition animation
04-24 14:25:16.110 18045 18045 I HoneySpace.HoneyAppWidgetHostView: [updateAppWidget id=95] perform updateAppWidget - remoteViews: android.widget.RemoteViews@f78dfc6, hostView: @17a046c
04-24 14:25:16.111  4607  4648 D EuiccConnector: handleMessage: E msg.what=3
04-24 14:25:16.112  4607  4648 D EuiccConnector: processMsg: ConnectedState
04-24 14:25:16.113  3338  7564 I ActivityManager: Changes in 10622 11 to 15, 128 to 0
04-24 14:25:16.115  5982  5982 I SLPASVC : From Client: DisconnectRequest (-1146534185, com.samsung.euicc)                                     [at com.samsung.euicc.lpaService.worker.RxHandler.preProcessRequest(RxHandler.java:281)]
04-24 14:25:16.116  5982  5982 E SLPASVC : disconnect key: -1146534185                                                                         [at com.samsung.euicc.lpaService.worker.RxHandler.preProcessRequest(RxHandler.java:298)]
04-24 14:25:16.116  5982  5982 I SLPASVC : 1348482573 : connected!!                                                                            [at com.samsung.euicc.lpaService.worker.RxHandler.isConnected(RxHandler.java:496)]
--
04-24 14:25:17.793 18045 18045 I HoneySpace.WidgetInteractionHandlerImpl: [getActivityLaunchOptions] hostView-com.honeyspace.ui.common.widget.HoneyAppWidgetHostView{17a046c VFE...... R....... 31,31-1233,1713} - span boundary: (4, 2) ~ (5, 6), appWidgetSize: 0, flag: 3, lastAppliedInfo: RemoteViewInfo(packages=com.healthtrackerapp), cachedImageView: false, targetView-com.honeyspace.ui.common.widget.WidgetHostViewContainer{6db2734 VFE...CL. ........ 266,366-1330,1830} - HealthTrackerApp, appWidgetId=95, alpha=1.0, spanX=4, spanY=4, isStandardized: false, lastLabel: null, lastCornerRadius: null, lastBackgroundOpacity: 0, lastTransparent: true, x=1, y=1, cookieId-290957, intent-Intent { cmp=com.healthtrackerapp/.widgets.providers.AppointmentWidgetProvider }
04-24 14:25:17.793 18045 18045 I HoneySpace.ShellAnimationRunner: setDelegate, delegate-com.honeyspace.transition.delegate.AppWidgetLaunchAnimationDelegate@a58fab4, strong-false
04-24 14:25:17.793 18045 18045 I HoneySpace.ShellTransitionManager: open start
04-24 14:25:17.794 18045 18045 I HoneySpace.Launcher: startIntentSenderForResult request : -1
04-24 14:25:17.795  3338  4404 D BackgroundInstallControlService: Package event received: 0
04-24 14:25:17.802  3338  7564 D ActivityTaskManager: DesktopModeLaunchParamsModifier: task=null activity=null task null, skipping
04-24 14:25:17.802  3338  7564 D ActivityTaskManager: TaskLaunchParamsModifier:task=null activity=null display-from-option=0 display-id=0 task-display-area-windowing-mode=1 suggested-display-area=DefaultTaskDisplayArea_d0@267864679
04-24 14:25:17.803  3338  7564 D ActivityTaskManager: Non-opaque activity is created, styleTranslucent=false, r=ActivityRecord{66266770 u0 android/com.android.internal.app.ResolverActivity
04-24 14:25:17.803  3338  7564 D WindowManager: Transition is created, t=TransitionRecord{42ebc60 id=-1 type=OPEN flags=0x0}, caller=com.android.server.wm.Transition.<init>:182 com.android.server.wm.TransitionController.createAndStartCollecting:106 com.android.server.wm.ActivityStarter.executeRequest:3515 com.android.server.wm.ActivityStarter.execute:1752 com.android.server.wm.ActivityStartController.startActivityInPackage:33 
04-24 14:25:17.804  3338  7564 D BLASTSyncEngine: SyncGroup is created, id=3332, name=Transition-OPEN, caller=com.android.server.wm.BLASTSyncEngine$SyncGroup.<init>:52 com.android.server.wm.TransitionController.moveToCollecting:79 com.android.server.wm.TransitionController.createAndStartCollecting:109 com.android.server.wm.ActivityStarter.executeRequest:3515 com.android.server.wm.ActivityStarter.execute:1752 com.android.server.wm.ActivityStartController.startActivityInPackage:33 com.android.server.wm.ActivityTaskManagerService$LocalService.startActivityInPackage:3 
04-24 14:25:17.804  3338  7564 W BLASTSyncEngine: setSyncMethod, id=3332, method=0, caller=com.android.server.wm.TransitionController.moveToCollecting:91 com.android.server.wm.TransitionController.createAndStartCollecting:109 com.android.server.wm.ActivityStarter.executeRequest:3515 
04-24 14:25:17.804  3338  7564 V WindowManager: Start collecting in Transition: TransitionRecord{42ebc60 id=3332 type=OPEN flags=0x0}, caller=com.android.server.wm.TransitionController.createAndStartCollecting:109 com.android.server.wm.ActivityStarter.executeRequest:3515 com.android.server.wm.ActivityStarter.execute:1752 com.android.server.wm.ActivityStartController.startActivityInPackage:33 com.android.server.wm.ActivityTaskManagerService$LocalService.startActivityInPackage:3 
04-24 14:25:17.804  3338  7564 V WindowManager: Collecting in transition 3332: ActivityRecord{66266770 u0 android/com.android.internal.app.ResolverActivity t-1}, caller=com.android.server.wm.TransitionController.collect:7 com.android.server.wm.ActivityStarter.startActivityUnchecked:98 com.android.server.wm.ActivityStarter.executeRequest:3559 com.android.server.wm.ActivityStarter.execute:1752 com.android.server.wm.ActivityStartController.startActivityInPackage:33 
04-24 14:25:17.804  3338  7564 D ActivityTaskManager: DesktopModeLaunchParamsModifier: task=null activity=ActivityRecord{66266770 u0 android/com.android.internal.app.ResolverActivity t-1} task null, skipping
04-24 14:25:17.804  3338  7564 D ActivityTaskManager: TaskLaunchParamsModifier:task=null activity=ActivityRecord{66266770 u0 android/com.android.internal.app.ResolverActivity t-1} display-from-option=0 display-id=0 task-display-area-windowing-mode=1 suggested-display-area=DefaultTaskDisplayArea_d0@267864679
04-24 14:25:17.805  3338  7564 D ActivityTaskManager: DesktopModeLaunchParamsModifier: task=null activity=ActivityRecord{66266770 u0 android/com.android.internal.app.ResolverActivity t-1} task null, skipping
04-24 14:25:17.805  3338  7564 D ActivityTaskManager: TaskLaunchParamsModifier:task=null activity=ActivityRecord{66266770 u0 android/com.android.internal.app.ResolverActivity t-1} display-from-option=0 display-id=0 task-display-area-windowing-mode=1 suggested-display-area=DefaultTaskDisplayArea_d0@267864679 inherit-from-source=fullscreen non-freeform-task-display-area display-area=DefaultTaskDisplayArea_d0@267864679 default-portrait freeform-size-mismatch=Rect(108, 795 - 1332, 2339)
04-24 14:25:17.806  3338  5783 I SemDvfsHyPerManager: acquire hyper - AMS_APP_SWITCH/3338@23, type = -999
04-24 14:25:17.806  3338  5783 D ActivityManagerPerformance: AMP_acquire() APP_SWITCH
04-24 14:25:17.806  2086  2146 I HYPER-HAL: [RequestManager.cpp]acquire(): Acquired ID : 5649864  [3338 / 23]    HINT : AMS_APP_SWITCH    list : 
04-24 14:25:17.807  3338  5910 D FreecessController: restrictJobsByOlaf: restrict=true, uid=1000
04-24 14:25:17.807  2208  4141 I SurfaceFlinger: id=35547 createSurf, flag=24004, Task=37045#35547
04-24 14:25:17.807  2142  2142 E ANDR-PERF-MPCTL: ANDR-PERF-MPCTL: internal_perf_lock_acq_verification() 385: Perflock Submit request limit reached.
04-24 14:25:17.807  2142  2142 E ANDR-PERF-MPCTL: ANDR-PERF-MPCTL: internal_perf_lock_acq_verification() 385: Perflock Submit request limit reached.
04-24 14:25:17.808  8248  8248 I SemDvfsHyPerManager: acquire hyper - APP_START_SHORT/8248@22, type = -999
04-24 14:25:17.808  2142  2142 E ANDR-PERF-MPCTL: ANDR-PERF-MPCTL: internal_perf_lock_acq_verification() 385: Perflock Submit request limit reached.
04-24 14:25:17.808  2142  2142 E ANDR-PERF-MPCTL: ANDR-PERF-MPCTL: internal_perf_lock_acq_verification() 385: Perflock Submit request limit reached.
04-24 14:25:17.808  3338  7564 W OptProp : Cannot read opt property android.window.PROPERTY_COMPAT_ALLOW_RESIZEABLE_ACTIVITY_OVERRIDES
04-24 14:25:17.808  2142  2142 E ANDR-PERF-MPCTL: ANDR-PERF-MPCTL: internal_perf_lock_acq_verification() 385: Perflock Submit request limit reached.
04-24 14:25:17.808  3338  7564 D ActivityTaskManager: DesktopModeLaunchParamsModifier: task=Task{78ba519 #37045 type=standard I=android/com.android.internal.app.ResolverActivity} activity=ActivityRecord{66266770 u0 android/com.android.internal.app.ResolverActivity t-1} non-desktop, skipping
04-24 14:25:17.808  3338  7564 D ActivityTaskManager: TaskLaunchParamsModifier:task=Task{78ba519 #37045 type=standard I=android/com.android.internal.app.ResolverActivity} activity=ActivityRecord{66266770 u0 android/com.android.internal.app.ResolverActivity t-1} display-from-option=0 display-id=0 task-display-area-windowing-mode=1 suggested-display-area=DefaultTaskDisplayArea_d0@267864679 inherit-from-source=fullscreen non-freeform-task-display-area display-area=DefaultTaskDisplayArea_d0@267864679 default-portrait freeform-size-mismatch=Rect(108, 795 - 1332, 2339)
--
04-24 14:25:19.378 18045 32330 I HoneySpace.PackageSourceImpl: addWidgetToList add key:com.healthtrackerapp/.#UserHandle{0}  info:AppWidgetProviderInfo(UserHandle{0}/ComponentInfo{com.healthtrackerapp/com.healthtrackerapp.widgets.providers.AppointmentWidgetProvider})
04-24 14:25:19.378 18045 32330 I HoneySpace.PackageSourceImpl: addWidgetToList make key:com.google.android.apps.maps/.#UserHandle{0}  info:AppWidgetProviderInfo(UserHandle{0}/ComponentInfo{com.google.android.apps.maps/com.google.android.apps.gmm.widget.SearchWidgetProvider})
04-24 14:25:19.378 18045 32330 I HoneySpace.PackageSourceImpl: addWidgetToList add key:com.google.android.apps.maps/.#UserHandle{0}  info:AppWidgetProviderInfo(UserHandle{0}/ComponentInfo{com.google.android.apps.maps/com.google.android.apps.gmm.widget.traffic.TrafficWidgetProvider})
04-24 14:25:19.379  8117  3282 I [AirCmd]_ActivitySwitchDetector: onTaskStackChanged : componentName - null
04-24 14:25:19.379 18045 32330 I HoneySpace.PackageSourceImpl: addShortcutToList make key:com.google.android.apps.maps/.#UserHandle{0}  info:android.content.pm.LauncherActivityInfo@bc7ab6f
04-24 14:25:19.379 18045 32330 I HoneySpace.PackageSourceImpl: addShortcutToList add key:com.google.android.apps.maps/.#UserHandle{0}  info:android.content.pm.LauncherActivityInfo@11a007c
04-24 14:25:19.379 18045 32330 I HoneySpace.PackageSourceImpl: addShortcutToList add key:com.google.android.apps.maps/.#UserHandle{0}  info:android.content.pm.LauncherActivityInfo@202d05
04-24 14:25:19.379 18045 32330 I HoneySpace.PackageSourceImpl: addShortcutToList add key:com.google.android.apps.maps/.#UserHandle{0}  info:android.content.pm.LauncherActivityInfo@248e15a
04-24 14:25:19.379 18045 32330 I HoneySpace.PackageSourceImpl: addShortcutToList add key:com.google.android.apps.maps/.#UserHandle{0}  info:android.content.pm.LauncherActivityInfo@34d8f8b
04-24 14:25:19.379 18045 32330 I HoneySpace.PackageSourceImpl: addShortcutToList make key:com.google.android.gm/.#UserHandle{0}  info:android.content.pm.LauncherActivityInfo@a44a868
04-24 14:25:19.379 18045 32330 I HoneySpace.PackageSourceImpl: addShortcutToList make key:com.google.android.googlequicksearchbox/.#UserHandle{0}  info:android.content.pm.LauncherActivityInfo@2fb9481
04-24 14:25:19.379 18045 32330 I HoneySpace.PackageSourceImpl: addShortcutToList make key:com.samsung.android.app.contacts/.#UserHandle{0}  info:android.content.pm.LauncherActivityInfo@923b926
04-24 14:25:19.379 18045 32330 I HoneySpace.PackageSourceImpl: addShortcutToList make key:com.google.android.apps.docs/.#UserHandle{0}  info:android.content.pm.LauncherActivityInfo@39967
04-24 14:25:19.379 18045 32330 I HoneySpace.PackageSourceImpl: addShortcutToList add key:com.google.android.apps.docs/.#UserHandle{0}  info:android.content.pm.LauncherActivityInfo@6efe314
04-24 14:25:19.379 18045 32330 I HoneySpace.PackageSourceImpl: addShortcutToList make key:com.google.android.apps.docs.editors.docs/.#UserHandle{0}  info:android.content.pm.LauncherActivityInfo@cbf7bd
04-24 14:25:19.379 18045 32330 I HoneySpace.PackageSourceImpl: addShortcutToList make key:com.microsoft.skydrive/.#UserHandle{0}  info:android.content.pm.LauncherActivityInfo@58241b2
04-24 14:25:19.379 18045 32330 I HoneySpace.PackageSourceImpl: addShortcutToList make key:com.whatsapp/.#UserHandle{0}  info:android.content.pm.LauncherActivityInfo@a266503
04-24 14:25:19.379 18045 32330 I HoneySpace.PackageSourceImpl: addShortcutToList add key:com.whatsapp/.#UserHandle{0}  info:android.content.pm.LauncherActivityInfo@8721c80
04-24 14:25:19.379  3338  7565 I AppWidgetServiceImpl: getInstalledProvidersForProfiles lock in null
04-24 14:25:19.379  3338  3580 V WindowManager:     info={id=3333 t=OPEN f=0x0 trk=0 r=[0@Point(0, 0)] c=[
04-24 14:25:19.379  3338  3580 V WindowManager:         {WCT{RemoteToken{19d3f53 Task{265ec36 #37046 type=standard A=10254:com.google.android.apps.maps}}} m=OPEN f=NONE leash=Surface(name=Task=37046)/@0xb5b958d sb=Rect(0, 0 - 1440, 3088) eb=Rect(0, 0 - 1440, 3088) epz=Point(1440, 3088) d=0 taskParent=-1 inset=Rect(0, 100 - 0, 53) dim=true},
04-24 14:25:19.379  3338  3580 V WindowManager:         {WCT{RemoteToken{c96e449 Task{78ba519 #37045 type=standard I=android/com.android.internal.app.ResolverActivity}}} m=CLOSE f=TRANSLUCENT|EDGE_EXTENSION_RESTRICTION leash=Surface(name=Task=37045)/@0xef71702 sb=Rect(0, 0 - 1440, 3088) eb=Rect(0, 0 - 1440, 3088) epz=Point(1440, 3088) d=0 taskParent=-1 inset=Rect(0, 100 - 0, 53)},
04-24 14:25:19.379  3338  3580 V WindowManager:         {WCT{RemoteToken{bb8d3ee Task{a6e7e6e #37030 type=home}}} m=TO_BACK f=SHOW_WALLPAPER|EDGE_EXTENSION_RESTRICTION leash=Surface(name=Task=37030)/@0xc684433 sb=Rect(0, 0 - 1440, 3088) eb=Rect(0, 0 - 1440, 3088) epz=Point(1440, 3088) d=0 taskParent=-1 inset=Rect(0, 100 - 0, 53)},
04-24 14:25:19.379  3338  3580 V WindowManager:         {m=TO_BACK f=IS_WALLPAPER p=WCT{RemoteToken{4442c32 RemoteWallpaperAnim:1:1@263268866}} leash=Surface(name=WallpaperWindowToken{e07aca0 showWhenLocked=false})/@0xdc24465 sb=Rect(0, 0 - 1440, 3088) eb=Rect(0, 0 - 1440, 3088) epz=Point(1440, 3088) d=0 inset=Rect(0, 0 - 0, 0)}
04-24 14:25:19.379  3338  3580 V WindowManager:     ]}
04-24 14:25:19.380  3338  7565 I AppWidgetServiceImpl: getInstalledProvidersForProfiles lock exit 0
04-24 14:25:19.380  3338  4403 I SemExecuteManagerService: onShortcutChanged: com.google.android.apps.maps0
04-24 14:25:19.381  3338  5440 W AppOpService: Ignored setUidMode call for runtime permission app op: uid = 1000, code = CAMERA, mode = foreground, callingUid = 1000, oldMode = foreground
04-24 14:25:19.381 18045 32330 I HoneySpace.PackageSourceImpl: addShortcutToList make key:com.google.android.apps.maps/.#UserHandle{150}  info:android.content.pm.LauncherActivityInfo@84552b9
04-24 14:25:19.381 18045 32330 I HoneySpace.PackageSourceImpl: addShortcutToList add key:com.google.android.apps.maps/.#UserHandle{150}  info:android.content.pm.LauncherActivityInfo@8cec6fe
04-24 14:25:19.381 18045 32330 I HoneySpace.PackageSourceImpl: addShortcutToList add key:com.google.android.apps.maps/.#UserHandle{150}  info:android.content.pm.LauncherActivityInfo@7204e5f
--
04-24 14:26:30.961 18045 18045 I HoneySpace.HoneyAppWidgetProviderInfo: provider : ComponentInfo{com.healthtrackerapp/com.healthtrackerapp.widgets.providers.AppointmentWidgetProvider}, minSpanX : 4, minSpanY : 2, maxSpanX: 5, maxSpanY : 6, spanX : 4, spanY : 2, minResizePx : (875,490), maxResizePx : (0,0), targetGrid : Point(5, 6), isProviderChange : false
04-24 14:26:30.964  3338  7561 D VibratorManagerService: converted usage = TOUCH(18)
04-24 14:26:30.964  3338  7561 D VibratorManagerService: vibrate - uid: 10141, opPkg: com.sec.android.app.launcher, effect: Mono{mEffect=Composed{segments=[SemHaptic{mType=50025, mMagnitude=-1}], repeat=-1, mMagnitudeType=TYPE_EXTRA}}, attrs: VibrationAttributes{mUsage=TOUCH, mAudioUsage= USAGE_UNKNOWN, mFlags=0, tags=}, reason: performHapticFeedback(constant=0): ViewRootImpl#performHapticFeedback, token: com.android.server.vibrator.VibratorManagerService@e59fd5e
04-24 14:26:30.964  3338  7561 D SingleVibrationSession: semIndexVibrate : EFFECT_CLICK(1), repeat: -1, usage: TOUCH(18), magnitude: 8000
04-24 14:26:30.964  3338  7561 D VibratorManagerService: Starting vibrate for vibration 4086
04-24 14:26:30.965  3338  7561 D VibratorManagerService: Check AppOp mode VIBRATE for uid 10141 and package com.sec.android.app.launcher returned audio=allow, op=allow
04-24 14:26:30.965  3338  7561 D VibratorManagerService: Starting vibration 4086 on thread
04-24 14:26:30.965  3338  7561 D VibratorManagerService: Start AppOp mode VIBRATE for uid 10141 and package com.sec.android.app.launcher returned allow
04-24 14:26:30.966 18045 18045 I HoneySpace.WorkspaceCellLayout: initializeBeforeDrag cellSize = [266, 366]
04-24 14:26:30.967  3338  4028 D VibrationThread: Playing vibration id 4086 StartSequentialEffectStep
04-24 14:26:30.967  3338  4028 D VibrationThread: StartSequentialEffectStep for effect #0
04-24 14:26:30.967  3338  4028 D SemHapticStep: sepIndex=1, intensity=8000, repeat=false, duration=120
04-24 14:26:30.967  3338  4028 D SemHapticStep: Turning on vibrator 0 for 120ms
04-24 14:26:30.967 18045 18045 I HoneySpace.WorkspaceDragOperation: init, grid = (5, 6)
04-24 14:26:30.971 10056 10056 I GWT:GlobalSnapshotManager: [daemonapp] GlobalSnapshotMonitor observes MutableState(value=M.e@ce8321f)@228100416
04-24 14:26:30.977  2162  2162 E SecVibrator-HAL-AIDL-EXT: V_5_0: performPrebakedHapticPattern 1 : 8000 : 0
04-24 14:26:30.978  2162  2162 E SecVibrator-HAL-AIDL-CORE: HW_API: [setForceFeedbackAmplitude]amplitude: 8000
04-24 14:26:30.980  5161  5161 D KeyguardSecIndicationPolicy:  remove Item pos = DEFAULT                             , id =  2184, 
04-24 14:26:30.980  5161  5161 D KeyguardSecIndicationPolicy:  remove Item pos = DEFAULT                             , id =  2186, 
04-24 14:26:30.985 18045 18045 I HoneySpace.ResizableFrameHolder: showResizeFrame - id: 290957, position: (1, 1)
04-24 14:26:30.990 18045 18045 I HoneySpace.PhoneIconStyleFactory: init densityDpi=560
04-24 14:26:30.990 18045 18045 I HoneySpace.PhoneIconStyleFactory: setDisplayOptionList 560 0
04-24 14:26:30.990 18045 18045 I HoneySpace.PhoneIconStyleFactory: setDisplayOptionList: 560 IconDisplayOption(itemSizeList=[ItemSize(size=0.144, isLand=false, hideLabel=false, adjustSizeByLevel=[{SMALL=-0.012}, {LARGE=0.008}]), ItemSize(size=0.147, isLand=true, hideLabel=false, adjustSizeByLevel=[{SMALL=-0.012}, {LARGE=0.008}]), ItemSize(size=0.152, isLand=false, hideLabel=true, adjustSizeByLevel=[{SMALL=-0.012}, {LARGE=0.008}]), ItemSize(size=0.147, isLand=true, hideLabel=true, adjustSizeByLevel=[{SMALL=-0.012}, {LARGE=0.008}])], iconDrawablePadding=0.003, iconDrawablePaddingLand=0.003, iconTextSize=11.3, iconTextSizeLand=11.3)
04-24 14:26:30.990 18045 18045 I HoneySpace.PhoneIconStyleFactory: setDisplayOptionList: 560 IconDisplayOption(itemSizeList=[ItemSize(size=0.198, isLand=false, hideLabel=false, adjustSizeByLevel=[{SMALL=-0.01}, {LARGE=0.015}]), ItemSize(size=0.198, isLand=true, hideLabel=false, adjustSizeByLevel=[{SMALL=-0.012}, {LARGE=0.008}]), ItemSize(size=0.198, isLand=false, hideLabel=true, adjustSizeByLevel=[{SMALL=-0.01}, {LARGE=0.015}]), ItemSize(size=0.198, isLand=true, hideLabel=true, adjustSizeByLevel=[{SMALL=-0.012}, {LARGE=0.008}])], iconDrawablePadding=0.003, iconDrawablePaddingLand=0.003, iconTextSize=12.3, iconTextSizeLand=12.3)
04-24 14:26:30.990 18045 18045 I HoneySpace.PhoneIconStyleFactory: setDisplayOptionList: 560 IconDisplayOption(itemSizeList=[ItemSize(size=0.161, isLand=false, hideLabel=false, adjustSizeByLevel=[{SMALL=-0.01}, {LARGE=0.015}]), ItemSize(size=0.147, isLand=true, hideLabel=false, adjustSizeByLevel=[{SMALL=-0.012}, {LARGE=0.008}]), ItemSize(size=0.17, isLand=false, hideLabel=true, adjustSizeByLevel=[{SMALL=-0.01}, {LARGE=0.015}]), ItemSize(size=0.172, isLand=true, hideLabel=true, adjustSizeByLevel=[{SMALL=-0.012}, {LARGE=0.008}])], iconDrawablePadding=0.003, iconDrawablePaddingLand=0.003, iconTextSize=11.5, iconTextSizeLand=11.5)
04-24 14:26:30.990 18045 18045 I HoneySpace.PhoneIconStyleFactory: setDisplayOptionList: 560 IconDisplayOption(itemSizeList=[ItemSize(size=0.198, isLand=false, hideLabel=false, adjustSizeByLevel=[{SMALL=-0.01}, {LARGE=0.015}]), ItemSize(size=0.198, isLand=true, hideLabel=false, adjustSizeByLevel=[{SMALL=-0.012}, {LARGE=0.008}]), ItemSize(size=0.198, isLand=false, hideLabel=true, adjustSizeByLevel=[{SMALL=-0.01}, {LARGE=0.015}]), ItemSize(size=0.198, isLand=true, hideLabel=true, adjustSizeByLevel=[{SMALL=-0.012}, {LARGE=0.008}])], iconDrawablePadding=0.003, iconDrawablePaddingLand=0.003, iconTextSize=12.3, iconTextSizeLand=12.3)
04-24 14:26:30.990 18045 18045 I HoneySpace.HoneySpaceManagerContainer: getWindowBounds, key = (com.sec.android.app.launcher.Launcher, 0)
04-24 14:26:30.993 18045 18045 I HoneySpace.WhiteBgColorChanger: changeTextColor, isDarkColor = false, isThemeText = true, IconStyle = LabelStyle(hideLabel=true, orientation=0, maxLine=1, textColor=-1, textSize=0.0, shadowRadius=0.0, shadowDx=0.0, shadowDy=0.0, shadowColor=0, applyThemeLabel=false, originalTextSize=11.3)
04-24 14:26:30.994  2162  2162 E SecVibrator-HAL-AIDL-CORE: HW_API: [uploadForceFeedbackeffect]ioctl success ,uploaded effect with ID: 0
04-24 14:26:30.994  2162  2162 E SecVibrator-HAL-AIDL-CORE: HW_API: do_on for timeoutMs: 1000
04-24 14:26:30.994  2162  2162 E SecVibrator-HAL-AIDL-CORE: HW_API: [triggerForceFeedbackVibration]on: 1
--
04-24 14:26:31.090 18045 18045 I HoneySpace.QuickOptionPopup: Inflate QuickOption view: Widget(id=290957, appWidgetId=95, component=com.healthtrackerapp/.widgets.providers.AppointmentWidgetProvider, width=4, height=2, pageId=13, posX=1, posY=1, user=UserHandle{0}, restored=0, spannableStyle=SpannableStyle(size=1002x1402, drawablePadding=0, position=Point(31, 31), innerPadding=Point(11, 11), labelVisibility=4, appliedScale=1.0, labelStyle=LabelStyle(hideLabel=true, orientation=0, maxLine=1, textColor=-197380, textSize=0.0, shadowRadius=2.0, shadowDx=0.0, shadowDy=0.0, shadowColor=872415232, applyThemeLabel=true, originalTextSize=11.3))) , Shortcut Count: 0 ,Notification Count: 0, Title: HealthTrackerApp 
04-24 14:26:31.090 18045 18045 I HoneySpace.QuickOptionUtil: quick option PRE_DRAG
04-24 14:26:31.093 18045 18045 I HoneySpace.InputSession: needToGestureCancel: OpenQuickOption
04-24 14:26:31.094 18045 18045 I HoneySpace.HomeView: findControllerToHandleTouch ev = 2
04-24 14:26:31.094 18045 18045 I HoneySpace.FinderTouchController: onControllerInterceptTouchEvent :: canInterceptTouch() = false, QuickOptionUtil.isShowQuickOption() : true QuickOptionUtil.isDragging : false
04-24 14:26:31.094 18045 18045 I HoneySpace.HomeAppsTouchController: currentChangeState : com.honeyspace.sdk.HomeScreen$Normal@a9fa0f9, currentHoneyState : com.honeyspace.sdk.HomeScreen$Normal@a9fa0f9, EditLockPopup : false, isOpenFolderMode : false, isChildScrolling : false, isDragAnimRunning : false
04-24 14:26:31.094 18045 18045 I HoneySpace.HomeAppsTouchController: currentChangeState : com.honeyspace.sdk.HomeScreen$Normal@a9fa0f9, currentHoneyState : com.honeyspace.sdk.HomeScreen$Normal@a9fa0f9, EditLockPopup : false, isOpenFolderMode : false, isChildScrolling : false, isDragAnimRunning : false
04-24 14:26:31.094 18045 18045 I HoneySpace.HomeAppsTouchController: onControllerInterceptTouchEvent :: canInterceptTouch() = true, QuickOptionUtil.isShowQuickOption() : true QuickOptionUtil.isDragging : false
04-24 14:26:31.094 18045 18045 I HoneySpace.PageEditTouchController: onControllerInterceptTouchEvent, isShowQuickOption=true, isDragging=false, isAvailablePinchZoomState=true, homeDataLoading=false, isRunningPageReorder=false, currentChangeState=com.honeyspace.sdk.HomeScreen$Normal@a9fa0f9, gestureRunning=false, appClosing=false,
04-24 14:26:31.094 18045 18045 I HoneySpace.MinusOnePageController: onControllerInterceptTouchEvent :: , QuickOptionUtil.isShowQuickOption = true, QuickOptionUtil.isDragging = false, isOnStateTransition = false, isTouchEventInGestureActionArea = false, isDragAnimRunning = false, isAppClosing = false
04-24 14:26:31.094 18045 18045 I HoneySpace.WorkspaceFastRecyclerView: onInterceptTouchEvent() isShowQuickOption
04-24 14:26:31.095 18045 18045 I HoneySpace.InputSession: close
04-24 14:26:31.119  8248  8248 I SemDvfsHyPerManager: acquire hyper - TATouchBoost/8248@29, type = -999
04-24 14:26:31.119  8248  8248 I SemDvfsHyPerManager: acquire hyper - TA_TOUCH_SHARE/8248@30, type = -999
04-24 14:26:31.120  2086  2146 I HYPER-HAL: [RequestManager.cpp]acquire(): Acquired ID : 34258532  [8248 / 29]    HINT :      list : [TABoost / 1] [TIMEOUT / 1500] 
