04-24 14:25:04.988  3338  7565 D VibratorManagerService: vibrate - uid: 10141, opPkg: com.sec.android.app.launcher, effect: Mono{mEffect=Composed{segments=[SemHaptic{mType=50065, mMagnitude=-1}], repeat=-1, mMagnitudeType=TYPE_EXTRA}}, attrs: VibrationAttributes{mUsage=TOUCH, mAudioUsage= USAGE_UNKNOWN, mFlags=0, tags=}, reason: performHapticFeedback(constant=50065): ViewRootImpl#performHapticFeedback, token: com.android.server.vibrator.VibratorManagerService@e59fd5e
04-24 14:25:04.988 18045 18045 I HoneySpace.PhoneIconStyleFactory: setDisplayOptionList 560 0
04-24 14:25:04.988  3338  7565 D SingleVibrationSession: semIndexVibrate : EFFECT_TICK(41), repeat: -1, usage: TOUCH(18), magnitude: 8000
04-24 14:25:04.988  3338  7565 D VibratorManagerService: Starting vibrate for vibration 4084
04-24 14:25:04.988 18045 18045 I HoneySpace.PhoneIconStyleFactory: setDisplayOptionList: 560 IconDisplayOption(itemSizeList=[ItemSize(size=0.144, isLand=false, hideLabel=false, adjustSizeByLevel=[{SMALL=-0.012}, {LARGE=0.008}]), ItemSize(size=0.147, isLand=true, hideLabel=false, adjustSizeByLevel=[{SMALL=-0.012}, {LARGE=0.008}]), ItemSize(size=0.152, isLand=false, hideLabel=true, adjustSizeByLevel=[{SMALL=-0.012}, {LARGE=0.008}]), ItemSize(size=0.147, isLand=true, hideLabel=true, adjustSizeByLevel=[{SMALL=-0.012}, {LARGE=0.008}])], iconDrawablePadding=0.003, iconDrawablePaddingLand=0.003, iconTextSize=11.3, iconTextSizeLand=11.3)
04-24 14:25:04.988 18045 18045 I HoneySpace.PhoneIconStyleFactory: setDisplayOptionList: 560 IconDisplayOption(itemSizeList=[ItemSize(size=0.198, isLand=false, hideLabel=false, adjustSizeByLevel=[{SMALL=-0.01}, {LARGE=0.015}]), ItemSize(size=0.198, isLand=true, hideLabel=false, adjustSizeByLevel=[{SMALL=-0.012}, {LARGE=0.008}]), ItemSize(size=0.198, isLand=false, hideLabel=true, adjustSizeByLevel=[{SMALL=-0.01}, {LARGE=0.015}]), ItemSize(size=0.198, isLand=true, hideLabel=true, adjustSizeByLevel=[{SMALL=-0.012}, {LARGE=0.008}])], iconDrawablePadding=0.003, iconDrawablePaddingLand=0.003, iconTextSize=12.3, iconTextSizeLand=12.3)
04-24 14:25:04.988 18045 18045 I HoneySpace.PhoneIconStyleFactory: setDisplayOptionList: 560 IconDisplayOption(itemSizeList=[ItemSize(size=0.161, isLand=false, hideLabel=false, adjustSizeByLevel=[{SMALL=-0.01}, {LARGE=0.015}]), ItemSize(size=0.147, isLand=true, hideLabel=false, adjustSizeByLevel=[{SMALL=-0.012}, {LARGE=0.008}]), ItemSize(size=0.17, isLand=false, hideLabel=true, adjustSizeByLevel=[{SMALL=-0.01}, {LARGE=0.015}]), ItemSize(size=0.172, isLand=true, hideLabel=true, adjustSizeByLevel=[{SMALL=-0.012}, {LARGE=0.008}])], iconDrawablePadding=0.003, iconDrawablePaddingLand=0.003, iconTextSize=11.5, iconTextSizeLand=11.5)
04-24 14:25:04.988  3338  7565 D VibratorManagerService: Check AppOp mode VIBRATE for uid 10141 and package com.sec.android.app.launcher returned audio=allow, op=allow
04-24 14:25:04.988  3338  7565 D VibratorManagerService: Starting vibration 4084 on thread
04-24 14:25:04.988 18045 18045 I HoneySpace.PhoneIconStyleFactory: setDisplayOptionList: 560 IconDisplayOption(itemSizeList=[ItemSize(size=0.198, isLand=false, hideLabel=false, adjustSizeByLevel=[{SMALL=-0.01}, {LARGE=0.015}]), ItemSize(size=0.198, isLand=true, hideLabel=false, adjustSizeByLevel=[{SMALL=-0.012}, {LARGE=0.008}]), ItemSize(size=0.198, isLand=false, hideLabel=true, adjustSizeByLevel=[{SMALL=-0.01}, {LARGE=0.015}]), ItemSize(size=0.198, isLand=true, hideLabel=true, adjustSizeByLevel=[{SMALL=-0.012}, {LARGE=0.008}])], iconDrawablePadding=0.003, iconDrawablePaddingLand=0.003, iconTextSize=12.3, iconTextSizeLand=12.3)
04-24 14:25:04.988 18045 18045 I HoneySpace.HoneySpaceManagerContainer: getWindowBounds, key = (com.sec.android.app.launcher.Launcher, 0)
04-24 14:25:04.988  3338  7565 D VibratorManagerService: Start AppOp mode VIBRATE for uid 10141 and package com.sec.android.app.launcher returned allow
04-24 14:25:04.988 18045 18045 I HoneySpace.WhiteBgColorChanger: changeTextColor, isDarkColor = false, isThemeText = true, IconStyle = LabelStyle(hideLabel=true, orientation=0, maxLine=1, textColor=-1, textSize=0.0, shadowRadius=0.0, shadowDx=0.0, shadowDy=0.0, shadowColor=0, applyThemeLabel=false, originalTextSize=11.3)
04-24 14:25:04.989 18045 18045 I HoneySpace.WidgetHostViewContainer: updateWidgetSize SpannableStyle(size=1002x1402, drawablePadding=0, position=Point(31, 31), innerPadding=Point(11, 11), labelVisibility=4, appliedScale=1.0, labelStyle=LabelStyle(hideLabel=true, orientation=0, maxLine=1, textColor=-197380, textSize=0.0, shadowRadius=2.0, shadowDx=0.0, shadowDy=0.0, shadowColor=872415232, applyThemeLabel=true, originalTextSize=11.3)) : 95
04-24 14:25:04.989 18045 18045 I HoneySpace.WidgetHostViewContainer: update spannableStyle: 95 | SpannableStyle(size=1002x1402, drawablePadding=0, position=Point(31, 31), innerPadding=Point(11, 11), labelVisibility=4, appliedScale=1.0, labelStyle=LabelStyle(hideLabel=true, orientation=0, maxLine=1, textColor=-197380, textSize=0.0, shadowRadius=2.0, shadowDx=0.0, shadowDy=0.0, shadowColor=872415232, applyThemeLabel=true, originalTextSize=11.3))
04-24 14:25:04.989 18045 18045 I HoneySpace.WidgetHostViewContainer: setContainerExpandResult: 95 result: ExpandResult(width=1202, height=1682, ratio=0.8333333), freeGridScale: 1.0
04-24 14:25:04.993 18045 18045 I HoneySpace.WidgetSizeUtil: [updateWidgetOption - id: 95] printWidgetScaledSizes - displayPx: (1440, 3088), widgetSizePx: (1002, 1402), expandResultPx: (1202, 1682), expandRatio: 0.8333333, sizes: (343.42856x480.57144), configuration: {0.8 230mcc2mnc [en_US] ldltr sw411dp w411dp h882dp 560dpi nrml long port night finger -keyb/v/h -nav/h winConfig={ mBounds=Rect(0, 0 - 1440, 3088) mAppBounds=Rect(0, 0 - 1440, 3088) mMaxBounds=Rect(0, 0 - 1440, 3088) mDisplayRotation=ROTATION_0 mWindowingMode=fullscreen mActivityType=home mAlwaysOnTop=undefined mRotation=ROTATION_0 mStageConfig=undefined mEmbedActivityMode=undefined mPopOver=off mOverlappingWithCutout=false} s.3 fontWeightAdjustment=0 ff=0 bf=-1 bts=0 cst=1.0 nightDim=0 themeSeq=0}, hashCode: @c244536
04-24 14:25:04.993  3338  4028 D VibrationThread: Playing vibration id 4084 StartSequentialEffectStep
04-24 14:25:04.993  3338  4028 D VibrationThread: StartSequentialEffectStep for effect #0
04-24 14:25:04.993  3338  4028 D SemHapticStep: sepIndex=41, intensity=8000, repeat=false, duration=110
04-24 14:25:04.993  3338  4028 D SemHapticStep: Turning on vibrator 0 for 110ms
04-24 14:25:04.994  3338  7565 I AppWidgetServiceImpl: updateAppWidgetOptions callingPackage :com.sec.android.app.launcher, appWidgetId : 95, options = Bundle[mParcelledData.dataSize=1028]
04-24 14:25:04.994  3338  7565 I AppWidgetServiceImpl: updateAppWidgetOptions previous widget options : Bundle[{hsWidgetDisplayId=0, hsResizeRatio=0.8333333, appWidgetMaxHeight=355, semAppWidgetRowSpan=3, appWidgetCategory=1, semAppWidgetColumnSpan=4, hsMode=OneUI, appWidgetMaxWidth=343, hsHomeGrid=Supplier{VAL_PARCELABLE@372+68}, appWidgetMinHeight=355, semWidgetSize=16, semDisplayDensity=3.5, semWidgetStyle=1, darkModeStatus=32, hsIconLabelEnabled=true, hsForcedOrientation=0, appWidgetMinWidth=343, semHostType=1, hsWidgetLabelEnabled=false, hsCurrentOrientation=1, appWidgetSizes=[343.42856x355.14285]}]
04-24 14:25:04.995  2162  2162 E SecVibrator-HAL-AIDL-EXT: V_5_0: performPrebakedHapticPattern 41 : 8000 : 0
04-24 14:25:04.995  3338  3606 I AppWidgetServiceImpl: handleSaveMessage 0
--
04-24 14:25:05.125 18045 18045 I HoneySpace.DataCache: updateItem : id=290957, title=null, type=WIDGET, containerType=ITEM_GROUP, containerId=13, x=1, y=1, rank=-1, spanX=4, spanY=4, scale=1.0, component=com.healthtrackerapp/.widgets.providers.AppointmentWidgetProvider, profileId=0, intent=null, restored=0, hidden=UNHIDDEN, appWidgetId=95, options=0, refPackageName=null
04-24 14:25:05.125  3338  3338 I SemDvfsHyPerManager: acquire hyper - GESTURE_DETECTED_HRR/3338@28, type = -999
04-24 14:25:05.125  3338  3338 I SemDvfsHyPerManager: acquire hyper - GESTURE_DETECTED_HRR/3338@28, type = -999
04-24 14:25:05.125  3338  3338 I SemDvfsHyPerManager: acquire hyper - SMOOTH_SCROLL/3338@25, type = -999
04-24 14:25:05.126  2086  2146 I HYPER-HAL: [RequestManager.cpp]releaseLocked(): Released ID : 5579472
04-24 14:25:05.126 18045 18045 I HoneySpace.GestureInputHandler: reset
04-24 14:25:05.126  2086  2146 I HYPER-HAL: [RequestManager.cpp]acquire(): Acquired ID : 5666689  [3338 / 28]    HINT : GESTURE_DETECTED_HRR    list : [TIMEOUT / 596] 
04-24 14:25:05.126 18045 18045 I HoneySpace.InputSession: close
04-24 14:25:05.127  2142  2142 E ANDR-PERF-MPCTL: ANDR-PERF-MPCTL: internal_perf_lock_acq_verification() 385: Perflock Submit request limit reached.
04-24 14:25:05.127  2142  2142 E ANDR-PERF-MPCTL: ANDR-PERF-MPCTL: internal_perf_lock_acq_verification() 385: Perflock Submit request limit reached.
04-24 14:25:05.128  2142  2142 E ANDR-PERF-MPCTL: ANDR-PERF-MPCTL: internal_perf_lock_acq_verification() 385: Perflock Submit request limit reached.
04-24 14:25:05.129 18045 18045 I GWT:HostView: [launcher] HostView's size is changed, current size : 1202x1666, old size : 1202x1661 / preview : false / lastRemoteViews : android.widget.RemoteViews@53fc524 / lastUpdatedsize : 1202x804 / resize mode : true
04-24 14:25:05.129  2086  2146 I HYPER-HAL: [RequestManager.cpp]acquire(): Acquired ID : 5666689  [3338 / 28]    HINT : GESTURE_DETECTED_HRR    list : [TIMEOUT / 596] 
04-24 14:25:05.129 18045 18045 I TraceUtils: widget onLayout 95
04-24 14:25:05.136 18045 18045 I GWT:HostView: [launcher] HostView's size is changed, current size : 1202x1671, old size : 1202x1666 / preview : false / lastRemoteViews : android.widget.RemoteViews@53fc524 / lastUpdatedsize : 1202x804 / resize mode : true
04-24 14:25:05.136 18045 18045 I TraceUtils: widget onLayout 95
04-24 14:25:05.142  1135  1135 D io_stats: !@   8,0 r 75676426 1475526051 w 9259135 174076432 d 1039900 133368044 f 276762 946425 iot 19815132 0 th 0 0 0 pt 0 inp 0 0 110747.828
04-24 14:25:05.143  1135  1135 D io_stats: !@ Read_top(KB): .android.chrome(13321) 3812 ocessService0:0(32693) 440 id.app.launcher(18045) 424
04-24 14:25:05.143  1135  1135 D io_stats: !@ Write_top(KB): system_server(3338) 264 id.diagmonagent(8241) 56 sait.sohservice(3256) 36
04-24 14:25:05.145 18045 18045 I GWT:HostView: [launcher] HostView's size is changed, current size : 1202x1674, old size : 1202x1671 / preview : false / lastRemoteViews : android.widget.RemoteViews@53fc524 / lastUpdatedsize : 1202x804 / resize mode : true
04-24 14:25:05.145 18045 18045 I TraceUtils: widget onLayout 95
04-24 14:25:05.153 18045 18045 I GWT:HostView: [launcher] HostView's size is changed, current size : 1202x1677, old size : 1202x1674 / preview : false / lastRemoteViews : android.widget.RemoteViews@53fc524 / lastUpdatedsize : 1202x804 / resize mode : true
04-24 14:25:05.153 18045 18045 I TraceUtils: widget onLayout 95
04-24 14:25:05.161 18045 18045 I GWT:HostView: [launcher] HostView's size is changed, current size : 1202x1679, old size : 1202x1677 / preview : false / lastRemoteViews : android.widget.RemoteViews@53fc524 / lastUpdatedsize : 1202x804 / resize mode : true
04-24 14:25:05.161 18045 18045 I TraceUtils: widget onLayout 95
04-24 14:25:05.170 18045 18045 I GWT:HostView: [launcher] HostView's size is changed, current size : 1202x1680, old size : 1202x1679 / preview : false / lastRemoteViews : android.widget.RemoteViews@53fc524 / lastUpdatedsize : 1202x804 / resize mode : true
04-24 14:25:05.170 18045 18045 I TraceUtils: widget onLayout 95
04-24 14:25:05.178 18045 18045 I GWT:HostView: [launcher] HostView's size is changed, current size : 1202x1681, old size : 1202x1680 / preview : false / lastRemoteViews : android.widget.RemoteViews@53fc524 / lastUpdatedsize : 1202x804 / resize mode : true
04-24 14:25:05.178 18045 18045 I TraceUtils: widget onLayout 95
04-24 14:25:05.186 18045 18045 I HoneySpace.HoneyAppWidgetHostView: setWidgetExpandResult() ExpandResult(width=1202, height=1682, ratio=0.8333333) (widget id = 95)
04-24 14:25:05.187 18045 18045 I GWT:HostView: [launcher] HostView's size is changed, current size : 1202x1682, old size : 1202x1681 / preview : false / lastRemoteViews : android.widget.RemoteViews@53fc524 / lastUpdatedsize : 1202x804 / resize mode : true
--
04-24 14:25:08.877 18045 18045 I HoneySpace.WidgetInteractionHandlerImpl: [getActivityLaunchOptions] hostView-com.honeyspace.ui.common.widget.HoneyAppWidgetHostView{17a046c VFE...... R....... 31,31-1233,1713} - span boundary: (4, 2) ~ (5, 6), appWidgetSize: 0, flag: 3, lastAppliedInfo: RemoteViewInfo(packages=com.healthtrackerapp), cachedImageView: false, targetView-com.honeyspace.ui.common.widget.WidgetHostViewContainer{6db2734 VFE...CL. ........ 266,366-1330,1830} - HealthTrackerApp, appWidgetId=95, alpha=1.0, spanX=4, spanY=4, isStandardized: false, lastLabel: null, lastCornerRadius: null, lastBackgroundOpacity: 0, lastTransparent: true, x=1, y=1, cookieId-290957, intent-Intent { cmp=com.healthtrackerapp/.widgets.providers.AppointmentWidgetProvider }
04-24 14:25:08.877 18045 18045 I HoneySpace.ShellAnimationRunner: setDelegate, delegate-com.honeyspace.transition.delegate.AppWidgetLaunchAnimationDelegate@82766de, strong-false
04-24 14:25:08.878 18045 18045 I HoneySpace.ShellTransitionManager: open start
04-24 14:25:08.879  3338  4404 D BackgroundInstallControlService: Package event received: 0
04-24 14:25:08.882 18045 18045 I HoneySpace.Launcher: startIntentSenderForResult request : -1
04-24 14:25:08.884  3338  7565 D ActivityManager: Received BROADCAST intent 0x29904ff Key{broadcastIntent pkg=com.healthtrackerapp intent=act=com.healthtrackerapp.ACTION_TOGGLE_APPT_CHIP xflg=0x4 pkg=com.healthtrackerapp cmp=com.healthtrackerapp/.widgets.WidgetActionReceiver flags=0x4000000 u=0} requestCode=402 sent=0 from uid 10141
04-24 14:25:08.886 18045 18045 I HoneySpace.GestureInputHandler: reset
04-24 14:25:08.886 18045 18045 I HoneySpace.InputSession: close
04-24 14:25:08.887  3338  3607 I ActivityManager: Changes in 10622 15 to 11, 0 to 128
04-24 14:25:08.891  3338  6309 I AppWidgetServiceImpl: getInstalledProvidersForProfiles lock in com.healthtrackerapp
04-24 14:25:08.892  3338  6309 I AppWidgetServiceImpl: getInstalledProvidersForProfiles lock exit 3
04-24 14:25:08.893  3338  3606 I AppWidgetServiceImpl: handleSaveMessage 0
04-24 14:25:08.895  7376  7376 I AppWidgetManager: updateAppWidget() appWidgetIds = [95]
04-24 14:25:08.896  3338  7565 I AppWidgetServiceImpl: Null RemoteViews on updateAppWidgetIds
04-24 14:25:08.901  3338  4387 D AppWidgetServiceImpl: handleNotifyUpdateAppWidget, appWidgetId = 95
04-24 14:25:08.901  3338  4387 D AppWidgetServiceImpl: Trying to notify widget update for package com.healthtrackerapp with widget id: 95
04-24 14:25:08.902 18045 18045 I AppWidgetHost: updateAppWidgetView, appWidgetId = 95, v = com.honeyspace.ui.common.widget.HoneyAppWidgetHostView{17a046c VFE...... R....... 31,31-1233,1713} - span boundary: (4, 2) ~ (5, 6), appWidgetSize: 0, flag: 3, lastAppliedInfo: RemoteViewInfo(packages=com.healthtrackerapp), cachedImageView: false
04-24 14:25:08.902 18045 18045 I HoneySpace.HoneyAppWidgetHostView: [updateAppWidget id=95] receive event - isAnimating: false, remoteViews: android.widget.RemoteViews@7d2a0bf, hostView: @17a046c
04-24 14:25:08.902 18045 18045 I HoneySpace.HoneyAppWidgetHostView: [updateAppWidget id=95] start update job for widget
04-24 14:25:08.902 18045 18045 I HoneySpace.HoneyAppWidgetHostView: [updateAppWidget id=95] update after transition animation
04-24 14:25:08.902 18045 18045 I HoneySpace.HoneyAppWidgetHostView: [updateAppWidget id=95] perform updateAppWidget - remoteViews: android.widget.RemoteViews@7d2a0bf, hostView: @17a046c
04-24 14:25:08.902  2066  6589 I vendor.qti.bluetooth@1.1-ibs_handler: ProcessIbsCmd: Received IBS_SLEEP_IND: 0xFE
04-24 14:25:08.905  3338  7565 I ActivityManager: Changes in 10622 11 to 15, 128 to 0
04-24 14:25:08.912 18045 18045 I TraceUtils: widget onLayout 95
04-24 14:25:08.917  2142  2142 E ANDR-PERF-MPCTL: ANDR-PERF-MPCTL: internal_perf_lock_acq_verification() 385: Perflock Submit request limit reached.
04-24 14:25:08.926  2208  2481 I CompositionEngine: [setDisplaySize] size=(573, 53)
04-24 14:25:09.144  1135  1135 D io_stats: !@   8,0 r 75676523 1475527435 w 9259171 174076820 d 1039900 133368044 f 276763 946428 iot 19815312 0 th 0 0 0 pt 0 inp 0 0 110751.830
04-24 14:25:09.145  1135  1135 D io_stats: !@ Read_top(KB): system_server(3338) 476 kworker/u16:13(1708) 212 kworker/u16:2(1130) 192
04-24 14:25:09.145  1135  1135 D io_stats: !@ Write_top(KB): kworker/u16:3(1702) 212 system_server(3338) 132 id.diagmonagent(8241) 28
04-24 14:25:09.149  2066  6589 I vendor.qti.bluetooth@1.1-ibs_handler: ProcessIbsCmd: Received IBS_WAKE_IND: 0xFD
04-24 14:25:09.149  2066  6589 I vendor.qti.bluetooth@1.1-ibs_handler: ProcessIbsCmd: Writing IBS_WAKE_ACK
--
04-24 14:25:09.511 18045 18045 I HoneySpace.WidgetInteractionHandlerImpl: [getActivityLaunchOptions] hostView-com.honeyspace.ui.common.widget.HoneyAppWidgetHostView{17a046c VFE...... R....... 31,31-1233,1713} - span boundary: (4, 2) ~ (5, 6), appWidgetSize: 0, flag: 3, lastAppliedInfo: RemoteViewInfo(packages=com.healthtrackerapp), cachedImageView: false, targetView-com.honeyspace.ui.common.widget.WidgetHostViewContainer{6db2734 VFE...CL. ........ 266,366-1330,1830} - HealthTrackerApp, appWidgetId=95, alpha=1.0, spanX=4, spanY=4, isStandardized: false, lastLabel: null, lastCornerRadius: null, lastBackgroundOpacity: 0, lastTransparent: true, x=1, y=1, cookieId-290957, intent-Intent { cmp=com.healthtrackerapp/.widgets.providers.AppointmentWidgetProvider }
04-24 14:25:09.511 18045 18045 I HoneySpace.ShellTransitionManager: app launch case while open waiting
04-24 14:25:09.511 18045 18045 I HoneySpace.ShellAnimationRunner: setDelegate, delegate-com.honeyspace.transition.delegate.AppWidgetLaunchAnimationDelegate@d7c9f8d, strong-false
04-24 14:25:09.511 18045 18045 I HoneySpace.ShellTransitionManager: open start
04-24 14:25:09.513  3338  4404 D BackgroundInstallControlService: Package event received: 0
04-24 14:25:09.516 18045 18045 I HoneySpace.Launcher: startIntentSenderForResult request : -1
04-24 14:25:09.518  3338  6309 D ActivityManager: Received BROADCAST intent 0x29904ff Key{broadcastIntent pkg=com.healthtrackerapp intent=act=com.healthtrackerapp.ACTION_TOGGLE_APPT_CHIP xflg=0x4 pkg=com.healthtrackerapp cmp=com.healthtrackerapp/.widgets.WidgetActionReceiver flags=0x4000000 u=0} requestCode=402 sent=0 from uid 10141
04-24 14:25:09.519 18045 18045 I HoneySpace.GestureInputHandler: reset
04-24 14:25:09.519  3338  3607 I ActivityManager: Changes in 10622 15 to 11, 0 to 128
04-24 14:25:09.519 18045 18045 I HoneySpace.InputSession: close
04-24 14:25:09.523  3338  7565 I AppWidgetServiceImpl: getInstalledProvidersForProfiles lock in com.healthtrackerapp
04-24 14:25:09.523  3338  7565 I AppWidgetServiceImpl: getInstalledProvidersForProfiles lock exit 3
04-24 14:25:09.525  3338  3606 I AppWidgetServiceImpl: handleSaveMessage 0
04-24 14:25:09.528  7376  7376 I AppWidgetManager: updateAppWidget() appWidgetIds = [95]
04-24 14:25:09.528  3338  6309 I AppWidgetServiceImpl: Null RemoteViews on updateAppWidgetIds
04-24 14:25:09.534  3338  4387 D AppWidgetServiceImpl: handleNotifyUpdateAppWidget, appWidgetId = 95
04-24 14:25:09.534  3338  4387 D AppWidgetServiceImpl: Trying to notify widget update for package com.healthtrackerapp with widget id: 95
04-24 14:25:09.535 18045 18045 I AppWidgetHost: updateAppWidgetView, appWidgetId = 95, v = com.honeyspace.ui.common.widget.HoneyAppWidgetHostView{17a046c VFE...... R....... 31,31-1233,1713} - span boundary: (4, 2) ~ (5, 6), appWidgetSize: 0, flag: 3, lastAppliedInfo: RemoteViewInfo(packages=com.healthtrackerapp), cachedImageView: false
04-24 14:25:09.535 18045 18045 I HoneySpace.HoneyAppWidgetHostView: [updateAppWidget id=95] receive event - isAnimating: false, remoteViews: android.widget.RemoteViews@abb1542, hostView: @17a046c
04-24 14:25:09.535 18045 18045 I HoneySpace.HoneyAppWidgetHostView: [updateAppWidget id=95] start update job for widget
04-24 14:25:09.535 18045 18045 I HoneySpace.HoneyAppWidgetHostView: [updateAppWidget id=95] update after transition animation
04-24 14:25:09.535 18045 18045 I HoneySpace.HoneyAppWidgetHostView: [updateAppWidget id=95] perform updateAppWidget - remoteViews: android.widget.RemoteViews@abb1542, hostView: @17a046c
04-24 14:25:09.538 18045 18045 I TraceUtils: widget onLayout 95
04-24 14:25:09.541  3338  6309 I ActivityManager: Changes in 10622 11 to 15, 128 to 0
04-24 14:25:09.542  2142  2142 E ANDR-PERF-MPCTL: ANDR-PERF-MPCTL: internal_perf_lock_acq_verification() 385: Perflock Submit request limit reached.
04-24 14:25:09.551  2208  2481 I CompositionEngine: [setDisplaySize] size=(573, 53)
04-24 14:25:09.668  3338  3484 I system_server: Background young concurrent mark compact GC freed 41MB AllocSpace bytes, 165(6180KB) LOS objects, 23% free, 156MB/204MB, paused 1.104ms,6.168ms total 136.631ms
04-24 14:25:09.673  3338  3486 W System  : A resource failed to call HardwareBuffer.close. 
04-24 14:25:09.673  3338  3486 W System  : A resource failed to call release. 
04-24 14:25:09.674  3338  3486 W System  : A resource failed to call HardwareBuffer.close. 
04-24 14:25:09.688  8078  8083 W .provider.badge: userfaultfd: MOVE ioctl seems unsupported: Connection timed out
--
04-24 14:25:09.870 18045 18045 I HoneySpace.WidgetInteractionHandlerImpl: [getActivityLaunchOptions] hostView-com.honeyspace.ui.common.widget.HoneyAppWidgetHostView{17a046c VFE...... R....... 31,31-1233,1713} - span boundary: (4, 2) ~ (5, 6), appWidgetSize: 0, flag: 3, lastAppliedInfo: RemoteViewInfo(packages=com.healthtrackerapp), cachedImageView: false, targetView-com.honeyspace.ui.common.widget.WidgetHostViewContainer{6db2734 VFE...CL. ........ 266,366-1330,1830} - HealthTrackerApp, appWidgetId=95, alpha=1.0, spanX=4, spanY=4, isStandardized: false, lastLabel: null, lastCornerRadius: null, lastBackgroundOpacity: 0, lastTransparent: true, x=1, y=1, cookieId-290957, intent-Intent { cmp=com.healthtrackerapp/.widgets.providers.AppointmentWidgetProvider }
04-24 14:25:09.870 18045 18045 I HoneySpace.ShellTransitionManager: app launch case while open waiting
04-24 14:25:09.870 18045 18045 I HoneySpace.ShellAnimationRunner: setDelegate, delegate-com.honeyspace.transition.delegate.AppWidgetLaunchAnimationDelegate@d258290, strong-false
04-24 14:25:09.870 18045 18045 I HoneySpace.ShellTransitionManager: open start
04-24 14:25:09.872  3338  4404 D BackgroundInstallControlService: Package event received: 0
04-24 14:25:09.872 18045 18045 I HoneySpace.Launcher: startIntentSenderForResult request : -1
04-24 14:25:09.873  2066  6589 I vendor.qti.bluetooth@1.1-ibs_handler: ProcessIbsCmd: Received IBS_SLEEP_IND: 0xFE
04-24 14:25:09.874  3338  6309 D ActivityManager: Received BROADCAST intent 0xbc07ef9 Key{broadcastIntent pkg=com.healthtrackerapp intent=act=com.healthtrackerapp.ACTION_TOGGLE_APPT_CHIP xflg=0x4 pkg=com.healthtrackerapp cmp=com.healthtrackerapp/.widgets.WidgetActionReceiver flags=0x4000000 u=0} requestCode=401 sent=0 from uid 10141
04-24 14:25:09.875 18045 18045 I HoneySpace.GestureInputHandler: reset
04-24 14:25:09.875  3338  3607 I ActivityManager: Changes in 10622 15 to 11, 0 to 128
04-24 14:25:09.875 18045 18045 I HoneySpace.InputSession: close
04-24 14:25:09.878 18045 18045 I HoneySpace.ShellTransitionManager: open timeout end
04-24 14:25:09.879  3338  7565 I AppWidgetServiceImpl: getInstalledProvidersForProfiles lock in com.healthtrackerapp
04-24 14:25:09.879  3338  7565 I AppWidgetServiceImpl: getInstalledProvidersForProfiles lock exit 3
04-24 14:25:09.881  3338  3606 I AppWidgetServiceImpl: handleSaveMessage 0
04-24 14:25:09.884  7376  7376 I AppWidgetManager: updateAppWidget() appWidgetIds = [95]
04-24 14:25:09.884  3338  7565 I AppWidgetServiceImpl: Null RemoteViews on updateAppWidgetIds
04-24 14:25:09.889  3338  4387 D AppWidgetServiceImpl: handleNotifyUpdateAppWidget, appWidgetId = 95
04-24 14:25:09.889  3338  4387 D AppWidgetServiceImpl: Trying to notify widget update for package com.healthtrackerapp with widget id: 95
04-24 14:25:09.890 18045 18045 I AppWidgetHost: updateAppWidgetView, appWidgetId = 95, v = com.honeyspace.ui.common.widget.HoneyAppWidgetHostView{17a046c VFE...... R....... 31,31-1233,1713} - span boundary: (4, 2) ~ (5, 6), appWidgetSize: 0, flag: 3, lastAppliedInfo: RemoteViewInfo(packages=com.healthtrackerapp), cachedImageView: false
04-24 14:25:09.890 18045 18045 I HoneySpace.HoneyAppWidgetHostView: [updateAppWidget id=95] receive event - isAnimating: false, remoteViews: android.widget.RemoteViews@220a789, hostView: @17a046c
04-24 14:25:09.890 18045 18045 I HoneySpace.HoneyAppWidgetHostView: [updateAppWidget id=95] start update job for widget
04-24 14:25:09.890 18045 18045 I HoneySpace.HoneyAppWidgetHostView: [updateAppWidget id=95] update after transition animation
04-24 14:25:09.890 18045 18045 I HoneySpace.HoneyAppWidgetHostView: [updateAppWidget id=95] perform updateAppWidget - remoteViews: android.widget.RemoteViews@220a789, hostView: @17a046c
04-24 14:25:09.892  3338  7565 I ActivityManager: Changes in 10622 11 to 15, 128 to 0
04-24 14:25:09.897 18045 18045 I TraceUtils: widget onLayout 95
04-24 14:25:09.902  2142  2142 E ANDR-PERF-MPCTL: ANDR-PERF-MPCTL: internal_perf_lock_acq_verification() 385: Perflock Submit request limit reached.
04-24 14:25:09.910  2208  2481 I CompositionEngine: [setDisplaySize] size=(573, 53)
04-24 14:25:10.084  3338  4039 D InputReader: Btn_touch(4): value=1 when=110752.769831
04-24 14:25:10.085  3338  4039 I InputReader: Touch event's action is 0x0 (id=6, t=0) [pCnt=1, s=0.19304 ] when=110752.769831
04-24 14:25:10.087  3338  4038 I InputDispatcher: Delivering touch to (5161): action: 0x4, f=0x0, d=0, 'e622471', t=1 
--
04-24 14:25:10.203 18045 18045 I HoneySpace.WidgetInteractionHandlerImpl: [getActivityLaunchOptions] hostView-com.honeyspace.ui.common.widget.HoneyAppWidgetHostView{17a046c VFE...... R....... 31,31-1233,1713} - span boundary: (4, 2) ~ (5, 6), appWidgetSize: 0, flag: 3, lastAppliedInfo: RemoteViewInfo(packages=com.healthtrackerapp), cachedImageView: false, targetView-com.honeyspace.ui.common.widget.WidgetHostViewContainer{6db2734 VFE...CL. ........ 266,366-1330,1830} - HealthTrackerApp, appWidgetId=95, alpha=1.0, spanX=4, spanY=4, isStandardized: false, lastLabel: null, lastCornerRadius: null, lastBackgroundOpacity: 0, lastTransparent: true, x=1, y=1, cookieId-290957, intent-Intent { cmp=com.healthtrackerapp/.widgets.providers.AppointmentWidgetProvider }
04-24 14:25:10.203 18045 18045 I HoneySpace.ShellAnimationRunner: setDelegate, delegate-com.honeyspace.transition.delegate.AppWidgetLaunchAnimationDelegate@ebb37af, strong-false
04-24 14:25:10.203 18045 18045 I HoneySpace.ShellTransitionManager: open start
04-24 14:25:10.205  3338  4404 D BackgroundInstallControlService: Package event received: 0
04-24 14:25:10.206 18045 18045 I HoneySpace.Launcher: startIntentSenderForResult request : -1
04-24 14:25:10.208  3338  7565 D ActivityManager: Received BROADCAST intent 0xe7c5ea5 Key{broadcastIntent pkg=com.healthtrackerapp intent=act=com.healthtrackerapp.ACTION_TOGGLE_APPT_CHIP xflg=0x4 pkg=com.healthtrackerapp cmp=com.healthtrackerapp/.widgets.WidgetActionReceiver flags=0x4000000 u=0} requestCode=400 sent=0 from uid 10141
04-24 14:25:10.209 18045 18045 I HoneySpace.GestureInputHandler: reset
04-24 14:25:10.209 18045 18045 I HoneySpace.InputSession: close
04-24 14:25:10.209  3338  3607 I ActivityManager: Changes in 10622 15 to 11, 0 to 128
04-24 14:25:10.213  3338  6309 I AppWidgetServiceImpl: getInstalledProvidersForProfiles lock in com.healthtrackerapp
04-24 14:25:10.213  3338  6309 I AppWidgetServiceImpl: getInstalledProvidersForProfiles lock exit 3
04-24 14:25:10.215  3338  3606 I AppWidgetServiceImpl: handleSaveMessage 0
04-24 14:25:10.218  7376  7376 I AppWidgetManager: updateAppWidget() appWidgetIds = [95]
04-24 14:25:10.218  3338  7565 I AppWidgetServiceImpl: Null RemoteViews on updateAppWidgetIds
04-24 14:25:10.223  3338  4387 D AppWidgetServiceImpl: handleNotifyUpdateAppWidget, appWidgetId = 95
04-24 14:25:10.223  3338  4387 D AppWidgetServiceImpl: Trying to notify widget update for package com.healthtrackerapp with widget id: 95
04-24 14:25:10.223 18045 18045 I AppWidgetHost: updateAppWidgetView, appWidgetId = 95, v = com.honeyspace.ui.common.widget.HoneyAppWidgetHostView{17a046c VFE...... R....... 31,31-1233,1713} - span boundary: (4, 2) ~ (5, 6), appWidgetSize: 0, flag: 3, lastAppliedInfo: RemoteViewInfo(packages=com.healthtrackerapp), cachedImageView: false
04-24 14:25:10.223 18045 18045 I HoneySpace.HoneyAppWidgetHostView: [updateAppWidget id=95] receive event - isAnimating: false, remoteViews: android.widget.RemoteViews@10837bc, hostView: @17a046c
04-24 14:25:10.223 18045 18045 I HoneySpace.HoneyAppWidgetHostView: [updateAppWidget id=95] start update job for widget
04-24 14:25:10.223 18045 18045 I HoneySpace.HoneyAppWidgetHostView: [updateAppWidget id=95] update after transition animation
04-24 14:25:10.223 18045 18045 I HoneySpace.HoneyAppWidgetHostView: [updateAppWidget id=95] perform updateAppWidget - remoteViews: android.widget.RemoteViews@10837bc, hostView: @17a046c
04-24 14:25:10.226  3338  7565 I ActivityManager: Changes in 10622 11 to 15, 128 to 0
04-24 14:25:10.230 18045 18045 I TraceUtils: widget onLayout 95
04-24 14:25:10.235  2142  2142 E ANDR-PERF-MPCTL: ANDR-PERF-MPCTL: internal_perf_lock_acq_verification() 385: Perflock Submit request limit reached.
04-24 14:25:10.245  2208  2481 I CompositionEngine: [setDisplaySize] size=(573, 53)
04-24 14:25:10.248  2194  2234 E HeatmapThread: ECT Thread time in milliseconds: 1777033510
04-24 14:25:10.249  2194  2234 D HeatmapThread: !@ batteryplugType : 1
04-24 14:25:10.249  2194  2234 D HeatmapThread: !@ batteryLevel : 31  batteryTemperature : 287 
04-24 14:25:10.249  2194  2234 D HeatmapThread: !@ Heatmap currtime: 29617225
04-24 14:25:10.249  2194  2234 D HeatmapThread: !@ Heatmap prevtime: 29617210
04-24 14:25:10.249  2194  2234 D HeatmapThread: !@ Heatmap plugstarttime: 29617223
--
04-24 14:25:10.679 18045 18045 I HoneySpace.WidgetInteractionHandlerImpl: [getActivityLaunchOptions] hostView-com.honeyspace.ui.common.widget.HoneyAppWidgetHostView{17a046c VFE...... R....... 31,31-1233,1713} - span boundary: (4, 2) ~ (5, 6), appWidgetSize: 0, flag: 3, lastAppliedInfo: RemoteViewInfo(packages=com.healthtrackerapp), cachedImageView: false, targetView-com.honeyspace.ui.common.widget.WidgetHostViewContainer{6db2734 VFE...CL. ........ 266,366-1330,1830} - HealthTrackerApp, appWidgetId=95, alpha=1.0, spanX=4, spanY=4, isStandardized: false, lastLabel: null, lastCornerRadius: null, lastBackgroundOpacity: 0, lastTransparent: true, x=1, y=1, cookieId-290957, intent-Intent { cmp=com.healthtrackerapp/.widgets.providers.AppointmentWidgetProvider }
04-24 14:25:10.679 18045 18045 I HoneySpace.ShellAnimationRunner: setDelegate, delegate-com.honeyspace.transition.delegate.AppWidgetLaunchAnimationDelegate@eba0a9a, strong-false
04-24 14:25:10.679 18045 18045 I HoneySpace.ShellTransitionManager: open start
04-24 14:25:10.681  3338  4404 D BackgroundInstallControlService: Package event received: 0
04-24 14:25:10.683 18045 18045 I HoneySpace.Launcher: startIntentSenderForResult request : -1
04-24 14:25:10.685  3338  7565 D ActivityManager: Received BROADCAST intent 0xbc07ef9 Key{broadcastIntent pkg=com.healthtrackerapp intent=act=com.healthtrackerapp.ACTION_TOGGLE_APPT_CHIP xflg=0x4 pkg=com.healthtrackerapp cmp=com.healthtrackerapp/.widgets.WidgetActionReceiver flags=0x4000000 u=0} requestCode=401 sent=0 from uid 10141
04-24 14:25:10.686 18045 18045 I HoneySpace.GestureInputHandler: reset
04-24 14:25:10.686 18045 18045 I HoneySpace.InputSession: close
04-24 14:25:10.686  3338  3607 I ActivityManager: Changes in 10622 15 to 11, 0 to 128
04-24 14:25:10.689  9088  9088 I [MCFServer]_CallbackTimer: setTimeout - alarm set : 97744
04-24 14:25:10.689  9088  9088 I [MCFServer]_SubscriberManager: stopPilotAdvertise - bleSID (0x40000)
04-24 14:25:10.689  9088  9088 I [MCFServer]_SubscriberManager: startPilotAdvertise - {AD{id=0x40000, access=0, timeout=972}, R=false, CB{i=262144, h=267468213}}
04-24 14:25:10.690  9088  9088 I [MCFServer]_CallbackTimer: setTimeout - alarm set : 971
04-24 14:25:10.690  9088  9088 I [MCFServer]_McfBleAdvertiser(Pilot): stopAdvertiser - unset
04-24 14:25:10.691  3338  6309 I AppWidgetServiceImpl: getInstalledProvidersForProfiles lock in com.healthtrackerapp
04-24 14:25:10.691  3338  6309 I AppWidgetServiceImpl: getInstalledProvidersForProfiles lock exit 3
04-24 14:25:10.691  4972  6629 W BtGatt.AdvertiseManager: stopAdvertisingSet() - Enter the mNativeInterface
04-24 14:25:10.692  4972  6629 I bt_shim_advertiser: system/main/shim/le_advertising_manager.cc:80 Unregister: in shim layer
04-24 14:25:10.692  4972  6629 E BtGatt.AdvertiseManager: [GSIM LOG]: gsimLogHandler, msg: MESSAGE_ADV_SET_STOP, appName: com.samsung.android.mcfserver, id: 0, isLegacy: true
04-24 14:25:10.692  4972  5751 W bluetooth: system/gd/hci/le_advertising_manager.cc:443 remove_advertiser: advertiser_id =0
04-24 14:25:10.692  2066  6589 I vendor.qti.bluetooth@1.1-ibs_handler: ProcessIbsCmd: Received IBS_WAKE_IND: 0xFD
04-24 14:25:10.692  2066  6589 I vendor.qti.bluetooth@1.1-ibs_handler: ProcessIbsCmd: Writing IBS_WAKE_ACK
04-24 14:25:10.692  4972  6666 I bluetooth_core::gatt::server::isolation_manager: removing server (if any) associated with advertiser AdvertiserId(0)
04-24 14:25:10.692  9088  9088 I [MCFServer]_SubscriberManager: onPilotAdvertisingSetStopped - 
04-24 14:25:10.692  3338  3606 I AppWidgetServiceImpl: handleSaveMessage 0
04-24 14:25:10.695  4972  6603 I ScanController: onScanResult to scannerId: 6- eventType=0x10, addressType=0, address=XX:XX:XX:XX:6C:FB, primaryPhy=1, secondaryPhy=0, advertisingSid=0xff, txPower=127, rssi=-82, periodicAdvInt=0x0
04-24 14:25:10.696  7376  7376 I AppWidgetManager: updateAppWidget() appWidgetIds = [95]
04-24 14:25:10.696  3338  6309 I AppWidgetServiceImpl: Null RemoteViews on updateAppWidgetIds
04-24 14:25:10.697 14394 14757 I [+0200]oneconnect[1.8.45.24_01][CORE]: DataConvert.parseBleVd - deviceBle : |name:|deviceType:TV|discoverType:_BLE|services:None|connected:false[TvStatusString]POWER_OFF[TvStatus]-128[TvService]102[TvMirrorChannel]1[TvRegisteredDB][0, 0, 0, 0, 0, 0][TvYear]2016[TvOcfInfo]0[TvAcmStatus]0[ExTvStatus]0[ExtendedStatus]-1[ModuloSn]-1
04-24 14:25:10.700  3338  4387 D AppWidgetServiceImpl: handleNotifyUpdateAppWidget, appWidgetId = 95
04-24 14:25:10.700  3338  4387 D AppWidgetServiceImpl: Trying to notify widget update for package com.healthtrackerapp with widget id: 95
--
04-24 14:25:11.162 18045 18045 I HoneySpace.WidgetInteractionHandlerImpl: [getActivityLaunchOptions] hostView-com.honeyspace.ui.common.widget.HoneyAppWidgetHostView{17a046c VFE...... R....... 31,31-1233,1713} - span boundary: (4, 2) ~ (5, 6), appWidgetSize: 0, flag: 3, lastAppliedInfo: RemoteViewInfo(packages=com.healthtrackerapp), cachedImageView: false, targetView-com.honeyspace.ui.common.widget.WidgetHostViewContainer{6db2734 VFE...CL. ........ 266,366-1330,1830} - HealthTrackerApp, appWidgetId=95, alpha=1.0, spanX=4, spanY=4, isStandardized: false, lastLabel: null, lastCornerRadius: null, lastBackgroundOpacity: 0, lastTransparent: true, x=1, y=1, cookieId-290957, intent-Intent { cmp=com.healthtrackerapp/.widgets.providers.AppointmentWidgetProvider }
04-24 14:25:11.163 18045 18045 I HoneySpace.ShellAnimationRunner: setDelegate, delegate-com.honeyspace.transition.delegate.AppWidgetLaunchAnimationDelegate@d88bec1, strong-false
04-24 14:25:11.163 18045 18045 I HoneySpace.ShellTransitionManager: open start
04-24 14:25:11.164  3338  4404 D BackgroundInstallControlService: Package event received: 0
04-24 14:25:11.165 18045 18045 I HoneySpace.Launcher: startIntentSenderForResult request : -1
04-24 14:25:11.167  3338  7552 D ActivityManager: Received BROADCAST intent 0x29904ff Key{broadcastIntent pkg=com.healthtrackerapp intent=act=com.healthtrackerapp.ACTION_TOGGLE_APPT_CHIP xflg=0x4 pkg=com.healthtrackerapp cmp=com.healthtrackerapp/.widgets.WidgetActionReceiver flags=0x4000000 u=0} requestCode=402 sent=0 from uid 10141
04-24 14:25:11.168 18045 18045 I HoneySpace.GestureInputHandler: reset
04-24 14:25:11.168 18045 18045 I HoneySpace.InputSession: close
04-24 14:25:11.169  3338  3607 I ActivityManager: Changes in 10622 15 to 11, 0 to 128
04-24 14:25:11.172  3338  6309 I AppWidgetServiceImpl: getInstalledProvidersForProfiles lock in com.healthtrackerapp
04-24 14:25:11.173  3338  6309 I AppWidgetServiceImpl: getInstalledProvidersForProfiles lock exit 3
04-24 14:25:11.174  3338  3606 I AppWidgetServiceImpl: handleSaveMessage 0
04-24 14:25:11.177  7376  7376 I AppWidgetManager: updateAppWidget() appWidgetIds = [95]
04-24 14:25:11.178  3338  6309 I AppWidgetServiceImpl: Null RemoteViews on updateAppWidgetIds
04-24 14:25:11.181  3338  4387 D AppWidgetServiceImpl: handleNotifyUpdateAppWidget, appWidgetId = 95
04-24 14:25:11.181  3338  4387 D AppWidgetServiceImpl: Trying to notify widget update for package com.healthtrackerapp with widget id: 95
04-24 14:25:11.181 18045 18045 I AppWidgetHost: updateAppWidgetView, appWidgetId = 95, v = com.honeyspace.ui.common.widget.HoneyAppWidgetHostView{17a046c VFE...... R....... 31,31-1233,1713} - span boundary: (4, 2) ~ (5, 6), appWidgetSize: 0, flag: 3, lastAppliedInfo: RemoteViewInfo(packages=com.healthtrackerapp), cachedImageView: false
04-24 14:25:11.181 18045 18045 I HoneySpace.HoneyAppWidgetHostView: [updateAppWidget id=95] receive event - isAnimating: false, remoteViews: android.widget.RemoteViews@79e3666, hostView: @17a046c
04-24 14:25:11.181 18045 18045 I HoneySpace.HoneyAppWidgetHostView: [updateAppWidget id=95] start update job for widget
04-24 14:25:11.181 18045 18045 I HoneySpace.HoneyAppWidgetHostView: [updateAppWidget id=95] update after transition animation
04-24 14:25:11.181 18045 18045 I HoneySpace.HoneyAppWidgetHostView: [updateAppWidget id=95] perform updateAppWidget - remoteViews: android.widget.RemoteViews@79e3666, hostView: @17a046c
04-24 14:25:11.183  3338  6309 I ActivityManager: Changes in 10622 11 to 15, 128 to 0
04-24 14:25:11.188 18045 18045 I TraceUtils: widget onLayout 95
04-24 14:25:11.193  2142  2142 E ANDR-PERF-MPCTL: ANDR-PERF-MPCTL: internal_perf_lock_acq_verification() 385: Perflock Submit request limit reached.
04-24 14:25:11.202  2208  2481 I CompositionEngine: [setDisplaySize] size=(573, 53)
04-24 14:25:11.203 18045 18045 I HoneySpace.ShellTransitionManager: open timeout end
04-24 14:25:11.247  2194  2234 E HeatmapThread: ECT Thread time in milliseconds: 1777033511
04-24 14:25:11.250  2194  2234 D HeatmapThread: !@ batteryplugType : 1
04-24 14:25:11.250  2194  2234 D HeatmapThread: !@ batteryLevel : 31  batteryTemperature : 287 
04-24 14:25:11.250  2194  2234 D HeatmapThread: !@ Heatmap currtime: 29617225
04-24 14:25:11.250  2194  2234 D HeatmapThread: !@ Heatmap prevtime: 29617210
--
04-24 14:25:11.553 18045 18045 I HoneySpace.WidgetInteractionHandlerImpl: [getActivityLaunchOptions] hostView-com.honeyspace.ui.common.widget.HoneyAppWidgetHostView{17a046c VFE...... R....... 31,31-1233,1713} - span boundary: (4, 2) ~ (5, 6), appWidgetSize: 0, flag: 3, lastAppliedInfo: RemoteViewInfo(packages=com.healthtrackerapp), cachedImageView: false, targetView-com.honeyspace.ui.common.widget.WidgetHostViewContainer{6db2734 VFE...CL. ........ 266,366-1330,1830} - HealthTrackerApp, appWidgetId=95, alpha=1.0, spanX=4, spanY=4, isStandardized: false, lastLabel: null, lastCornerRadius: null, lastBackgroundOpacity: 0, lastTransparent: true, x=1, y=1, cookieId-290957, intent-Intent { cmp=com.healthtrackerapp/.widgets.providers.AppointmentWidgetProvider }
04-24 14:25:11.553 18045 18045 I HoneySpace.ShellAnimationRunner: setDelegate, delegate-com.honeyspace.transition.delegate.AppWidgetLaunchAnimationDelegate@905c254, strong-false
04-24 14:25:11.553 18045 18045 I HoneySpace.ShellTransitionManager: open start
04-24 14:25:11.555  3338  4404 D BackgroundInstallControlService: Package event received: 0
04-24 14:25:11.556 18045 18045 I HoneySpace.Launcher: startIntentSenderForResult request : -1
04-24 14:25:11.558  3338  7552 D ActivityManager: Received BROADCAST intent 0xe7c5ea5 Key{broadcastIntent pkg=com.healthtrackerapp intent=act=com.healthtrackerapp.ACTION_TOGGLE_APPT_CHIP xflg=0x4 pkg=com.healthtrackerapp cmp=com.healthtrackerapp/.widgets.WidgetActionReceiver flags=0x4000000 u=0} requestCode=400 sent=0 from uid 10141
04-24 14:25:11.559 18045 18045 I HoneySpace.GestureInputHandler: reset
04-24 14:25:11.559 18045 18045 I HoneySpace.InputSession: close
04-24 14:25:11.559  3338  3607 I ActivityManager: Changes in 10622 15 to 11, 0 to 128
04-24 14:25:11.563  3338  6309 I AppWidgetServiceImpl: getInstalledProvidersForProfiles lock in com.healthtrackerapp
04-24 14:25:11.563  3338  6309 I AppWidgetServiceImpl: getInstalledProvidersForProfiles lock exit 3
04-24 14:25:11.565  3338  3606 I AppWidgetServiceImpl: handleSaveMessage 0
04-24 14:25:11.567  7376  7376 I AppWidgetManager: updateAppWidget() appWidgetIds = [95]
04-24 14:25:11.568  3338  7552 I AppWidgetServiceImpl: Null RemoteViews on updateAppWidgetIds
04-24 14:25:11.572  3338  4387 D AppWidgetServiceImpl: handleNotifyUpdateAppWidget, appWidgetId = 95
04-24 14:25:11.572  3338  4387 D AppWidgetServiceImpl: Trying to notify widget update for package com.healthtrackerapp with widget id: 95
04-24 14:25:11.573 18045 18045 I AppWidgetHost: updateAppWidgetView, appWidgetId = 95, v = com.honeyspace.ui.common.widget.HoneyAppWidgetHostView{17a046c VFE...... R....... 31,31-1233,1713} - span boundary: (4, 2) ~ (5, 6), appWidgetSize: 0, flag: 3, lastAppliedInfo: RemoteViewInfo(packages=com.healthtrackerapp), cachedImageView: false
04-24 14:25:11.573 18045 18045 I HoneySpace.HoneyAppWidgetHostView: [updateAppWidget id=95] receive event - isAnimating: false, remoteViews: android.widget.RemoteViews@9a185fd, hostView: @17a046c
04-24 14:25:11.573 18045 18045 I HoneySpace.HoneyAppWidgetHostView: [updateAppWidget id=95] start update job for widget
04-24 14:25:11.573 18045 18045 I HoneySpace.HoneyAppWidgetHostView: [updateAppWidget id=95] update after transition animation
04-24 14:25:11.573 18045 18045 I HoneySpace.HoneyAppWidgetHostView: [updateAppWidget id=95] perform updateAppWidget - remoteViews: android.widget.RemoteViews@9a185fd, hostView: @17a046c
04-24 14:25:11.575  3338  7552 I ActivityManager: Changes in 10622 11 to 15, 128 to 0
04-24 14:25:11.580 18045 18045 I TraceUtils: widget onLayout 95
04-24 14:25:11.585  2142  2142 E ANDR-PERF-MPCTL: ANDR-PERF-MPCTL: internal_perf_lock_acq_verification() 385: Perflock Submit request limit reached.
04-24 14:25:11.595  2208  2481 I CompositionEngine: [setDisplaySize] size=(573, 53)
04-24 14:25:11.646  3338  3593 E Watchdog: !@Sync: 3689 heap(MB): 162 / 204 FD: 1397 [2026-04-24 14:25:11.646]
04-24 14:25:11.661  9088  9088 I [MCFServer]_CallbackTimer: setTimeout - alarm set : 96772
04-24 14:25:11.661  9088  9088 I [MCFServer]_SubscriberManager: stopPilotAdvertise - bleSID (0x40000)
04-24 14:25:11.661  9088  9088 I [MCFServer]_SubscriberManager: startPilotAdvertise - {AD{id=0x40000, access=0, timeout=972}, R=false, CB{i=262144, h=159554634}}
04-24 14:25:11.662  9088  9088 I [MCFServer]_CallbackTimer: setTimeout - alarm set : 972
04-24 14:25:11.662  9088  9088 I [MCFServer]_McfBleAdvertiser(Pilot): stopAdvertiser - unset
--
04-24 14:25:12.019 18045 18045 I HoneySpace.WidgetInteractionHandlerImpl: [getActivityLaunchOptions] hostView-com.honeyspace.ui.common.widget.HoneyAppWidgetHostView{17a046c VFE...... R....... 31,31-1233,1713} - span boundary: (4, 2) ~ (5, 6), appWidgetSize: 0, flag: 3, lastAppliedInfo: RemoteViewInfo(packages=com.healthtrackerapp), cachedImageView: false, targetView-com.honeyspace.ui.common.widget.WidgetHostViewContainer{6db2734 VFE...CL. ........ 266,366-1330,1830} - HealthTrackerApp, appWidgetId=95, alpha=1.0, spanX=4, spanY=4, isStandardized: false, lastLabel: null, lastCornerRadius: null, lastBackgroundOpacity: 0, lastTransparent: true, x=1, y=1, cookieId-290957, intent-Intent { cmp=com.healthtrackerapp/.widgets.providers.AppointmentWidgetProvider }
04-24 14:25:12.020 18045 18045 I HoneySpace.ShellAnimationRunner: setDelegate, delegate-com.honeyspace.transition.delegate.AppWidgetLaunchAnimationDelegate@5d03d43, strong-false
04-24 14:25:12.020 18045 18045 I HoneySpace.ShellTransitionManager: open start
04-24 14:25:12.021  3338  4404 D BackgroundInstallControlService: Package event received: 0
04-24 14:25:12.023 18045 18045 I HoneySpace.Launcher: startIntentSenderForResult request : -1
04-24 14:25:12.025  3338  7552 D ActivityManager: Received BROADCAST intent 0x29904ff Key{broadcastIntent pkg=com.healthtrackerapp intent=act=com.healthtrackerapp.ACTION_TOGGLE_APPT_CHIP xflg=0x4 pkg=com.healthtrackerapp cmp=com.healthtrackerapp/.widgets.WidgetActionReceiver flags=0x4000000 u=0} requestCode=402 sent=0 from uid 10141
04-24 14:25:12.026 18045 18045 I HoneySpace.GestureInputHandler: reset
04-24 14:25:12.026 18045 18045 I HoneySpace.InputSession: close
04-24 14:25:12.027  3338  3607 I ActivityManager: Changes in 10622 15 to 11, 0 to 128
04-24 14:25:12.030  3338  6309 I AppWidgetServiceImpl: getInstalledProvidersForProfiles lock in com.healthtrackerapp
04-24 14:25:12.030  3338  6309 I AppWidgetServiceImpl: getInstalledProvidersForProfiles lock exit 3
04-24 14:25:12.032  3338  3606 I AppWidgetServiceImpl: handleSaveMessage 0
04-24 14:25:12.035  7376  7376 I AppWidgetManager: updateAppWidget() appWidgetIds = [95]
04-24 14:25:12.035  3338  6309 I AppWidgetServiceImpl: Null RemoteViews on updateAppWidgetIds
04-24 14:25:12.040  3338  4387 D AppWidgetServiceImpl: handleNotifyUpdateAppWidget, appWidgetId = 95
04-24 14:25:12.040  3338  4387 D AppWidgetServiceImpl: Trying to notify widget update for package com.healthtrackerapp with widget id: 95
04-24 14:25:12.040 18045 18045 I AppWidgetHost: updateAppWidgetView, appWidgetId = 95, v = com.honeyspace.ui.common.widget.HoneyAppWidgetHostView{17a046c VFE...... R....... 31,31-1233,1713} - span boundary: (4, 2) ~ (5, 6), appWidgetSize: 0, flag: 3, lastAppliedInfo: RemoteViewInfo(packages=com.healthtrackerapp), cachedImageView: false
04-24 14:25:12.040 18045 18045 I HoneySpace.HoneyAppWidgetHostView: [updateAppWidget id=95] receive event - isAnimating: false, remoteViews: android.widget.RemoteViews@126afc0, hostView: @17a046c
04-24 14:25:12.040 18045 18045 I HoneySpace.HoneyAppWidgetHostView: [updateAppWidget id=95] start update job for widget
04-24 14:25:12.040 18045 18045 I HoneySpace.HoneyAppWidgetHostView: [updateAppWidget id=95] update after transition animation
04-24 14:25:12.040 18045 18045 I HoneySpace.HoneyAppWidgetHostView: [updateAppWidget id=95] perform updateAppWidget - remoteViews: android.widget.RemoteViews@126afc0, hostView: @17a046c
04-24 14:25:12.043  3338  6309 I ActivityManager: Changes in 10622 11 to 15, 128 to 0
04-24 14:25:12.047 18045 18045 I TraceUtils: widget onLayout 95
04-24 14:25:12.087  2208  2481 I CompositionEngine: [setDisplaySize] size=(573, 53)
04-24 14:25:12.163 18045 18045 I HoneySpace.ShellTransitionManager: open timeout end
04-24 14:25:12.235  2150  2167 E BatteryDump: !@new_battery_dump : 3925,1771,2100,3150,32,288,290,405,288,0,330,420,0,Charging,NO_CHARGING,Normal,Good,PDIC,0,Normal,0,0,9300,0x8000,0x30000,0x0,0,0,0000,0000,ffff0700,0,0,0,0,1343,3770,3150,980,0,
04-24 14:25:12.236  3338  6309 D [SS]BattFunctions: [sendRemainingChargingTimeChangedIntent]remainingChargingTime:5100 ,mLastRemainingChargingTime:5114
04-24 14:25:12.237  3338  6309 D BatteryService: [processValuesLocked]batteryLevel:32 ,LastbatteryLevel:31 ,mPlugType:1 ,batteryStatus:2
04-24 14:25:12.237  2150  2150 I sehhealth-service: updateLrpSysfs: write: 330
04-24 14:25:12.237  3338  6309 D BatteryService: [countBatteryChangedConditions]mBatteryChangedConditionCounts:[37, 1, 1, 833, 41, 660, 302, 0, 0, 36, 35, 0, 38, 0, 0, 1, 118, 41, 0, 0, 0, 1]
04-24 14:25:12.237  3338  6309 D BatteryService: Sending ACTION_BATTERY_CHANGED: level:32, status:2, health:2, remain:5100, ac:true, usb:false, wireless:false, pogo:false, misc:0x30000, charge_type:1, charger_type:1, voltage:3925, temperature:288, online:19, charging_status:0, cycle_count:0, current_avg:1755, ps:false, hvc:true, current_event:0x8000, mcc:0, mcv:0, cc:1473780, present:true, scale:100, technology:Li-ion, protection:0
--
04-24 14:25:14.533 18045 18045 I HoneySpace.WidgetInteractionHandlerImpl: [getActivityLaunchOptions] hostView-com.honeyspace.ui.common.widget.HoneyAppWidgetHostView{17a046c VFE...... R....... 31,31-1233,1713} - span boundary: (4, 2) ~ (5, 6), appWidgetSize: 0, flag: 3, lastAppliedInfo: RemoteViewInfo(packages=com.healthtrackerapp), cachedImageView: false, targetView-com.honeyspace.ui.common.widget.WidgetHostViewContainer{6db2734 VFE...CL. ........ 266,366-1330,1830} - HealthTrackerApp, appWidgetId=95, alpha=1.0, spanX=4, spanY=4, isStandardized: false, lastLabel: null, lastCornerRadius: null, lastBackgroundOpacity: 0, lastTransparent: true, x=1, y=1, cookieId-290957, intent-Intent { cmp=com.healthtrackerapp/.widgets.providers.AppointmentWidgetProvider }
04-24 14:25:14.533 18045 18045 I HoneySpace.ShellAnimationRunner: setDelegate, delegate-com.honeyspace.transition.delegate.AppWidgetLaunchAnimationDelegate@c170516, strong-false
04-24 14:25:14.533 18045 18045 I HoneySpace.ShellTransitionManager: open start
04-24 14:25:14.534  3338  4404 D BackgroundInstallControlService: Package event received: 0
04-24 14:25:14.538 18045 18045 I HoneySpace.Launcher: startIntentSenderForResult request : -1
