04-24 14:33:58.588 18045 18045 W AppWidgetHostView: 	at android.widget.RemoteViews.-$$Nest$minflateView(Unknown Source:0)
04-24 14:33:58.588 18045 18045 W AppWidgetHostView: 	at android.widget.RemoteViews$AsyncApplyTask.doInBackground(RemoteViews.java:9965)
04-24 14:33:58.588 18045 18045 W AppWidgetHostView: 	at android.widget.RemoteViews$AsyncApplyTask.doInBackground(RemoteViews.java:9927)
04-24 14:33:58.588 18045 18045 W AppWidgetHostView: 	at android.os.AsyncTask$3.call(AsyncTask.java:394)
04-24 14:33:58.588 18045 18045 W AppWidgetHostView: 	at java.util.concurrent.FutureTask.run(FutureTask.java:317)
--
04-24 14:33:58.947 18045 18045 I HoneySpace.WorkspaceCellLayout: ACTION_DRAG_ENDED, dragInfo=[PendingItem(id=-1, isShortcut=false, componentName=ComponentInfo{com.healthtrackerapp/com.healthtrackerapp.widgets.providers.AppointmentWidgetProvider}, spanX=4, spanY=2, user=UserHandle{0}, cellX=-1, cellY=-1, pageId=-1, rank=-1, widgetId=96, intent=Intent {  }, activityInfo=null, folderTargetView=null, widgetFromAddItemActivity=false), null, null, -1], DragType(fromState=com.honeyspace.sdk.AppScreen$AddWidget@211b37c, fromHoney=WIDGETLIST, fromElse=null, fromId=-1, dragTriggerType=OTHER)
04-24 14:33:58.947 18045 18045 I HoneySpace.WorkspaceCellLayout: clearReorderJob
04-24 14:33:58.947 18045 18045 I HoneySpace.WorkspaceCellLayout: ACTION_DRAG_ENDED, dragInfo=[PendingItem(id=-1, isShortcut=false, componentName=ComponentInfo{com.healthtrackerapp/com.healthtrackerapp.widgets.providers.AppointmentWidgetProvider}, spanX=4, spanY=2, user=UserHandle{0}, cellX=-1, cellY=-1, pageId=-1, rank=-1, widgetId=96, intent=Intent {  }, activityInfo=null, folderTargetView=null, widgetFromAddItemActivity=false), null, null, -1], DragType(fromState=com.honeyspace.sdk.AppScreen$AddWidget@211b37c, fromHoney=WIDGETLIST, fromElse=null, fromId=-1, dragTriggerType=OTHER)
04-24 14:33:58.947 18045 18045 I HoneySpace.WorkspaceCellLayout: fadeOutInvalidSpaceAnimation
04-24 14:33:58.947 18045 18045 I HoneySpace.WorkspaceCellLayout: clearReorderJob
04-24 14:33:58.948 18045 18045 I HoneySpace.WorkspaceCellLayout: ACTION_DRAG_ENDED, dragInfo=[PendingItem(id=-1, isShortcut=false, componentName=ComponentInfo{com.healthtrackerapp/com.healthtrackerapp.widgets.providers.AppointmentWidgetProvider}, spanX=4, spanY=2, user=UserHandle{0}, cellX=-1, cellY=-1, pageId=-1, rank=-1, widgetId=96, intent=Intent {  }, activityInfo=null, folderTargetView=null, widgetFromAddItemActivity=false), null, null, -1], DragType(fromState=com.honeyspace.sdk.AppScreen$AddWidget@211b37c, fromHoney=WIDGETLIST, fromElse=null, fromId=-1, dragTriggerType=OTHER)
04-24 14:33:58.948 18045 18045 I HoneySpace.WorkspaceCellLayout: fadeOutInvalidSpaceAnimation
04-24 14:33:58.948 18045 18045 I HoneySpace.WorkspaceCellLayout: clearReorderJob
04-24 14:33:58.948 18045 18045 I HoneySpace.WorkspaceCellLayout: ACTION_DRAG_ENDED, dragInfo=[PendingItem(id=-1, isShortcut=false, componentName=ComponentInfo{com.healthtrackerapp/com.healthtrackerapp.widgets.providers.AppointmentWidgetProvider}, spanX=4, spanY=2, user=UserHandle{0}, cellX=-1, cellY=-1, pageId=-1, rank=-1, widgetId=96, intent=Intent {  }, activityInfo=null, folderTargetView=null, widgetFromAddItemActivity=false), null, null, -1], DragType(fromState=com.honeyspace.sdk.AppScreen$AddWidget@211b37c, fromHoney=WIDGETLIST, fromElse=null, fromId=-1, dragTriggerType=OTHER)
04-24 14:33:58.948 18045 18045 I HoneySpace.WorkspaceCellLayout: fadeOutInvalidSpaceAnimation
04-24 14:33:58.948 18045 18045 I HoneySpace.WorkspaceCellLayout: clearReorderJob
04-24 14:33:58.948 18045 18045 I HoneySpace.WorkspaceCellLayout: ACTION_DRAG_ENDED, dragInfo=[PendingItem(id=-1, isShortcut=false, componentName=ComponentInfo{com.healthtrackerapp/com.healthtrackerapp.widgets.providers.AppointmentWidgetProvider}, spanX=4, spanY=2, user=UserHandle{0}, cellX=-1, cellY=-1, pageId=-1, rank=-1, widgetId=96, intent=Intent {  }, activityInfo=null, folderTargetView=null, widgetFromAddItemActivity=false), null, null, -1], DragType(fromState=com.honeyspace.sdk.AppScreen$AddWidget@211b37c, fromHoney=WIDGETLIST, fromElse=null, fromId=-1, dragTriggerType=OTHER)
04-24 14:33:58.948 18045 18045 I HoneySpace.WorkspaceCellLayout: fadeOutInvalidSpaceAnimation
04-24 14:33:58.948 18045 18045 I HoneySpace.WorkspaceCellLayout: clearReorderJob
04-24 14:33:58.949 18045 18045 I HoneySpace.WorkspaceCellLayout: ACTION_DRAG_ENDED, dragInfo=[PendingItem(id=-1, isShortcut=false, componentName=ComponentInfo{com.healthtrackerapp/com.healthtrackerapp.widgets.providers.AppointmentWidgetProvider}, spanX=4, spanY=2, user=UserHandle{0}, cellX=-1, cellY=-1, pageId=-1, rank=-1, widgetId=96, intent=Intent {  }, activityInfo=null, folderTargetView=null, widgetFromAddItemActivity=false), null, null, -1], DragType(fromState=com.honeyspace.sdk.AppScreen$AddWidget@211b37c, fromHoney=WIDGETLIST, fromElse=null, fromId=-1, dragTriggerType=OTHER)
04-24 14:33:58.949 18045 18045 I HoneySpace.WorkspaceCellLayout: fadeOutInvalidSpaceAnimation
04-24 14:33:58.949 18045 18045 I HoneySpace.WorkspaceCellLayout: clearReorderJob
04-24 14:33:58.949 18045 18045 I HoneySpace.WorkspaceCellLayout: ACTION_DRAG_ENDED, dragInfo=[PendingItem(id=-1, isShortcut=false, componentName=ComponentInfo{com.healthtrackerapp/com.healthtrackerapp.widgets.providers.AppointmentWidgetProvider}, spanX=4, spanY=2, user=UserHandle{0}, cellX=-1, cellY=-1, pageId=-1, rank=-1, widgetId=96, intent=Intent {  }, activityInfo=null, folderTargetView=null, widgetFromAddItemActivity=false), null, null, -1], DragType(fromState=com.honeyspace.sdk.AppScreen$AddWidget@211b37c, fromHoney=WIDGETLIST, fromElse=null, fromId=-1, dragTriggerType=OTHER)
04-24 14:33:58.949 18045 18045 I HoneySpace.WorkspaceCellLayout: fadeOutInvalidSpaceAnimation
04-24 14:33:58.949 18045 18045 I HoneySpace.WorkspaceCellLayout: clearReorderJob
04-24 14:33:58.949 18045 18045 I HoneySpace.WorkspaceFastRecyclerView: ACTION_DRAG_ENDED true
04-24 14:33:58.949 18045 18045 I HoneySpace.ClipDataHelper: clearDragInfo
04-24 14:33:58.949 18045 18045 I HoneySpace.HomescreenPot: IsShowDropTargetBar false
04-24 14:33:58.949 18045 18045 I HoneySpace.WorkspaceViewModel: endDrag existDroppedItems isNotEmpty=false
04-24 14:33:58.950 18045 18045 I HoneySpace.WorkspaceFastRecyclerViewAdapter: removePage - 6
04-24 14:33:58.950 18045 18045 I HoneySpace.WorkspacePageIndicatorViewModel: updatePageCount 6
04-24 14:33:58.950 18045 18045 I HoneySpace.WorkspacePot: Is minusone page & Is plus page false
04-24 14:33:58.950 18045 18045 I HoneySpace.WorkspacePageIndicatorViewModel: startDefaultPageAlphaAnimation, forSync? false, rank = 2, to = 0.5
04-24 14:33:58.950 18045 18045 I HoneySpace.WorkspaceFastRecyclerView: removeExtraEmptyPage getNextPage() =2, pageCount =6, pageId=-1
04-24 14:33:58.951 18045 18045 I HoneySpace.HomescreenPot: ACTION_DRAG_ENDED
04-24 14:33:58.951  2208  2208 I SurfaceFlinger: [LayerHierarchy{RequestedLayerState{drag surface#35678} 1 children}] reparent to OffscreenRoot
04-24 14:33:58.951  2208  2208 I SurfaceFlinger: [LayerHierarchy{RequestedLayerState{drag surface#35678} 1 children}] RelativeParent to null
04-24 14:33:58.951  2208  2208 I SurfaceFlinger: [LayerHierarchy{RequestedLayerState{Drag and Drop Input Consumer#35680 z=2147483647} no children}] reparent to OffscreenRoot
04-24 14:33:58.951  2208  2208 I SurfaceFlinger: [LayerHierarchy{RequestedLayerState{Drag and Drop Input Consumer#35680 z=2147483647} no children}] RelativeParent to null
04-24 14:33:58.952  2208  2286 I SurfaceFlinger: id=35679 Removed [BBQ] drag surface#35678#35679 (294)
04-24 14:33:58.952  2208  2208 I SurfaceFlinger: id=35680 Removed Drag and Drop Input Consumer#35680 (294)
04-24 14:33:58.952 18045 18045 I HoneySpace.PageIndicatorView: change plusPage : (false, false), com.honeyspace.ui.common.pageindicator.PageIndicatorView{86857d V.E...... ........ 0,2535-1440,2659 #7f0a07a9 app:id/workspace_page_indicator}
04-24 14:33:58.952 18045 18045 I HoneySpace.PageIndicatorView: change pageCount : 6, com.honeyspace.ui.common.pageindicator.PageIndicatorView{86857d V.E...... ........ 0,2535-1440,2659 #7f0a07a9 app:id/workspace_page_indicator}
04-24 14:33:58.952 18045 18045 I HoneySpace.PageIndicatorView: setMarkersCount : 6, isAnimated : true, existMinusOnePage : false existPlusPage : false
04-24 14:33:58.953 18045 18045 I HoneySpace.PageIndicatorView: needFakeZeroPageMarker state : 12, minusOnePageEnable : true, existMinusOnePage : false
04-24 14:33:58.953 18045 18045 I HoneySpace.PageIndicatorView: add minusOnePageMarker
04-24 14:33:58.953 18045 18045 I HoneySpace.PageIndicatorMarker: changeColorForBg state : 12, darkFont : false
04-24 14:33:58.954 18045 18045 I HoneySpace.PageIndicatorMarker: changeColorForBg state : 12, darkFont : false
04-24 14:33:58.954 18045 18045 I HoneySpace.PageIndicatorMarker: changeColorForBg state : 12, darkFont : false
04-24 14:33:58.954 18045 18045 I HoneySpace.PageIndicatorMarker: changeColorForBg state : 12, darkFont : false
04-24 14:33:58.954 18045 18045 I HoneySpace.PageIndicatorMarker: changeColorForBg state : 12, darkFont : false
04-24 14:33:58.954 18045 18045 I HoneySpace.PageIndicatorMarker: changeColorForBg state : 12, darkFont : false
04-24 14:33:58.954 18045 18045 I HoneySpace.PageIndicatorMarker: changeColorForBg state : 12, darkFont : false
--
04-24 14:34:04.451  3338  4387 I AppWidgetServiceImpl: removeWidgetLocked, widget: AppWidgetId{96:Host{HostId{user:0, app:10141, hostId:1024, pkg:com.sec.android.app.launcher}}:Provider{ProviderId{user:0, app:10622, cmp:ComponentInfo{com.healthtrackerapp/com.healthtrackerapp.widgets.providers.AppointmentWidgetProvider}}}}, widget id: 96, Callers: com.android.server.appwidget.AppWidgetServiceImpl.deleteWidgetsLocked:79 com.android.server.appwidget.AppWidgetServiceImpl.removeHostsAndProvidersForPackageLocked:92 com.android.server.appwidget.AppWidgetServiceImpl.-$$Nest$monPackageBroadcastReceived:308 com.android.server.appwidget.AppWidgetServiceImpl$1.onReceive:212 android.app.LoadedApk$ReceiverDispatcher$Args.lambda$getRunnable$0:1981 android.app.LoadedApk$ReceiverDispatcher$Args.$r8$lambda$mcNAAl1SQ4MyJPyDg8TJ2x2h0Rk:0 android.app.LoadedApk$ReceiverDispatcher$Args$$ExternalSyntheticLambda0.run:0 
04-24 14:34:04.451 13856 13877 E ActivityThread: Failed to find provider info for com.azure.authenticator.microsoft.identity.broker
04-24 14:34:04.452  3338  5167 D PackageManager: setEnabledSetting : userId = 0 packageName = com.facebook.katana cmp = com.facebook.timeline.stagingground.WorkProfilePictureShareActivityAlias newState = 2 callingPackage = com.facebook.katana
04-24 14:34:04.452  3338  4387 I AppWidgetServiceImpl: removeWidgetLocked, widget: AppWidgetId{95:Host{HostId{user:0, app:10141, hostId:1024, pkg:com.sec.android.app.launcher}}:Provider{ProviderId{user:0, app:10622, cmp:ComponentInfo{com.healthtrackerapp/com.healthtrackerapp.widgets.providers.AppointmentWidgetProvider}}}}, widget id: 95, Callers: com.android.server.appwidget.AppWidgetServiceImpl.deleteWidgetsLocked:79 com.android.server.appwidget.AppWidgetServiceImpl.removeHostsAndProvidersForPackageLocked:92 com.android.server.appwidget.AppWidgetServiceImpl.-$$Nest$monPackageBroadcastReceived:308 com.android.server.appwidget.AppWidgetServiceImpl$1.onReceive:212 android.app.LoadedApk$ReceiverDispatcher$Args.lambda$getRunnable$0:1981 android.app.LoadedApk$ReceiverDispatcher$Args.$r8$lambda$mcNAAl1SQ4MyJPyDg8TJ2x2h0Rk:0 android.app.LoadedApk$ReceiverDispatcher$Args$$ExternalSyntheticLambda0.run:0 
04-24 14:34:04.452  4607  4737 I SatelliteAppTracker: onPackageRemoved : com.healthtrackerapp
04-24 14:34:04.453 13856 13878 E ActivityThread: Failed to find provider info for com.azure.authenticator.microsoft.identity.broker
04-24 14:34:04.453  1330 14031 E keystore2: system/security/keystore2/src/keystore2_main.rs:74 - !@ [SQLITE3] 30: open db: flags=33554438, /data/misc/keystore/vpnprofilestore.sqlite
04-24 14:34:04.454  1330 14031 E keystore2: system/security/keystore2/src/keystore2_main.rs:74 - !@ [SQLITE3] 30: close db /data/misc/keystore/vpnprofilestore.sqlite.
04-24 14:34:04.454  1330 12481 E keystore2: system/security/keystore2/src/keystore2_main.rs:74 - !@ [SQLITE3] 30: close db /data/misc/keystore/vpnprofilestore.sqlite.
04-24 14:34:04.454  2208  2208 I SurfaceFlinger: RequestedLayer [WindowToken{8da1d59 type=2005 android.os.Binder@6c6eda0}#35701] hidden!! flag  from(1) --> to(0)
04-24 14:34:04.454  3338  4404 D BackgroundInstallControlService: Package event received: 0
04-24 14:34:04.454  3338  4343 E AppOps  : attributionTag VCN not declared in manifest of android
04-24 14:34:04.454  2208  2208 I SurfaceFlinger: [WindowToken{8da1d59 type=2005 android.os.Binder@6c6eda0}#35701] attach to parent LayerHierarchy{RequestedLayerState{Leaf:20:21#30 parentId=29} 1 children}
04-24 14:34:04.454  3338  8686 E TaskPersister: File error accessing recents directory (directory doesn't exist?).
04-24 14:34:04.454  3338  8686 E TaskPersister: File error accessing recents directory (directory doesn't exist?).
04-24 14:34:04.456  3338  4387 D AppWidgetServiceImpl: handleNotifyUpdateAppWidget, appWidgetId = 96
04-24 14:34:04.456  3338  4387 D AppWidgetServiceImpl: Trying to notify widget update for package null with widget id: 96
04-24 14:34:04.456  3338  4387 D AppWidgetServiceImpl: Trying to notify widget removed
04-24 14:34:04.456  4607  4648 D EuiccConnector: handleMessage: E msg.what=1
04-24 14:34:04.456  4607  4648 D EuiccConnector: processMsg: ConnectedState
04-24 14:34:04.456  4607  4648 D EuiccConnector: processMsg: DisconnectedState
04-24 14:34:04.457  3338  4387 D AppWidgetServiceImpl: handleNotifyUpdateAppWidget, appWidgetId = 95
04-24 14:34:04.457  3338  4387 D AppWidgetServiceImpl: Trying to notify widget update for package null with widget id: 95
04-24 14:34:04.457  3338  4387 D AppWidgetServiceImpl: Trying to notify widget removed
04-24 14:34:04.457  3338  4387 D AppWidgetServiceImpl: Trying to notify widget providers changed
04-24 14:34:04.457  3338  4319 W WifiService: Couldn't get PackageInfo for package:com.healthtrackerapp
04-24 14:34:04.457  3338  4319 D WifiService: Remove settings for package:com.healthtrackerapp
04-24 14:34:04.457  3338  4026 D SEP_UNION_SemDeviceInfoManagerService: onReceive : android.intent.action.PACKAGE_REMOVED, userId = 0 
04-24 14:34:04.457 18045 18045 I AppWidgetHost: updateAppWidgetView, appWidgetId = 96, v = com.honeyspace.ui.common.widget.HoneyAppWidgetHostView{603f565 VFE...... R......D 31,31-1233,835} - span boundary: (4, 2) ~ (5, 6), appWidgetSize: 0, flag: 3, lastAppliedInfo: RemoteViewInfo(packages=com.healthtrackerapp), cachedImageView: false
04-24 14:34:04.457 18045 18045 I HoneySpace.HoneyAppWidgetHostView: [updateAppWidget id=96] receive event - isAnimating: false, remoteViews: null, hostView: @603f565
04-24 14:34:04.457 18045 18045 I HoneySpace.HoneyAppWidgetHostView: [updateAppWidget id=96] direct update - false
04-24 14:34:04.457 18045 18045 I HoneySpace.HoneyAppWidgetHostView: [updateAppWidget id=96] perform updateAppWidget - remoteViews: null, hostView: @603f565
04-24 14:34:04.458 18045 18045 I GWT:HostView: [launcher] [host-1.1.6] getDefaultView com.healthtrackerapp.widgets.providers.AppointmentWidgetProvider large / colorful
04-24 14:34:04.458 18045 18045 W ziparchive: Unable to open '/data/app/~~DtZx5xdi2zHNrbNGwpEYUA==/com.healthtrackerapp-YnoNA7A6nQZ5Y0H4mnFtiw==/base.apk': No such file or directory
04-24 14:34:04.458 18045 18045 E id.app.launcher: Failed to open APK '/data/app/~~DtZx5xdi2zHNrbNGwpEYUA==/com.healthtrackerapp-YnoNA7A6nQZ5Y0H4mnFtiw==/base.apk': I/O error
04-24 14:34:04.459 18045 18045 W ResourcesManager: failed to preload asset path '/data/app/~~DtZx5xdi2zHNrbNGwpEYUA==/com.healthtrackerapp-YnoNA7A6nQZ5Y0H4mnFtiw==/base.apk'
04-24 14:34:04.459 18045 18045 W ResourcesManager: java.io.IOException: Failed to load asset path /data/app/~~DtZx5xdi2zHNrbNGwpEYUA==/com.healthtrackerapp-YnoNA7A6nQZ5Y0H4mnFtiw==/base.apk
04-24 14:34:04.459 18045 18045 W ResourcesManager: 	at android.content.res.ApkAssets.nativeLoad(Native Method)
04-24 14:34:04.459 18045 18045 W ResourcesManager: 	at android.content.res.ApkAssets.<init>(ApkAssets.java:322)
04-24 14:34:04.459 18045 18045 W ResourcesManager: 	at android.content.res.ApkAssets.loadFromPath(ApkAssets.java:171)
04-24 14:34:04.459 18045 18045 W ResourcesManager: 	at android.app.ResourcesManager.loadApkAssets(ResourcesManager.java:684)
04-24 14:34:04.459 18045 18045 W ResourcesManager: 	at android.app.ResourcesManager$ApkAssetsSupplier.load(ResourcesManager.java:330)
04-24 14:34:04.459 18045 18045 W ResourcesManager: 	at android.app.ResourcesManager.createApkAssetsSupplierNotLocked(ResourcesManager.java:1410)
04-24 14:34:04.459 18045 18045 W ResourcesManager: 	at android.app.ResourcesManager.getResources(ResourcesManager.java:1568)
04-24 14:34:04.459 18045 18045 W ResourcesManager: 	at android.app.ResourcesManager.getResources(ResourcesManager.java:1515)
04-24 14:34:04.459 18045 18045 W ResourcesManager: 	at android.app.ContextImpl.createResources(ContextImpl.java:2845)
04-24 14:34:04.459 18045 18045 W ResourcesManager: 	at android.app.ContextImpl.createResources(ContextImpl.java:2810)
04-24 14:34:04.459 18045 18045 W ResourcesManager: 	at android.app.ContextImpl.createApplicationContextAsUser(ContextImpl.java:2880)
04-24 14:34:04.459 18045 18045 W ResourcesManager: 	at android.app.ContextImpl.createApplicationContext(ContextImpl.java:2863)
04-24 14:34:04.459 18045 18045 W ResourcesManager: 	at android.content.ContextWrapper.createApplicationContext(ContextWrapper.java:1162)
04-24 14:34:04.459 18045 18045 W ResourcesManager: 	at android.appwidget.AppWidgetHostView.getRemoteContextEnsuringCorrectCachedApkPath(AppWidgetHostView.java:914)
04-24 14:34:04.459 18045 18045 W ResourcesManager: 	at android.appwidget.AppWidgetHostView.getDefaultView(AppWidgetHostView.java:1032)
04-24 14:34:04.459 18045 18045 W ResourcesManager: 	at androidx.glance.oneui.host.GlanceAppWidgetHostView.getDefaultView(Unknown Source:60)
04-24 14:34:04.459 18045 18045 W ResourcesManager: 	at com.honeyspace.ui.common.widget.HoneyAppWidgetHostView.getDefaultView(Unknown Source:17)
04-24 14:34:04.459 18045 18045 W ResourcesManager: 	at android.appwidget.AppWidgetHostView.applyRemoteViews(AppWidgetHostView.java:663)
04-24 14:34:04.459 18045 18045 W ResourcesManager: 	at android.appwidget.AppWidgetHostView.updateAppWidget(AppWidgetHostView.java:617)
04-24 14:34:04.459 18045 18045 W ResourcesManager: 	at androidx.glance.oneui.host.GlanceAppWidgetHostView.updateAppWidget(Unknown Source:45)
04-24 14:34:04.459 18045 18045 W ResourcesManager: 	at com.honeyspace.ui.common.widget.HoneyAppWidgetHostView.updateAppWidgetInternal(Unknown Source:180)
04-24 14:34:04.459 18045 18045 W ResourcesManager: 	at com.honeyspace.ui.common.widget.HoneyAppWidgetHostView.updateAppWidget(Unknown Source:125)
04-24 14:34:04.459 18045 18045 W ResourcesManager: 	at android.appwidget.AppWidgetHost.updateAppWidgetView(AppWidgetHost.java:723)
04-24 14:34:04.459 18045 18045 W ResourcesManager: 	at android.appwidget.AppWidgetHost$UpdateHandler.handleMessage(AppWidgetHost.java:167)
04-24 14:34:04.459 18045 18045 W ResourcesManager: 	at android.os.Handler.dispatchMessage(Handler.java:110)
04-24 14:34:04.459 18045 18045 W ResourcesManager: 	at android.os.Looper.loopOnce(Looper.java:273)
--
04-24 14:34:04.461 18045 18045 W AppWidgetHostView: Error inflating AppWidget AppWidgetProviderInfo(UserHandle{0}/ComponentInfo{com.healthtrackerapp/com.healthtrackerapp.widgets.providers.AppointmentWidgetProvider})
04-24 14:34:04.461 18045 18045 W AppWidgetHostView: android.content.res.Resources$NotFoundException: Resource ID #0x7f0b0075 type #0x10 is not valid
04-24 14:34:04.461 18045 18045 W AppWidgetHostView: 	at android.content.res.Resources.loadXmlResourceParser(Resources.java:2609)
04-24 14:34:04.461 18045 18045 W AppWidgetHostView: 	at android.content.res.Resources.getLayout(Resources.java:1318)
04-24 14:34:04.461 18045 18045 W AppWidgetHostView: 	at android.view.LayoutInflater.inflate(LayoutInflater.java:466)
04-24 14:34:04.461 18045 18045 W AppWidgetHostView: 	at android.appwidget.AppWidgetHostView.getDefaultView(AppWidgetHostView.java:1051)
04-24 14:34:04.461 18045 18045 W AppWidgetHostView: 	at androidx.glance.oneui.host.GlanceAppWidgetHostView.getDefaultView(Unknown Source:60)
04-24 14:34:04.461 18045 18045 W AppWidgetHostView: 	at com.honeyspace.ui.common.widget.HoneyAppWidgetHostView.getDefaultView(Unknown Source:17)
04-24 14:34:04.461 18045 18045 W AppWidgetHostView: 	at android.appwidget.AppWidgetHostView.applyRemoteViews(AppWidgetHostView.java:663)
04-24 14:34:04.461 18045 18045 W AppWidgetHostView: 	at android.appwidget.AppWidgetHostView.updateAppWidget(AppWidgetHostView.java:617)
04-24 14:34:04.461 18045 18045 W AppWidgetHostView: 	at androidx.glance.oneui.host.GlanceAppWidgetHostView.updateAppWidget(Unknown Source:45)
04-24 14:34:04.461 18045 18045 W AppWidgetHostView: 	at com.honeyspace.ui.common.widget.HoneyAppWidgetHostView.updateAppWidgetInternal(Unknown Source:180)
04-24 14:34:04.461 18045 18045 W AppWidgetHostView: 	at com.honeyspace.ui.common.widget.HoneyAppWidgetHostView.updateAppWidget(Unknown Source:125)
04-24 14:34:04.461 18045 18045 W AppWidgetHostView: 	at android.appwidget.AppWidgetHost.updateAppWidgetView(AppWidgetHost.java:723)
04-24 14:34:04.461 18045 18045 W AppWidgetHostView: 	at android.appwidget.AppWidgetHost$UpdateHandler.handleMessage(AppWidgetHost.java:167)
04-24 14:34:04.461 18045 18045 W AppWidgetHostView: 	at android.os.Handler.dispatchMessage(Handler.java:110)
04-24 14:34:04.461 18045 18045 W AppWidgetHostView: 	at android.os.Looper.loopOnce(Looper.java:273)
04-24 14:34:04.461 18045 18045 W AppWidgetHostView: 	at android.os.Looper.loop(Looper.java:363)
04-24 14:34:04.461 18045 18045 W AppWidgetHostView: 	at android.app.ActivityThread.main(ActivityThread.java:10060)
04-24 14:34:04.461 18045 18045 W AppWidgetHostView: 	at java.lang.reflect.Method.invoke(Native Method)
04-24 14:34:04.461 18045 18045 W AppWidgetHostView: 	at com.android.internal.os.RuntimeInit$MethodAndArgsCaller.run(RuntimeInit.java:632)
04-24 14:34:04.461 18045 18045 W AppWidgetHostView: 	at com.android.internal.os.ZygoteInit.main(ZygoteInit.java:975)
04-24 14:34:04.461  4607  4607 D CarrierSvcBindHelper: No carrier app for: 1
04-24 14:34:04.461 18045 18045 I HoneySpace.HoneyAppWidgetHostView: prepareView appWidgetId : 96
04-24 14:34:04.462 18045 18045 I AppWidgetHost: updateAppWidgetView, appWidgetId = 95, v = com.honeyspace.ui.common.widget.HoneyAppWidgetHostView{17a046c VFE...... R......D 31,31-1233,1274} - span boundary: (4, 2) ~ (5, 6), appWidgetSize: 0, flag: 3, lastAppliedInfo: RemoteViewInfo(packages=com.healthtrackerapp), cachedImageView: false
04-24 14:34:04.462 18045 18045 I HoneySpace.HoneyAppWidgetHostView: [updateAppWidget id=95] receive event - isAnimating: false, remoteViews: null, hostView: @17a046c
04-24 14:34:04.462 18045 18045 I HoneySpace.HoneyAppWidgetHostView: [updateAppWidget id=95] direct update - false
04-24 14:34:04.462 18045 18045 I HoneySpace.HoneyAppWidgetHostView: [updateAppWidget id=95] perform updateAppWidget - remoteViews: null, hostView: @17a046c
04-24 14:34:04.462 18045 18045 I GWT:HostView: [launcher] [host-1.1.6] getDefaultView com.healthtrackerapp.widgets.providers.AppointmentWidgetProvider large / colorful
04-24 14:34:04.462 18045 18045 W ziparchive: Unable to open '/data/app/~~DtZx5xdi2zHNrbNGwpEYUA==/com.healthtrackerapp-YnoNA7A6nQZ5Y0H4mnFtiw==/base.apk': No such file or directory
04-24 14:34:04.462 18045 18045 E id.app.launcher: Failed to open APK '/data/app/~~DtZx5xdi2zHNrbNGwpEYUA==/com.healthtrackerapp-YnoNA7A6nQZ5Y0H4mnFtiw==/base.apk': I/O error
04-24 14:34:04.462 18045 18045 W ResourcesManager: failed to preload asset path '/data/app/~~DtZx5xdi2zHNrbNGwpEYUA==/com.healthtrackerapp-YnoNA7A6nQZ5Y0H4mnFtiw==/base.apk'
04-24 14:34:04.462 18045 18045 W ResourcesManager: java.io.IOException: Failed to load asset path /data/app/~~DtZx5xdi2zHNrbNGwpEYUA==/com.healthtrackerapp-YnoNA7A6nQZ5Y0H4mnFtiw==/base.apk
04-24 14:34:04.462 18045 18045 W ResourcesManager: 	at android.content.res.ApkAssets.nativeLoad(Native Method)
04-24 14:34:04.462 18045 18045 W ResourcesManager: 	at android.content.res.ApkAssets.<init>(ApkAssets.java:322)
04-24 14:34:04.462 18045 18045 W ResourcesManager: 	at android.content.res.ApkAssets.loadFromPath(ApkAssets.java:171)
04-24 14:34:04.462 18045 18045 W ResourcesManager: 	at android.app.ResourcesManager.loadApkAssets(ResourcesManager.java:684)
04-24 14:34:04.462 18045 18045 W ResourcesManager: 	at android.app.ResourcesManager$ApkAssetsSupplier.load(ResourcesManager.java:330)
04-24 14:34:04.462 18045 18045 W ResourcesManager: 	at android.app.ResourcesManager.createApkAssetsSupplierNotLocked(ResourcesManager.java:1410)
04-24 14:34:04.462 18045 18045 W ResourcesManager: 	at android.app.ResourcesManager.getResources(ResourcesManager.java:1568)
04-24 14:34:04.462 18045 18045 W ResourcesManager: 	at android.app.ResourcesManager.getResources(ResourcesManager.java:1515)
04-24 14:34:04.462 18045 18045 W ResourcesManager: 	at android.app.ContextImpl.createResources(ContextImpl.java:2845)
04-24 14:34:04.462 18045 18045 W ResourcesManager: 	at android.app.ContextImpl.createResources(ContextImpl.java:2810)
04-24 14:34:04.462 18045 18045 W ResourcesManager: 	at android.app.ContextImpl.createApplicationContextAsUser(ContextImpl.java:2880)
04-24 14:34:04.462 18045 18045 W ResourcesManager: 	at android.app.ContextImpl.createApplicationContext(ContextImpl.java:2863)
04-24 14:34:04.462 18045 18045 W ResourcesManager: 	at android.content.ContextWrapper.createApplicationContext(ContextWrapper.java:1162)
04-24 14:34:04.462 18045 18045 W ResourcesManager: 	at android.appwidget.AppWidgetHostView.getRemoteContextEnsuringCorrectCachedApkPath(AppWidgetHostView.java:914)
04-24 14:34:04.462 18045 18045 W ResourcesManager: 	at android.appwidget.AppWidgetHostView.getDefaultView(AppWidgetHostView.java:1032)
04-24 14:34:04.462 18045 18045 W ResourcesManager: 	at androidx.glance.oneui.host.GlanceAppWidgetHostView.getDefaultView(Unknown Source:60)
04-24 14:34:04.462 18045 18045 W ResourcesManager: 	at com.honeyspace.ui.common.widget.HoneyAppWidgetHostView.getDefaultView(Unknown Source:17)
04-24 14:34:04.462 18045 18045 W ResourcesManager: 	at android.appwidget.AppWidgetHostView.applyRemoteViews(AppWidgetHostView.java:663)
04-24 14:34:04.462 18045 18045 W ResourcesManager: 	at android.appwidget.AppWidgetHostView.updateAppWidget(AppWidgetHostView.java:617)
04-24 14:34:04.462 18045 18045 W ResourcesManager: 	at androidx.glance.oneui.host.GlanceAppWidgetHostView.updateAppWidget(Unknown Source:45)
04-24 14:34:04.462 18045 18045 W ResourcesManager: 	at com.honeyspace.ui.common.widget.HoneyAppWidgetHostView.updateAppWidgetInternal(Unknown Source:180)
04-24 14:34:04.462 18045 18045 W ResourcesManager: 	at com.honeyspace.ui.common.widget.HoneyAppWidgetHostView.updateAppWidget(Unknown Source:125)
04-24 14:34:04.462 18045 18045 W ResourcesManager: 	at android.appwidget.AppWidgetHost.updateAppWidgetView(AppWidgetHost.java:723)
04-24 14:34:04.462 18045 18045 W ResourcesManager: 	at android.appwidget.AppWidgetHost$UpdateHandler.handleMessage(AppWidgetHost.java:167)
04-24 14:34:04.462 18045 18045 W ResourcesManager: 	at android.os.Handler.dispatchMessage(Handler.java:110)
04-24 14:34:04.462 18045 18045 W ResourcesManager: 	at android.os.Looper.loopOnce(Looper.java:273)
--
04-24 14:34:04.463 18045 18045 W AppWidgetHostView: Error inflating AppWidget AppWidgetProviderInfo(UserHandle{0}/ComponentInfo{com.healthtrackerapp/com.healthtrackerapp.widgets.providers.AppointmentWidgetProvider})
04-24 14:34:04.463 18045 18045 W AppWidgetHostView: android.content.res.Resources$NotFoundException: Resource ID #0x7f0b0075 type #0x10 is not valid
04-24 14:34:04.463 18045 18045 W AppWidgetHostView: 	at android.content.res.Resources.loadXmlResourceParser(Resources.java:2609)
04-24 14:34:04.463 18045 18045 W AppWidgetHostView: 	at android.content.res.Resources.getLayout(Resources.java:1318)
04-24 14:34:04.463 18045 18045 W AppWidgetHostView: 	at android.view.LayoutInflater.inflate(LayoutInflater.java:466)
04-24 14:34:04.463 18045 18045 W AppWidgetHostView: 	at android.appwidget.AppWidgetHostView.getDefaultView(AppWidgetHostView.java:1051)
04-24 14:34:04.463 18045 18045 W AppWidgetHostView: 	at androidx.glance.oneui.host.GlanceAppWidgetHostView.getDefaultView(Unknown Source:60)
04-24 14:34:04.463 18045 18045 W AppWidgetHostView: 	at com.honeyspace.ui.common.widget.HoneyAppWidgetHostView.getDefaultView(Unknown Source:17)
04-24 14:34:04.463 18045 18045 W AppWidgetHostView: 	at android.appwidget.AppWidgetHostView.applyRemoteViews(AppWidgetHostView.java:663)
04-24 14:34:04.463 18045 18045 W AppWidgetHostView: 	at android.appwidget.AppWidgetHostView.updateAppWidget(AppWidgetHostView.java:617)
04-24 14:34:04.463 18045 18045 W AppWidgetHostView: 	at androidx.glance.oneui.host.GlanceAppWidgetHostView.updateAppWidget(Unknown Source:45)
04-24 14:34:04.463 18045 18045 W AppWidgetHostView: 	at com.honeyspace.ui.common.widget.HoneyAppWidgetHostView.updateAppWidgetInternal(Unknown Source:180)
04-24 14:34:04.463 18045 18045 W AppWidgetHostView: 	at com.honeyspace.ui.common.widget.HoneyAppWidgetHostView.updateAppWidget(Unknown Source:125)
04-24 14:34:04.463 18045 18045 W AppWidgetHostView: 	at android.appwidget.AppWidgetHost.updateAppWidgetView(AppWidgetHost.java:723)
04-24 14:34:04.463 18045 18045 W AppWidgetHostView: 	at android.appwidget.AppWidgetHost$UpdateHandler.handleMessage(AppWidgetHost.java:167)
04-24 14:34:04.463 18045 18045 W AppWidgetHostView: 	at android.os.Handler.dispatchMessage(Handler.java:110)
04-24 14:34:04.463 18045 18045 W AppWidgetHostView: 	at android.os.Looper.loopOnce(Looper.java:273)
04-24 14:34:04.463 18045 18045 W AppWidgetHostView: 	at android.os.Looper.loop(Looper.java:363)
04-24 14:34:04.463 18045 18045 W AppWidgetHostView: 	at android.app.ActivityThread.main(ActivityThread.java:10060)
04-24 14:34:04.463 18045 18045 W AppWidgetHostView: 	at java.lang.reflect.Method.invoke(Native Method)
04-24 14:34:04.463 18045 18045 W AppWidgetHostView: 	at com.android.internal.os.RuntimeInit$MethodAndArgsCaller.run(RuntimeInit.java:632)
04-24 14:34:04.463 18045 18045 W AppWidgetHostView: 	at com.android.internal.os.ZygoteInit.main(ZygoteInit.java:975)
04-24 14:34:04.463 18045 18045 I HoneySpace.HoneyAppWidgetHostView: prepareView appWidgetId : 95
04-24 14:34:04.463 18045 18045 I HoneySpace.HoneyAppWidgetHost: onProvidersChanged
04-24 14:34:04.464 18045 18045 I HoneySpace.WorkspaceFastRecyclerViewAdapter: onItemRangeRemoved id = 290958, screen = 13
04-24 14:34:04.464 18045 18045 I HoneySpace.WorkspaceCellLayout: removeView [2] (0,4) view=com.honeyspace.ui.common.widget.WidgetHostViewContainer{ea1e68c VFE...CL. ......ID 0,1464-1064,2196} - HealthTrackerApp, appWidgetId=96, alpha=1.0, spanX=4, spanY=2, isStandardized: false, lastLabel: null, lastCornerRadius: null, lastBackgroundOpacity: 0, lastTransparent: true, x=0, y=4
04-24 14:34:04.464 18045 18045 I HoneySpace.DataCache: deleteItem : id=290958, title=null, type=WIDGET, containerType=ITEM_GROUP, containerId=13, x=0, y=4, rank=-1, spanX=4, spanY=2, scale=1.0, component=com.healthtrackerapp/.widgets.providers.AppointmentWidgetProvider, profileId=0, intent=null, restored=0, hidden=UNHIDDEN, appWidgetId=96, options=0, refPackageName=null (workspace) onAppWidgetRemoved by service
04-24 14:34:04.465 18045 18045 I HoneySpace.VisibleWidgetManager: unregister : widgetId: 96
04-24 14:34:04.465 18045 18045 I HoneySpace.WorkspaceFastRecyclerViewAdapter: onItemRangeRemoved id = 290957, screen = 13
04-24 14:34:04.465 18045 18143 I HoneySpace.DataCache: delete item : (workspace) onAppWidgetRemoved by service - WIDGET / 290958 / 13 / com.healthtrackerapp/.widgets.providers.AppointmentWidgetProvider / 96 / 0
04-24 14:34:04.465 18045 18045 I HoneySpace.WorkspaceCellLayout: removeView [2] (0,0) view=com.honeyspace.ui.common.widget.WidgetHostViewContainer{6db2734 VFE...CL. ......ID 0,0-1064,1098} - HealthTrackerApp, appWidgetId=95, alpha=1.0, spanX=4, spanY=3, isStandardized: false, lastLabel: null, lastCornerRadius: null, lastBackgroundOpacity: 0, lastTransparent: true, x=0, y=0
04-24 14:34:04.465 18045 18045 I HoneySpace.DataCache: deleteItem : id=290957, title=null, type=WIDGET, containerType=ITEM_GROUP, containerId=13, x=0, y=0, rank=-1, spanX=4, spanY=3, scale=1.0, component=com.healthtrackerapp/.widgets.providers.AppointmentWidgetProvider, profileId=0, intent=null, restored=0, hidden=UNHIDDEN, appWidgetId=95, options=0, refPackageName=null (workspace) onAppWidgetRemoved by service
04-24 14:34:04.465 18045 18045 I HoneySpace.VisibleWidgetManager: unregister : widgetId: 95
04-24 14:34:04.466  5161  5161 D PanelSplitOpenAnimator: onPanelExpansionChanged : 0.0 state : 0
04-24 14:34:04.466  5161  5161 D PanelSplitOpenAnimator: setPosition : 0.0 // true false false 0.0
04-24 14:34:04.467 18045 18143 I HoneySpace.DataCache: delete item : (workspace) onAppWidgetRemoved by service - WIDGET / 290957 / 13 / com.healthtrackerapp/.widgets.providers.AppointmentWidgetProvider / 95 / 0
04-24 14:34:04.468 13856 13950 E ActivityThread: Failed to find provider info for com.azure.authenticator.microsoft.identity.broker
04-24 14:34:04.468  3338  4026 D ActivityManager: Received BROADCAST intent 0xbb3be81 Key{broadcastIntent pkg=com.android.systemui intent=act=com.samsung.android.app.edgelighting.PACKAGE_REMOVED xflg=0x4 cmp=com.android.systemui/.edgelighting.EdgeLightingReceiver$1 flags=0x2000000 u=0} requestCode=0 sent=0 from uid 1000
04-24 14:34:04.468  3338  4026 D SEP_UNION_SemDeviceInfoManagerService: Send intent com.samsung.android.app.edgelighting.PACKAGE_REMOVED, userId: 0 by broadcast 
04-24 14:34:04.476  3338  7558 D PackageManager: setEnabledSetting : userId = 0 packageName = com.microsoft.appmanager cmp = com.microsoft.appmanager.quicksettings.WindowsLinkTileService newState = 2 callingPackage = com.microsoft.appmanager
04-24 14:34:04.476  3338  4642 D PackageManager: setEnabledSetting : userId = 0 packageName = com.microsoft.appmanager cmp = com.microsoft.appmanager.receiver.LocaleChangeReceiver newState = 2 callingPackage = com.microsoft.appmanager
04-24 14:34:04.477  3338  4319 I PasspointManager: No app ops listener found for com.healthtrackerapp
04-24 14:34:04.478  8117  8117 I [AirCmd]_AirCommandApplication: onReceive : android.intent.action.PACKAGE_REMOVED
04-24 14:34:04.479 31636 31636 I Finsky  : [2] ajaw - Received: android.intent.action.PACKAGE_REMOVED, [xLzKCF6bRoT46zyeo5ibuH407anHBmgVoMpIhK2EK8Y]
04-24 14:34:04.480  5901  6026 I PackageInfoManager_FLP: action : ACTION_PACKAGE_REMOVED, packageName = com.healthtrackerapp
04-24 14:34:04.481  3338  4026 D ActivityManager: Received BROADCAST intent 0x8599b26 Key{broadcastIntent pkg=com.samsung.android.provider.filterprovider intent=act=com.samsung.android.provider.filterprovider.INTENT_PACKAGE_REMOVED xflg=0x4 cmp=com.samsung.android.provider.filterprovider/.PackageIntentReceiver flags=0x2000000 u=0} requestCode=0 sent=0 from uid 1000
04-24 14:34:04.481  3338  4026 D SEP_UNION_SemDeviceInfoManagerService: Send intent com.samsung.android.provider.filterprovider.INTENT_PACKAGE_REMOVED, userId: 0 by broadcast 
04-24 14:34:04.481  8117  8117 I [AirCmd]_ShortcutListController: onReceive : android.intent.action.PACKAGE_REMOVED pkg = com.healthtrackerapp
04-24 14:34:04.482 13856 13878 E ActivityThread: Failed to find provider info for com.azure.authenticator.microsoft.identity.broker
04-24 14:34:04.482  4972  4972 I MediaPlayerList: mPackageChangedBroadcastReceiver: action: android.intent.action.PACKAGE_REMOVED
04-24 14:34:04.483 13726 13803 I OneAuthLog: [OneAuth:0002:Info::00000000] [Common] [2026-04-24 12:34:04 - thread_id: 686, correlation_id: UNSET - Android 36] Received successful result from Broker Content Provider.   
04-24 14:34:04.484 13726 13803 I OneAuthLog: [OneAuth:0002:Info::00000000] [Common] [2026-04-24 12:34:04 - thread_id: 686, correlation_id: UNSET - Android 36] Removing cache key   
04-24 14:34:04.484 13726 13839 I OneAuthLog: [MSAL:0004]	INFO   	LogTelemetryData:478	Printing Telemetry for Correlation ID: 09594286-6dfd-4564-9255-0239ecd1fc9d
04-24 14:34:04.484 13726 13839 I OneAuthLog: [MSAL:0004]	INFO   	LogTelemetryData:486	Key: device_idle_mode, Value: NotInDozeMode
04-24 14:34:04.484 13726 13839 I OneAuthLog: [MSAL:0004]	INFO   	LogTelemetryData:486	Key: stop_time, Value: 2026-04-24T12:34:04.000Z
04-24 14:34:04.484 13726 13839 I OneAuthLog: [MSAL:0004]	INFO   	LogTelemetryData:486	Key: request_duration, Value: 1014
04-24 14:34:04.484 13726 13839 I OneAuthLog: [MSAL:0004]	INFO   	LogTelemetryData:486	Key: broker_power_optimization, Value: OptOut
04-24 14:34:04.484 13726 13839 I OneAuthLog: [MSAL:0004]	INFO   	LogTelemetryData:486	Key: was_request_throttled, Value: false
04-24 14:34:04.484 13726 13839 I OneAuthLog: [MSAL:0004]	INFO   	LogTelemetryData:486	Key: authority_type, Value: Unknown
04-24 14:34:04.484 13726 13839 I OneAuthLog: [MSAL:0004]	INFO   	LogTelemetryData:486	Key: broker_app_used, Value: false
04-24 14:34:04.484 13726 13839 I OneAuthLog: [MSAL:0004]	INFO   	LogTelemetryData:486	Key: api_name, Value: ReadDeviceInfo
04-24 14:34:04.484 13726 13839 I OneAuthLog: [MSAL:0004]	INFO   	LogTelemetryData:486	Key: msal_version, Value: 9.2.4
04-24 14:34:04.484 13726 13839 I OneAuthLog: [MSAL:0004]	INFO   	LogTelemetryData:486	Key: start_time, Value: 2026-04-24T12:34:03.000Z
04-24 14:34:04.484 13726 13839 I OneAuthLog: [MSAL:0004]	INFO   	LogTelemetryData:486	Key: client_id, Value: undefined
04-24 14:34:04.484 13726 13839 I OneAuthLog: [MSAL:0004]	INFO   	LogTelemetryData:486	Key: correlation_id, Value: 09594286-6dfd-4564-9255-0239ecd1fc9d
04-24 14:34:04.484 13726 13839 I OneAuthLog: [MSAL:0004]	INFO   	LogTelemetryData:491	Printing Execution Flow:
--
04-24 14:35:19.105 15998 15998 E WindowManager: Couldn't add view: android.widget.PopupWindow$PopupDecorView{1a10676 V.E...... R.....I. 0,0-0,0}
04-24 14:35:19.105 15998 15998 E WindowManager: android.view.WindowManager$BadTokenException: Unable to add window -- token null is not valid; is your activity running?
04-24 14:35:19.105 15998 15998 E WindowManager: 	at android.view.ViewRootImpl.setView(ViewRootImpl.java:2042)
04-24 14:35:19.105 15998 15998 E WindowManager: 	at android.view.WindowManagerGlobal.addView(WindowManagerGlobal.java:604)
04-24 14:35:19.105 15998 15998 E WindowManager: 	at android.view.WindowManagerImpl.addView(WindowManagerImpl.java:158)
04-24 14:35:19.105 15998 15998 E WindowManager: 	at android.widget.PopupWindow.invokePopup(PopupWindow.java:1692)
04-24 14:35:19.105 15998 15998 E WindowManager: 	at android.widget.PopupWindow.showAtLocation(PopupWindow.java:1418)
04-24 14:35:19.105 15998 15998 E WindowManager: 	at android.widget.PopupWindow.showAtLocation(PopupWindow.java:1384)
04-24 14:35:19.105 15998 15998 E WindowManager: 	at com.facebook.react.devsupport.DefaultDevLoadingViewImplementation.showInternal(DefaultDevLoadingViewImplementation.kt:148)
04-24 14:35:19.105 15998 15998 E WindowManager: 	at com.facebook.react.devsupport.DefaultDevLoadingViewImplementation.showMessage$lambda$0(DefaultDevLoadingViewImplementation.kt:50)
04-24 14:35:19.105 15998 15998 E WindowManager: 	at com.facebook.react.devsupport.DefaultDevLoadingViewImplementation.$r8$lambda$rdWVX5QrGUmEjCcjBrWuy86IyRY(Unknown Source:0)
04-24 14:35:19.105 15998 15998 E WindowManager: 	at com.facebook.react.devsupport.DefaultDevLoadingViewImplementation$$ExternalSyntheticLambda4.run(D8$$SyntheticClass:0)
04-24 14:35:19.105 15998 15998 E WindowManager: 	at android.os.Handler.handleCallback(Handler.java:995)
04-24 14:35:19.105 15998 15998 E WindowManager: 	at android.os.Handler.dispatchMessage(Handler.java:103)
04-24 14:35:19.105 15998 15998 E WindowManager: 	at android.os.Looper.loopOnce(Looper.java:273)
04-24 14:35:19.105 15998 15998 E WindowManager: 	at android.os.Looper.loop(Looper.java:363)
04-24 14:35:19.105 15998 15998 E WindowManager: 	at android.app.ActivityThread.main(ActivityThread.java:10060)
04-24 14:35:19.105 15998 15998 E WindowManager: 	at java.lang.reflect.Method.invoke(Native Method)
04-24 14:35:19.105 15998 15998 E WindowManager: 	at com.android.internal.os.RuntimeInit$MethodAndArgsCaller.run(RuntimeInit.java:632)
04-24 14:35:19.105 15998 15998 E WindowManager: 	at com.android.internal.os.ZygoteInit.main(ZygoteInit.java:975)
04-24 14:35:19.105 15998 15998 I WindowManager: WindowManagerGlobal#removeView, ty=1000, view=android.widget.PopupWindow$PopupDecorView{1a10676 V.E...... R.....I. 0,0-0,0}, caller=android.view.WindowManagerGlobal.addView:611 android.view.WindowManagerImpl.addView:158 android.widget.PopupWindow.invokePopup:1692 
04-24 14:35:19.105 15998 16076 D HWUI    : CacheManager::trimMemory(20)
04-24 14:35:19.106 15998 15998 E unknown:ReactNative: Unable to display loading message because react activity isn't active, message: Loading from localhost:8081…
04-24 14:35:19.106 15998 15998 I IDS_TAG : Background Changed updated UI for IDS
04-24 14:35:19.108 15998 15998 I IDS_TAG : Background Changed updated UI for IDS
04-24 14:35:19.109 15998 15998 I IDS_TAG : View Inflated updated UI for IDS
04-24 14:35:19.109 15998 15998 I IDS_TAG : Background Color Changed updated UI for IDS
04-24 14:35:19.109 15998 15998 I WindowManager: WindowManagerGlobal#addView, ty=1000, view=android.widget.PopupWindow$PopupDecorView{f6c2314 V.E...... R.....I. 0,0-0,0}, caller=android.view.WindowManagerImpl.addView:158 android.widget.PopupWindow.invokePopup:1692 android.widget.PopupWindow.showAtLocation:1418 
04-24 14:35:19.109 15998 15998 D ViewRootImpl: desktopMode is false
04-24 14:35:19.110 15998 15998 I ViewRootImpl: dVRR is disabled
04-24 14:35:19.110 15998 16076 D NativeCustomFrequencyManager: [NativeCFMS] BpCustomFrequencyManager::BpCustomFrequencyManager()
--
04-24 14:35:19.112 15998 15998 E WindowManager: Couldn't add view: android.widget.PopupWindow$PopupDecorView{f6c2314 V.E...... R.....I. 0,0-0,0}
04-24 14:35:19.112 15998 15998 E WindowManager: android.view.WindowManager$BadTokenException: Unable to add window -- token null is not valid; is your activity running?
04-24 14:35:19.112 15998 15998 E WindowManager: 	at android.view.ViewRootImpl.setView(ViewRootImpl.java:2042)
04-24 14:35:19.112 15998 15998 E WindowManager: 	at android.view.WindowManagerGlobal.addView(WindowManagerGlobal.java:604)
04-24 14:35:19.112 15998 15998 E WindowManager: 	at android.view.WindowManagerImpl.addView(WindowManagerImpl.java:158)
04-24 14:35:19.112 15998 15998 E WindowManager: 	at android.widget.PopupWindow.invokePopup(PopupWindow.java:1692)
04-24 14:35:19.112 15998 15998 E WindowManager: 	at android.widget.PopupWindow.showAtLocation(PopupWindow.java:1418)
04-24 14:35:19.112 15998 15998 E WindowManager: 	at android.widget.PopupWindow.showAtLocation(PopupWindow.java:1384)
04-24 14:35:19.112 15998 15998 E WindowManager: 	at com.facebook.react.devsupport.DefaultDevLoadingViewImplementation.showInternal(DefaultDevLoadingViewImplementation.kt:148)
04-24 14:35:19.112 15998 15998 E WindowManager: 	at com.facebook.react.devsupport.DefaultDevLoadingViewImplementation.showMessage$lambda$0(DefaultDevLoadingViewImplementation.kt:50)
04-24 14:35:19.112 15998 15998 E WindowManager: 	at com.facebook.react.devsupport.DefaultDevLoadingViewImplementation.$r8$lambda$rdWVX5QrGUmEjCcjBrWuy86IyRY(Unknown Source:0)
04-24 14:35:19.112 15998 15998 E WindowManager: 	at com.facebook.react.devsupport.DefaultDevLoadingViewImplementation$$ExternalSyntheticLambda4.run(D8$$SyntheticClass:0)
04-24 14:35:19.112 15998 15998 E WindowManager: 	at android.os.Handler.handleCallback(Handler.java:995)
04-24 14:35:19.112 15998 15998 E WindowManager: 	at android.os.Handler.dispatchMessage(Handler.java:103)
04-24 14:35:19.112 15998 15998 E WindowManager: 	at android.os.Looper.loopOnce(Looper.java:273)
04-24 14:35:19.112 15998 15998 E WindowManager: 	at android.os.Looper.loop(Looper.java:363)
04-24 14:35:19.112 15998 15998 E WindowManager: 	at android.app.ActivityThread.main(ActivityThread.java:10060)
04-24 14:35:19.112 15998 15998 E WindowManager: 	at java.lang.reflect.Method.invoke(Native Method)
04-24 14:35:19.112 15998 15998 E WindowManager: 	at com.android.internal.os.RuntimeInit$MethodAndArgsCaller.run(RuntimeInit.java:632)
04-24 14:35:19.112 15998 15998 E WindowManager: 	at com.android.internal.os.ZygoteInit.main(ZygoteInit.java:975)
04-24 14:35:19.112 15998 15998 I WindowManager: WindowManagerGlobal#removeView, ty=1000, view=android.widget.PopupWindow$PopupDecorView{f6c2314 V.E...... R.....I. 0,0-0,0}, caller=android.view.WindowManagerGlobal.addView:611 android.view.WindowManagerImpl.addView:158 android.widget.PopupWindow.invokePopup:1692 
04-24 14:35:19.112 15998 16076 D HWUI    : CacheManager::trimMemory(20)
04-24 14:35:19.112 15998 15998 E unknown:ReactNative: Unable to display loading message because react activity isn't active, message: Reloading...
04-24 14:35:19.112 15998 16076 D HWUI    : HWUI - treat SMPTE_170M as sRGB
04-24 14:35:19.113 15998 15998 I IDS_TAG : Closing IDS observe window
04-24 14:35:19.113 15998 15998 I IDS_TAG : Getting Shared Preference for com.healthtrackerapp.MainApplication@63e3a53 uid = 10623
04-24 14:35:19.113 15998 15998 I IDS_TAG : IDS disabled for com.healthtrackerapp.MainApplication@63e3a53
04-24 14:35:19.113 15998 15998 I IDS_TAG : IDS count updated to -1 for com.healthtrackerapp.MainApplication@63e3a53
04-24 14:35:19.115  3338  7557 D CoreBackPreview: Window{bef4b00 u0 com.healthtrackerapp/com.healthtrackerapp.MainActivity}: Setting back callback OnBackInvokedCallbackInfo{mCallback=android.window.IOnBackInvokedCallback$Stub$Proxy@45c0f8a, mPriority=-1, mIsAnimationCallback=false, mOverrideBehavior=0}
04-24 14:35:19.115  3338  7557 D CoreBackPreview: Window{bef4b00 u0 com.healthtrackerapp/com.healthtrackerapp.MainActivity}: Setting back callback OnBackInvokedCallbackInfo{mCallback=android.window.IOnBackInvokedCallback$Stub$Proxy@6aad9fb, mPriority=0, mIsAnimationCallback=true, mOverrideBehavior=0}
04-24 14:35:19.118  3338  5332 I WindowManager: Relayout Window{bef4b00 u0 com.healthtrackerapp/com.healthtrackerapp.MainActivity}: viewVisibility=0 req=1440x3088 ty=1 d0
--
04-24 14:35:20.837 18045  6888 I HoneySpace.PackageSourceImpl: addWidgetToList add key:com.healthtrackerapp/.#UserHandle{0}  info:AppWidgetProviderInfo(UserHandle{0}/ComponentInfo{com.healthtrackerapp/com.healthtrackerapp.widgets.providers.AppointmentWidgetProvider})
04-24 14:35:20.837 18045  6888 I HoneySpace.PackageSourceImpl: package added info list size : 1
04-24 14:35:20.838 18045 10794 I HoneySpace.HoneySpacePackageSourceImpl: Package added : com.healthtrackerapp
04-24 14:35:20.838 18045 10794 I HoneySpace.HistoryViewModel@215619076@OneUI: handlePackageEvent
04-24 14:35:20.838 18045 10794 I HoneySpace.HistoryViewModel@215619076@OneUI: skip for alone
04-24 14:35:20.839 18045 18045 I HoneySpace.PackageOperationTracker: onPackageChanged - com.healthtrackerapp UserHandle{0}
04-24 14:35:20.839  8318  8318 I [MCFDs]_AppStatusHelper: updateStatus - packageName:*.h*al*, isAvailable:false
04-24 14:35:20.842  3338  4149 I AppWidgetServiceImpl: getInstalledProvidersForProfiles lock in com.healthtrackerapp
04-24 14:35:20.842  3338  4149 I AppWidgetServiceImpl: getInstalledProvidersForProfiles lock exit 3
04-24 14:35:20.844 18045 12484 I HoneySpace.PackageSourceImpl: addWidgetToList make key:com.healthtrackerapp/.#UserHandle{0}  info:AppWidgetProviderInfo(UserHandle{0}/ComponentInfo{com.healthtrackerapp/com.healthtrackerapp.widgets.providers.RoutineWidgetProvider})
04-24 14:35:20.844 18045 12484 I HoneySpace.PackageSourceImpl: addWidgetToList add key:com.healthtrackerapp/.#UserHandle{0}  info:AppWidgetProviderInfo(UserHandle{0}/ComponentInfo{com.healthtrackerapp/com.healthtrackerapp.widgets.providers.AsNeededWidgetProvider})
04-24 14:35:20.844 18045 18045 I HoneySpace.PackageChangedCallbackImpl: onPackageChanged: com.healthtrackerapp / UserHandle{0}
04-24 14:35:20.844 18045 18045 I HoneySpace.HoneySpaceManagerContainer: packageUpdateEvent - com.honeyspace.sdk.source.entity.PackageOperation$Added@1e67d9e
04-24 14:35:20.846 18045 10794 I HoneySpace.FilteredItemProvider[ArchivedApps]: updateArchivedApps: []
04-24 14:35:20.846 18045 12484 I HoneySpace.PackageSourceImpl: addWidgetToList add key:com.healthtrackerapp/.#UserHandle{0}  info:AppWidgetProviderInfo(UserHandle{0}/ComponentInfo{com.healthtrackerapp/com.healthtrackerapp.widgets.providers.AppointmentWidgetProvider})
04-24 14:35:20.846  3338  4149 D PackageManager: setEnabledSetting : userId = 0 packageName = com.healthtrackerapp cmp = androidx.work.impl.background.systemalarm.RescheduleReceiver newState = 1 callingPackage = com.healthtrackerapp
04-24 14:35:20.846  3338  4149 D ApplicationPolicy: getApplicationStateEnabled : pkg = com.healthtrackerapp userId : 0
04-24 14:35:20.846  3338  4149 D ApplicationPolicy: getApplicationComponentState : pkg = com.healthtrackerapp userId : 0
04-24 14:35:20.846 18045 12484 I HoneySpace.IconCache: remove icon cache & DB : com.healthtrackerapp UserHandle{0}
04-24 14:35:20.848 18045 12484 I HoneySpace.IconCache: removeSpecificIconDb: com.healthtrackerapp UserHandle{0}
04-24 14:35:20.849  2208  2481 I CompositionEngine: [setDisplaySize] size=(573, 53)
04-24 14:35:20.856  3338  4149 D PackageManager: setEnabledSetting : userId = 0 packageName = com.healthtrackerapp cmp = androidx.work.impl.background.systemalarm.RescheduleReceiver newState = 1 callingPackage = com.healthtrackerapp
04-24 14:35:20.856  3338  4149 D ApplicationPolicy: getApplicationStateEnabled : pkg = com.healthtrackerapp userId : 0
04-24 14:35:20.856  3338  4149 D ApplicationPolicy: getApplicationComponentState : pkg = com.healthtrackerapp userId : 0
